Archive member included to satisfy reference by file (symbol)

D:/arm-none-eabi-gcc/arm-gnu-toolchain-13.2.rel1-mingw-w64-i686-arm-none-eabi/arm-gnu-toolchain-13.2.Rel1-mingw-w64-i686-arm-none-eabi/bin/../lib/gcc/arm-none-eabi/13.2.1/thumb/v7e-m+fp/hard\libc_nano.a(libc_a-exit.o)
                              D:/arm-none-eabi-gcc/arm-gnu-toolchain-13.2.rel1-mingw-w64-i686-arm-none-eabi/arm-gnu-toolchain-13.2.Rel1-mingw-w64-i686-arm-none-eabi/bin/../lib/gcc/arm-none-eabi/13.2.1/thumb/v7e-m+fp/hard/crt0.o (exit)
D:/arm-none-eabi-gcc/arm-gnu-toolchain-13.2.rel1-mingw-w64-i686-arm-none-eabi/arm-gnu-toolchain-13.2.Rel1-mingw-w64-i686-arm-none-eabi/bin/../lib/gcc/arm-none-eabi/13.2.1/thumb/v7e-m+fp/hard\libc_nano.a(libc_a-findfp.o)
                              D:/arm-none-eabi-gcc/arm-gnu-toolchain-13.2.rel1-mingw-w64-i686-arm-none-eabi/arm-gnu-toolchain-13.2.Rel1-mingw-w64-i686-arm-none-eabi/bin/../lib/gcc/arm-none-eabi/13.2.1/thumb/v7e-m+fp/hard\libc_nano.a(libc_a-exit.o) (__stdio_exit_handler)
D:/arm-none-eabi-gcc/arm-gnu-toolchain-13.2.rel1-mingw-w64-i686-arm-none-eabi/arm-gnu-toolchain-13.2.Rel1-mingw-w64-i686-arm-none-eabi/bin/../lib/gcc/arm-none-eabi/13.2.1/thumb/v7e-m+fp/hard\libc_nano.a(libc_a-fwalk.o)
                              D:/arm-none-eabi-gcc/arm-gnu-toolchain-13.2.rel1-mingw-w64-i686-arm-none-eabi/arm-gnu-toolchain-13.2.Rel1-mingw-w64-i686-arm-none-eabi/bin/../lib/gcc/arm-none-eabi/13.2.1/thumb/v7e-m+fp/hard\libc_nano.a(libc_a-findfp.o) (_fwalk_sglue)
D:/arm-none-eabi-gcc/arm-gnu-toolchain-13.2.rel1-mingw-w64-i686-arm-none-eabi/arm-gnu-toolchain-13.2.Rel1-mingw-w64-i686-arm-none-eabi/bin/../lib/gcc/arm-none-eabi/13.2.1/thumb/v7e-m+fp/hard\libc_nano.a(libc_a-stdio.o)
                              D:/arm-none-eabi-gcc/arm-gnu-toolchain-13.2.rel1-mingw-w64-i686-arm-none-eabi/arm-gnu-toolchain-13.2.Rel1-mingw-w64-i686-arm-none-eabi/bin/../lib/gcc/arm-none-eabi/13.2.1/thumb/v7e-m+fp/hard\libc_nano.a(libc_a-findfp.o) (__sread)
D:/arm-none-eabi-gcc/arm-gnu-toolchain-13.2.rel1-mingw-w64-i686-arm-none-eabi/arm-gnu-toolchain-13.2.Rel1-mingw-w64-i686-arm-none-eabi/bin/../lib/gcc/arm-none-eabi/13.2.1/thumb/v7e-m+fp/hard\libc_nano.a(libc_a-memset.o)
                              D:/arm-none-eabi-gcc/arm-gnu-toolchain-13.2.rel1-mingw-w64-i686-arm-none-eabi/arm-gnu-toolchain-13.2.Rel1-mingw-w64-i686-arm-none-eabi/bin/../lib/gcc/arm-none-eabi/13.2.1/thumb/v7e-m+fp/hard/crt0.o (memset)
D:/arm-none-eabi-gcc/arm-gnu-toolchain-13.2.rel1-mingw-w64-i686-arm-none-eabi/arm-gnu-toolchain-13.2.Rel1-mingw-w64-i686-arm-none-eabi/bin/../lib/gcc/arm-none-eabi/13.2.1/thumb/v7e-m+fp/hard\libc_nano.a(libc_a-closer.o)
                              D:/arm-none-eabi-gcc/arm-gnu-toolchain-13.2.rel1-mingw-w64-i686-arm-none-eabi/arm-gnu-toolchain-13.2.Rel1-mingw-w64-i686-arm-none-eabi/bin/../lib/gcc/arm-none-eabi/13.2.1/thumb/v7e-m+fp/hard\libc_nano.a(libc_a-stdio.o) (_close_r)
D:/arm-none-eabi-gcc/arm-gnu-toolchain-13.2.rel1-mingw-w64-i686-arm-none-eabi/arm-gnu-toolchain-13.2.Rel1-mingw-w64-i686-arm-none-eabi/bin/../lib/gcc/arm-none-eabi/13.2.1/thumb/v7e-m+fp/hard\libc_nano.a(libc_a-reent.o)
                              D:/arm-none-eabi-gcc/arm-gnu-toolchain-13.2.rel1-mingw-w64-i686-arm-none-eabi/arm-gnu-toolchain-13.2.Rel1-mingw-w64-i686-arm-none-eabi/bin/../lib/gcc/arm-none-eabi/13.2.1/thumb/v7e-m+fp/hard\libc_nano.a(libc_a-closer.o) (errno)
D:/arm-none-eabi-gcc/arm-gnu-toolchain-13.2.rel1-mingw-w64-i686-arm-none-eabi/arm-gnu-toolchain-13.2.Rel1-mingw-w64-i686-arm-none-eabi/bin/../lib/gcc/arm-none-eabi/13.2.1/thumb/v7e-m+fp/hard\libc_nano.a(libc_a-impure.o)
                              D:/arm-none-eabi-gcc/arm-gnu-toolchain-13.2.rel1-mingw-w64-i686-arm-none-eabi/arm-gnu-toolchain-13.2.Rel1-mingw-w64-i686-arm-none-eabi/bin/../lib/gcc/arm-none-eabi/13.2.1/thumb/v7e-m+fp/hard\libc_nano.a(libc_a-reent.o) (_impure_ptr)
D:/arm-none-eabi-gcc/arm-gnu-toolchain-13.2.rel1-mingw-w64-i686-arm-none-eabi/arm-gnu-toolchain-13.2.Rel1-mingw-w64-i686-arm-none-eabi/bin/../lib/gcc/arm-none-eabi/13.2.1/thumb/v7e-m+fp/hard\libc_nano.a(libc_a-lseekr.o)
                              D:/arm-none-eabi-gcc/arm-gnu-toolchain-13.2.rel1-mingw-w64-i686-arm-none-eabi/arm-gnu-toolchain-13.2.Rel1-mingw-w64-i686-arm-none-eabi/bin/../lib/gcc/arm-none-eabi/13.2.1/thumb/v7e-m+fp/hard\libc_nano.a(libc_a-stdio.o) (_lseek_r)
D:/arm-none-eabi-gcc/arm-gnu-toolchain-13.2.rel1-mingw-w64-i686-arm-none-eabi/arm-gnu-toolchain-13.2.Rel1-mingw-w64-i686-arm-none-eabi/bin/../lib/gcc/arm-none-eabi/13.2.1/thumb/v7e-m+fp/hard\libc_nano.a(libc_a-readr.o)
                              D:/arm-none-eabi-gcc/arm-gnu-toolchain-13.2.rel1-mingw-w64-i686-arm-none-eabi/arm-gnu-toolchain-13.2.Rel1-mingw-w64-i686-arm-none-eabi/bin/../lib/gcc/arm-none-eabi/13.2.1/thumb/v7e-m+fp/hard\libc_nano.a(libc_a-stdio.o) (_read_r)
[...]
Memory Configuration

Name             Origin             Length             Attributes
RAM              0x20000000         0x00050000         xrw
FLASH            0x08000000         0x00100000         xr
*default*        0x00000000         0xffffffff

Linker script and memory map

LOAD D:/arm-none-eabi-gcc/arm-gnu-toolchain-13.2.rel1-mingw-w64-i686-arm-none-eabi/arm-gnu-toolchain-13.2.Rel1-mingw-w64-i686-arm-none-eabi/bin/../lib/gcc/arm-none-eabi/13.2.1/thumb/v7e-m+fp/hard/crti.o
LOAD D:/arm-none-eabi-gcc/arm-gnu-toolchain-13.2.rel1-mingw-w64-i686-arm-none-eabi/arm-gnu-toolchain-13.2.Rel1-mingw-w64-i686-arm-none-eabi/bin/../lib/gcc/arm-none-eabi/13.2.1/thumb/v7e-m+fp/hard/crtbegin.o
LOAD D:/arm-none-eabi-gcc/arm-gnu-toolchain-13.2.rel1-mingw-w64-i686-arm-none-eabi/arm-gnu-toolchain-13.2.Rel1-mingw-w64-i686-arm-none-eabi/bin/../lib/gcc/arm-none-eabi/13.2.1/thumb/v7e-m+fp/hard/crt0.o
LOAD build/gpio.o
LOAD build/usart.o
LOAD build/stm32f7xx_it.o
LOAD build/stm32f7xx_hal_msp.o
LOAD build/stm32f7xx_hal.o
LOAD build/stm32f7xx_hal_cortex.o
LOAD build/stm32f7xx_hal_tim.o
LOAD build/stm32f7xx_hal_tim_ex.o
LOAD build/stm32f7xx_hal_uart.o
LOAD build/stm32f7xx_hal_uart_ex.o
LOAD build/stm32f7xx_hal_rcc.o
LOAD build/stm32f7xx_hal_rcc_ex.o
LOAD build/stm32f7xx_hal_flash.o
LOAD build/stm32f7xx_hal_flash_ex.o
LOAD build/stm32f7xx_hal_gpio.o
LOAD build/stm32f7xx_hal_dma.o
LOAD build/stm32f7xx_hal_dma_ex.o
LOAD build/stm32f7xx_hal_pwr.o
LOAD build/stm32f7xx_hal_pwr_ex.o
LOAD build/stm32f7xx_hal_i2c.o
LOAD build/stm32f7xx_hal_i2c_ex.o
LOAD build/stm32f7xx_hal_exti.o
LOAD build/stm32f7xx_hal_sd.o
LOAD build/stm32f7xx_hal_sdram.o
LOAD build/stm32f7xx_ll_sdmmc.o
LOAD build/stm32f7xx_ll_fmc.o
LOAD build/stm32f7xx_hal_dma2d.o
LOAD build/stm32f7xx_hal_ltdc.o
LOAD build/stm32f7xx_hal_ltdc_ex.o
LOAD build/stm32f7xx_hal_dcmi.o
LOAD build/stm32f7xx_hal_dcmi_ex.o
LOAD build/stm32746g_discovery.o
LOAD build/stm32746g_discovery_sd.o
LOAD build/stm32746g_discovery_lcd.o
LOAD build/stm32746g_discovery_sdram.o
LOAD build/stm32746g_discovery_camera.o
LOAD build/ov9655.o
LOAD build/system_stm32f7xx.o
LOAD build/main.o
LOAD build/startup_stm32f746xx.o
LOAD D:/arm-none-eabi-gcc/arm-gnu-toolchain-13.2.rel1-mingw-w64-i686-arm-none-eabi/arm-gnu-toolchain-13.2.Rel1-mingw-w64-i686-arm-none-eabi/bin/../lib/gcc/arm-none-eabi/13.2.1/thumb/v7e-m+fp/hard\libc_nano.a
LOAD D:/arm-none-eabi-gcc/arm-gnu-toolchain-13.2.rel1-mingw-w64-i686-arm-none-eabi/arm-gnu-toolchain-13.2.Rel1-mingw-w64-i686-arm-none-eabi/bin/../lib/gcc/arm-none-eabi/13.2.1/thumb/v7e-m+fp/hard\libm.a
LOAD D:/arm-none-eabi-gcc/arm-gnu-toolchain-13.2.rel1-mingw-w64-i686-arm-none-eabi/arm-gnu-toolchain-13.2.Rel1-mingw-w64-i686-arm-none-eabi/bin/../lib/gcc/arm-none-eabi/13.2.1/thumb/v7e-m+fp/hard\libnosys.a
START GROUP
LOAD D:/arm-none-eabi-gcc/arm-gnu-toolchain-13.2.rel1-mingw-w64-i686-arm-none-eabi/arm-gnu-toolchain-13.2.Rel1-mingw-w64-i686-arm-none-eabi/bin/../lib/gcc/arm-none-eabi/13.2.1/thumb/v7e-m+fp/hard\libgcc.a
LOAD D:/arm-none-eabi-gcc/arm-gnu-toolchain-13.2.rel1-mingw-w64-i686-arm-none-eabi/arm-gnu-toolchain-13.2.Rel1-mingw-w64-i686-arm-none-eabi/bin/../lib/gcc/arm-none-eabi/13.2.1/thumb/v7e-m+fp/hard\libc_nano.a
END GROUP
START GROUP
LOAD D:/arm-none-eabi-gcc/arm-gnu-toolchain-13.2.rel1-mingw-w64-i686-arm-none-eabi/arm-gnu-toolchain-13.2.Rel1-mingw-w64-i686-arm-none-eabi/bin/../lib/gcc/arm-none-eabi/13.2.1/thumb/v7e-m+fp/hard\libgcc.a
LOAD D:/arm-none-eabi-gcc/arm-gnu-toolchain-13.2.rel1-mingw-w64-i686-arm-none-eabi/arm-gnu-toolchain-13.2.Rel1-mingw-w64-i686-arm-none-eabi/bin/../lib/gcc/arm-none-eabi/13.2.1/thumb/v7e-m+fp/hard\libc_nano.a
LOAD D:/arm-none-eabi-gcc/arm-gnu-toolchain-13.2.rel1-mingw-w64-i686-arm-none-eabi/arm-gnu-toolchain-13.2.Rel1-mingw-w64-i686-arm-none-eabi/bin/../lib/gcc/arm-none-eabi/13.2.1/thumb/v7e-m+fp/hard\libnosys.a
END GROUP
START GROUP
LOAD D:/arm-none-eabi-gcc/arm-gnu-toolchain-13.2.rel1-mingw-w64-i686-arm-none-eabi/arm-gnu-toolchain-13.2.Rel1-mingw-w64-i686-arm-none-eabi/bin/../lib/gcc/arm-none-eabi/13.2.1/thumb/v7e-m+fp/hard\libgcc.a
LOAD D:/arm-none-eabi-gcc/arm-gnu-toolchain-13.2.rel1-mingw-w64-i686-arm-none-eabi/arm-gnu-toolchain-13.2.Rel1-mingw-w64-i686-arm-none-eabi/bin/../lib/gcc/arm-none-eabi/13.2.1/thumb/v7e-m+fp/hard\libc_nano.a
LOAD D:/arm-none-eabi-gcc/arm-gnu-toolchain-13.2.rel1-mingw-w64-i686-arm-none-eabi/arm-gnu-toolchain-13.2.Rel1-mingw-w64-i686-arm-none-eabi/bin/../lib/gcc/arm-none-eabi/13.2.1/thumb/v7e-m+fp/hard\libnosys.a
END GROUP
LOAD D:/arm-none-eabi-gcc/arm-gnu-toolchain-13.2.rel1-mingw-w64-i686-arm-none-eabi/arm-gnu-toolchain-13.2.Rel1-mingw-w64-i686-arm-none-eabi/bin/../lib/gcc/arm-none-eabi/13.2.1/thumb/v7e-m+fp/hard/crtend.o
LOAD D:/arm-none-eabi-gcc/arm-gnu-toolchain-13.2.rel1-mingw-w64-i686-arm-none-eabi/arm-gnu-toolchain-13.2.Rel1-mingw-w64-i686-arm-none-eabi/bin/../lib/gcc/arm-none-eabi/13.2.1/thumb/v7e-m+fp/hard/crtn.o
                0x20050000                        _estack = (ORIGIN (RAM) + LENGTH (RAM))
                0x00000200                        _Min_Heap_Size = 0x200
                0x00000400                        _Min_Stack_Size = 0x400

.isr_vector     0x08000000      0x1c8
                0x08000000                        . = ALIGN (0x4)
 *(.isr_vector)
 .isr_vector    0x08000000      0x1c8 build/startup_stm32f746xx.o
                0x08000000                g_pfnVectors
                0x080001c8                        . = ALIGN (0x4)

.text           0x080001c8     0x3148
                0x080001c8                        . = ALIGN (0x4)
 *(.text)
 .text          0x080001c8       0x30 D:/arm-none-eabi-gcc/arm-gnu-toolchain-13.2.rel1-mingw-w64-i686-arm-none-eabi/arm-gnu-toolchain-13.2.Rel1-mingw-w64-i686-arm-none-eabi/bin/../lib/gcc/arm-none-eabi/13.2.1/thumb/v7e-m+fp/hard\libgcc.a(_aeabi_uldivmod.o)
                0x080001c8                __aeabi_uldivmod
 .text          0x080001f8      0x1ac D:/arm-none-eabi-gcc/arm-gnu-toolchain-13.2.rel1-mingw-w64-i686-arm-none-eabi/arm-gnu-toolchain-13.2.Rel1-mingw-w64-i686-arm-none-eabi/bin/../lib/gcc/arm-none-eabi/13.2.1/thumb/v7e-m+fp/hard\libgcc.a(libunwind.o)
                0x080001f8                __restore_core_regs
                0x080001f8                restore_core_regs
                0x08000210                __gnu_Unwind_Restore_VFP
                0x08000218                __gnu_Unwind_Save_VFP
                0x08000220                __gnu_Unwind_Restore_VFP_D
                0x08000228                __gnu_Unwind_Save_VFP_D
                0x08000230                __gnu_Unwind_Restore_VFP_D_16_to_31
                0x08000238                __gnu_Unwind_Save_VFP_D_16_to_31
                0x08000240                __gnu_Unwind_Restore_WMMXD
                0x08000284                __gnu_Unwind_Save_WMMXD
                0x080002c8                __gnu_Unwind_Restore_WMMXC
                0x080002dc                __gnu_Unwind_Save_WMMXC
                0x080002f0                ___Unwind_RaiseException
                0x080002f0                _Unwind_RaiseException
                0x08000314                _Unwind_Resume
                0x08000314                ___Unwind_Resume
                0x08000338                _Unwind_Resume_or_Rethrow
                0x08000338                ___Unwind_Resume_or_Rethrow
                0x0800035c                _Unwind_ForcedUnwind
                0x0800035c                ___Unwind_ForcedUnwind
                0x08000380                ___Unwind_Backtrace
                0x08000380                _Unwind_Backtrace
 .text          0x080003a4        0x4 D:/arm-none-eabi-gcc/arm-gnu-toolchain-13.2.rel1-mingw-w64-i686-arm-none-eabi/arm-gnu-toolchain-13.2.Rel1-mingw-w64-i686-arm-none-eabi/bin/../lib/gcc/arm-none-eabi/13.2.1/thumb/v7e-m+fp/hard\libgcc.a(_dvmd_tls.o)
                0x080003a4                __aeabi_idiv0
                0x080003a4                __aeabi_ldiv0
 *(.text*)
 .text.deregister_tm_clones
                0x080003a8       0x1c D:/arm-none-eabi-gcc/arm-gnu-toolchain-13.2.rel1-mingw-w64-i686-arm-none-eabi/arm-gnu-toolchain-13.2.Rel1-mingw-w64-i686-arm-none-eabi/bin/../lib/gcc/arm-none-eabi/13.2.1/thumb/v7e-m+fp/hard/crtbegin.o
 .text.register_tm_clones
                0x080003c4       0x24 D:/arm-none-eabi-gcc/arm-gnu-toolchain-13.2.rel1-mingw-w64-i686-arm-none-eabi/arm-gnu-toolchain-13.2.Rel1-mingw-w64-i686-arm-none-eabi/bin/../lib/gcc/arm-none-eabi/13.2.1/thumb/v7e-m+fp/hard/crtbegin.o
 .text.__do_global_dtors_aux
                0x080003e8       0x28 D:/arm-none-eabi-gcc/arm-gnu-toolchain-13.2.rel1-mingw-w64-i686-arm-none-eabi/arm-gnu-toolchain-13.2.Rel1-mingw-w64-i686-arm-none-eabi/bin/../lib/gcc/arm-none-eabi/13.2.1/thumb/v7e-m+fp/hard/crtbegin.o
 .text.frame_dummy
                0x08000410       0x24 D:/arm-none-eabi-gcc/arm-gnu-toolchain-13.2.rel1-mingw-w64-i686-arm-none-eabi/arm-gnu-toolchain-13.2.Rel1-mingw-w64-i686-arm-none-eabi/bin/../lib/gcc/arm-none-eabi/13.2.1/thumb/v7e-m+fp/hard/crtbegin.o
 .text.MX_GPIO_Init
                0x08000434       0xc4 build/gpio.o
                0x08000434                MX_GPIO_Init
 .text.MX_USART6_UART_Init
                0x080004f8       0x38 build/usart.o
                0x080004f8                MX_USART6_UART_Init
 .text.HAL_UART_MspInit
                0x08000530       0x9c build/usart.o
                0x08000530                HAL_UART_MspInit
 .text.NMI_Handler
                0x080005cc        0x2 build/stm32f7xx_it.o
                0x080005cc                NMI_Handler
 .text.HardFault_Handler
                0x080005ce        0x2 build/stm32f7xx_it.o
                0x080005ce                HardFault_Handler
 .text.MemManage_Handler
                0x080005d0        0x2 build/stm32f7xx_it.o
                0x080005d0                MemManage_Handler
 .text.BusFault_Handler
                0x080005d2        0x2 build/stm32f7xx_it.o
                0x080005d2                BusFault_Handler
 .text.UsageFault_Handler
                0x080005d4        0x2 build/stm32f7xx_it.o
                0x080005d4                UsageFault_Handler
 .text.SVC_Handler
                0x080005d6        0x2 build/stm32f7xx_it.o
                0x080005d6                SVC_Handler
 .text.DebugMon_Handler
                0x080005d8        0x2 build/stm32f7xx_it.o
                0x080005d8                DebugMon_Handler
 .text.PendSV_Handler
                0x080005da        0x2 build/stm32f7xx_it.o
                0x080005da                PendSV_Handler
 .text.SysTick_Handler
                0x080005dc        0x8 build/stm32f7xx_it.o
                0x080005dc                SysTick_Handler
 .text.USART6_IRQHandler
                0x080005e4       0x10 build/stm32f7xx_it.o
                0x080005e4                USART6_IRQHandler
 .text.HAL_MspInit
                0x080005f4       0x3c build/stm32f7xx_hal_msp.o
                0x080005f4                HAL_MspInit
 .text.HAL_InitTick
                0x08000630       0x4c build/stm32f7xx_hal.o
                0x08000630                HAL_InitTick
 .text.HAL_Init
                0x0800067c       0x16 build/stm32f7xx_hal.o
                0x0800067c                HAL_Init
 *fill*         0x08000692        0x2 
 .text.HAL_IncTick
                0x08000694       0x18 build/stm32f7xx_hal.o
                0x08000694                HAL_IncTick
 .text.HAL_GetTick
                0x080006ac        0xc build/stm32f7xx_hal.o
                0x080006ac                HAL_GetTick
 .text.HAL_Delay
                0x080006b8       0x28 build/stm32f7xx_hal.o
                0x080006b8                HAL_Delay
 .text.__NVIC_SetPriority
                0x080006e0       0x24 build/stm32f7xx_hal_cortex.o
 .text.NVIC_EncodePriority
                0x08000704       0x3e build/stm32f7xx_hal_cortex.o
 *fill*         0x08000742        0x2 
 .text.HAL_NVIC_SetPriorityGrouping
                0x08000744       0x24 build/stm32f7xx_hal_cortex.o
                0x08000744                HAL_NVIC_SetPriorityGrouping
 .text.HAL_NVIC_SetPriority
                0x08000768       0x20 build/stm32f7xx_hal_cortex.o
                0x08000768                HAL_NVIC_SetPriority
 .text.HAL_NVIC_EnableIRQ
                0x08000788       0x1c build/stm32f7xx_hal_cortex.o
                0x08000788                HAL_NVIC_EnableIRQ
 .text.HAL_SYSTICK_Config
                0x080007a4       0x28 build/stm32f7xx_hal_cortex.o
                0x080007a4                HAL_SYSTICK_Config
 .text.UART_EndRxTransfer
                0x080007cc       0x52 build/stm32f7xx_hal_uart.o
 .text.HAL_UART_TxCpltCallback
                0x0800081e        0x2 build/stm32f7xx_hal_uart.o
                0x0800081e                HAL_UART_TxCpltCallback
 .text.UART_EndTransmit_IT
                0x08000820       0x22 build/stm32f7xx_hal_uart.o
 .text.HAL_UART_ErrorCallback
                0x08000842        0x2 build/stm32f7xx_hal_uart.o
                0x08000842                HAL_UART_ErrorCallback
 .text.UART_DMAAbortOnError
                0x08000844       0x14 build/stm32f7xx_hal_uart.o
 .text.HAL_UARTEx_RxEventCallback
                0x08000858        0x2 build/stm32f7xx_hal_uart.o
                0x08000858                HAL_UARTEx_RxEventCallback
 *fill*         0x0800085a        0x2 
 .text.HAL_UART_IRQHandler
                0x0800085c      0x2cc build/stm32f7xx_hal_uart.o
                0x0800085c                HAL_UART_IRQHandler
 .text.UART_SetConfig
                0x08000b28      0x328 build/stm32f7xx_hal_uart.o
                0x08000b28                UART_SetConfig
 .text.UART_AdvFeatureConfig
                0x08000e50       0xca build/stm32f7xx_hal_uart.o
                0x08000e50                UART_AdvFeatureConfig
 .text.UART_WaitOnFlagUntilTimeout
                0x08000f1a       0xd4 build/stm32f7xx_hal_uart.o
                0x08000f1a                UART_WaitOnFlagUntilTimeout
 .text.UART_CheckIdleState
                0x08000fee       0x4c build/stm32f7xx_hal_uart.o
                0x08000fee                UART_CheckIdleState
 .text.HAL_UART_Init
                0x0800103a       0x62 build/stm32f7xx_hal_uart.o
                0x0800103a                HAL_UART_Init
 .text.HAL_RCC_OscConfig
                0x0800109c      0x434 build/stm32f7xx_hal_rcc.o
                0x0800109c                HAL_RCC_OscConfig
 .text.HAL_RCC_GetSysClockFreq
                0x080014d0       0xa8 build/stm32f7xx_hal_rcc.o
                0x080014d0                HAL_RCC_GetSysClockFreq
 .text.HAL_RCC_ClockConfig
                0x08001578      0x16c build/stm32f7xx_hal_rcc.o
                0x08001578                HAL_RCC_ClockConfig
 .text.HAL_RCC_GetHCLKFreq
                0x080016e4        0xc build/stm32f7xx_hal_rcc.o
                0x080016e4                HAL_RCC_GetHCLKFreq
 .text.HAL_RCC_GetPCLK1Freq
                0x080016f0       0x20 build/stm32f7xx_hal_rcc.o
                0x080016f0                HAL_RCC_GetPCLK1Freq
 .text.HAL_RCC_GetPCLK2Freq
                0x08001710       0x20 build/stm32f7xx_hal_rcc.o
                0x08001710                HAL_RCC_GetPCLK2Freq
 .text.HAL_RCCEx_PeriphCLKConfig
                0x08001730      0x5ac build/stm32f7xx_hal_rcc_ex.o
                0x08001730                HAL_RCCEx_PeriphCLKConfig
 .text.HAL_GPIO_Init
                0x08001cdc      0x204 build/stm32f7xx_hal_gpio.o
                0x08001cdc                HAL_GPIO_Init
 .text.HAL_GPIO_WritePin
                0x08001ee0        0xc build/stm32f7xx_hal_gpio.o
                0x08001ee0                HAL_GPIO_WritePin
 .text.HAL_GPIO_TogglePin
                0x08001eec       0x12 build/stm32f7xx_hal_gpio.o
                0x08001eec                HAL_GPIO_TogglePin
 .text.HAL_DMA_Abort
                0x08001efe       0x94 build/stm32f7xx_hal_dma.o
                0x08001efe                HAL_DMA_Abort
 .text.HAL_DMA_Abort_IT
                0x08001f92       0x26 build/stm32f7xx_hal_dma.o
                0x08001f92                HAL_DMA_Abort_IT
 .text.HAL_PWREx_EnableOverDrive
                0x08001fb8       0x7c build/stm32f7xx_hal_pwr_ex.o
                0x08001fb8                HAL_PWREx_EnableOverDrive
 .text.SystemInit
                0x08002034       0x14 build/system_stm32f7xx.o
                0x08002034                SystemInit
 .text.Error_Handler
                0x08002048        0x4 build/main.o
                0x08002048                Error_Handler
 .text._Z18SystemClock_Configv
                0x0800204c       0xb0 build/main.o
                0x0800204c                SystemClock_Config()
 .text.main     0x080020fc       0x34 build/main.o
                0x080020fc                main
 .text.Reset_Handler
                0x08002130       0x50 build/startup_stm32f746xx.o
                0x08002130                Reset_Handler
 .text.Default_Handler
                0x08002180        0x2 build/startup_stm32f746xx.o
                0x08002180                RTC_Alarm_IRQHandler
                0x08002180                EXTI2_IRQHandler
                0x08002180                TIM8_CC_IRQHandler
                0x08002180                UART8_IRQHandler
                0x08002180                SPI4_IRQHandler
                0x08002180                TIM1_CC_IRQHandler
                0x08002180                DMA2_Stream5_IRQHandler
                0x08002180                DMA1_Stream5_IRQHandler
                0x08002180                PVD_IRQHandler
                0x08002180                TAMP_STAMP_IRQHandler
                0x08002180                CAN2_RX1_IRQHandler
                0x08002180                EXTI3_IRQHandler
                0x08002180                TIM8_TRG_COM_TIM14_IRQHandler
                0x08002180                TIM1_UP_TIM10_IRQHandler
                0x08002180                TIM8_UP_TIM13_IRQHandler
                0x08002180                I2C3_ER_IRQHandler
                0x08002180                EXTI0_IRQHandler
                0x08002180                I2C2_EV_IRQHandler
                0x08002180                DMA1_Stream2_IRQHandler
                0x08002180                CAN1_RX0_IRQHandler
                0x08002180                FPU_IRQHandler
                0x08002180                OTG_HS_WKUP_IRQHandler
                0x08002180                LTDC_ER_IRQHandler
                0x08002180                CAN2_SCE_IRQHandler
                0x08002180                DMA2_Stream2_IRQHandler
                0x08002180                SPI1_IRQHandler
                0x08002180                TIM6_DAC_IRQHandler
                0x08002180                TIM1_BRK_TIM9_IRQHandler
                0x08002180                DCMI_IRQHandler
                0x08002180                CAN2_RX0_IRQHandler
                0x08002180                DMA2_Stream3_IRQHandler
                0x08002180                SAI2_IRQHandler
                0x08002180                USART3_IRQHandler
                0x08002180                CAN1_RX1_IRQHandler
                0x08002180                UART5_IRQHandler
                0x08002180                DMA2_Stream0_IRQHandler
                0x08002180                TIM4_IRQHandler
                0x08002180                QUADSPI_IRQHandler
                0x08002180                I2C1_EV_IRQHandler
                0x08002180                DMA1_Stream6_IRQHandler
                0x08002180                DMA1_Stream1_IRQHandler
                0x08002180                UART4_IRQHandler
                0x08002180                TIM3_IRQHandler
                0x08002180                RCC_IRQHandler
                0x08002180                TIM8_BRK_TIM12_IRQHandler
                0x08002180                Default_Handler
                0x08002180                CEC_IRQHandler
                0x08002180                EXTI15_10_IRQHandler
                0x08002180                ADC_IRQHandler
                0x08002180                DMA1_Stream7_IRQHandler
                0x08002180                SPI5_IRQHandler
                0x08002180                TIM7_IRQHandler
                0x08002180                SDMMC1_IRQHandler
                0x08002180                CAN2_TX_IRQHandler
                0x08002180                TIM5_IRQHandler
                0x08002180                DMA2_Stream7_IRQHandler
                0x08002180                I2C3_EV_IRQHandler
                0x08002180                EXTI9_5_IRQHandler
                0x08002180                RTC_WKUP_IRQHandler
                0x08002180                LTDC_IRQHandler
                0x08002180                ETH_WKUP_IRQHandler
                0x08002180                SPDIF_RX_IRQHandler
                0x08002180                SPI2_IRQHandler
                0x08002180                OTG_HS_EP1_IN_IRQHandler
                0x08002180                DMA1_Stream0_IRQHandler
                0x08002180                CAN1_TX_IRQHandler
                0x08002180                EXTI4_IRQHandler
                0x08002180                RNG_IRQHandler
                0x08002180                ETH_IRQHandler
                0x08002180                OTG_HS_EP1_OUT_IRQHandler
                0x08002180                WWDG_IRQHandler
                0x08002180                SPI6_IRQHandler
                0x08002180                I2C4_EV_IRQHandler
                0x08002180                TIM2_IRQHandler
                0x08002180                OTG_FS_WKUP_IRQHandler
                0x08002180                TIM1_TRG_COM_TIM11_IRQHandler
                0x08002180                OTG_HS_IRQHandler
                0x08002180                DMA2D_IRQHandler
                0x08002180                EXTI1_IRQHandler
                0x08002180                UART7_IRQHandler
                0x08002180                USART2_IRQHandler
                0x08002180                I2C2_ER_IRQHandler
                0x08002180                DMA2_Stream1_IRQHandler
                0x08002180                CAN1_SCE_IRQHandler
                0x08002180                FLASH_IRQHandler
                0x08002180                DMA2_Stream4_IRQHandler
                0x08002180                USART1_IRQHandler
                0x08002180                OTG_FS_IRQHandler
                0x08002180                SPI3_IRQHandler
                0x08002180                DMA1_Stream4_IRQHandler
                0x08002180                I2C1_ER_IRQHandler
                0x08002180                FMC_IRQHandler
                0x08002180                LPTIM1_IRQHandler
                0x08002180                I2C4_ER_IRQHandler
                0x08002180                DMA2_Stream6_IRQHandler
                0x08002180                SAI1_IRQHandler
                0x08002180                DMA1_Stream3_IRQHandler
 .text.memset   0x08002182       0x10 D:/arm-none-eabi-gcc/arm-gnu-toolchain-13.2.rel1-mingw-w64-i686-arm-none-eabi/arm-gnu-toolchain-13.2.Rel1-mingw-w64-i686-arm-none-eabi/bin/../lib/gcc/arm-none-eabi/13.2.1/thumb/v7e-m+fp/hard\libc_nano.a(libc_a-memset.o)
                0x08002182                memset
 *fill*         0x08002192        0x2 
 .text.__libc_init_array
                0x08002194       0x48 D:/arm-none-eabi-gcc/arm-gnu-toolchain-13.2.rel1-mingw-w64-i686-arm-none-eabi/arm-gnu-toolchain-13.2.Rel1-mingw-w64-i686-arm-none-eabi/bin/../lib/gcc/arm-none-eabi/13.2.1/thumb/v7e-m+fp/hard\libc_nano.a(libc_a-init.o)
                0x08002194                __libc_init_array
 .text._exit    0x080021dc        0x4 D:/arm-none-eabi-gcc/arm-gnu-toolchain-13.2.rel1-mingw-w64-i686-arm-none-eabi/arm-gnu-toolchain-13.2.Rel1-mingw-w64-i686-arm-none-eabi/bin/../lib/gcc/arm-none-eabi/13.2.1/thumb/v7e-m+fp/hard\libnosys.a(_exit.o)
                0x080021dc                _exit
 .text.__udivmoddi4
                0x080021e0      0x2bc D:/arm-none-eabi-gcc/arm-gnu-toolchain-13.2.rel1-mingw-w64-i686-arm-none-eabi/arm-gnu-toolchain-13.2.Rel1-mingw-w64-i686-arm-none-eabi/bin/../lib/gcc/arm-none-eabi/13.2.1/thumb/v7e-m+fp/hard\libgcc.a(_udivmoddi4.o)
                0x080021e0                __udivmoddi4
 .text.selfrel_offset31
                0x0800249c       0x14 D:/arm-none-eabi-gcc/arm-gnu-toolchain-13.2.rel1-mingw-w64-i686-arm-none-eabi/arm-gnu-toolchain-13.2.Rel1-mingw-w64-i686-arm-none-eabi/bin/../lib/gcc/arm-none-eabi/13.2.1/thumb/v7e-m+fp/hard\libgcc.a(unwind-arm.o)
 .text.search_EIT_table
                0x080024b0       0x68 D:/arm-none-eabi-gcc/arm-gnu-toolchain-13.2.rel1-mingw-w64-i686-arm-none-eabi/arm-gnu-toolchain-13.2.Rel1-mingw-w64-i686-arm-none-eabi/bin/../lib/gcc/arm-none-eabi/13.2.1/thumb/v7e-m+fp/hard\libgcc.a(unwind-arm.o)
 .text.__gnu_unwind_get_pr_addr
                0x08002518       0x28 D:/arm-none-eabi-gcc/arm-gnu-toolchain-13.2.rel1-mingw-w64-i686-arm-none-eabi/arm-gnu-toolchain-13.2.Rel1-mingw-w64-i686-arm-none-eabi/bin/../lib/gcc/arm-none-eabi/13.2.1/thumb/v7e-m+fp/hard\libgcc.a(unwind-arm.o)
 .text.get_eit_entry
                0x08002540       0x98 D:/arm-none-eabi-gcc/arm-gnu-toolchain-13.2.rel1-mingw-w64-i686-arm-none-eabi/arm-gnu-toolchain-13.2.Rel1-mingw-w64-i686-arm-none-eabi/bin/../lib/gcc/arm-none-eabi/13.2.1/thumb/v7e-m+fp/hard\libgcc.a(unwind-arm.o)
 .text.restore_non_core_regs
                0x080025d8       0x58 D:/arm-none-eabi-gcc/arm-gnu-toolchain-13.2.rel1-mingw-w64-i686-arm-none-eabi/arm-gnu-toolchain-13.2.Rel1-mingw-w64-i686-arm-none-eabi/bin/../lib/gcc/arm-none-eabi/13.2.1/thumb/v7e-m+fp/hard\libgcc.a(unwind-arm.o)
 .text._Unwind_decode_typeinfo_ptr.constprop.0
                0x08002630        0xc D:/arm-none-eabi-gcc/arm-gnu-toolchain-13.2.rel1-mingw-w64-i686-arm-none-eabi/arm-gnu-toolchain-13.2.Rel1-mingw-w64-i686-arm-none-eabi/bin/../lib/gcc/arm-none-eabi/13.2.1/thumb/v7e-m+fp/hard\libgcc.a(unwind-arm.o)
 .text._Unwind_DebugHook
                0x0800263c        0x4 D:/arm-none-eabi-gcc/arm-gnu-toolchain-13.2.rel1-mingw-w64-i686-arm-none-eabi/arm-gnu-toolchain-13.2.Rel1-mingw-w64-i686-arm-none-eabi/bin/../lib/gcc/arm-none-eabi/13.2.1/thumb/v7e-m+fp/hard\libgcc.a(unwind-arm.o)
 .text.unwind_phase2
                0x08002640       0x3c D:/arm-none-eabi-gcc/arm-gnu-toolchain-13.2.rel1-mingw-w64-i686-arm-none-eabi/arm-gnu-toolchain-13.2.Rel1-mingw-w64-i686-arm-none-eabi/bin/../lib/gcc/arm-none-eabi/13.2.1/thumb/v7e-m+fp/hard\libgcc.a(unwind-arm.o)
 .text.unwind_phase2_forced
                0x0800267c       0xd8 D:/arm-none-eabi-gcc/arm-gnu-toolchain-13.2.rel1-mingw-w64-i686-arm-none-eabi/arm-gnu-toolchain-13.2.Rel1-mingw-w64-i686-arm-none-eabi/bin/../lib/gcc/arm-none-eabi/13.2.1/thumb/v7e-m+fp/hard\libgcc.a(unwind-arm.o)
 .text.__gnu_Unwind_RaiseException
                0x08002754       0x68 D:/arm-none-eabi-gcc/arm-gnu-toolchain-13.2.rel1-mingw-w64-i686-arm-none-eabi/arm-gnu-toolchain-13.2.Rel1-mingw-w64-i686-arm-none-eabi/bin/../lib/gcc/arm-none-eabi/13.2.1/thumb/v7e-m+fp/hard\libgcc.a(unwind-arm.o)
                0x08002754                __gnu_Unwind_RaiseException
 .text.__gnu_Unwind_ForcedUnwind
                0x080027bc       0x10 D:/arm-none-eabi-gcc/arm-gnu-toolchain-13.2.rel1-mingw-w64-i686-arm-none-eabi/arm-gnu-toolchain-13.2.Rel1-mingw-w64-i686-arm-none-eabi/bin/../lib/gcc/arm-none-eabi/13.2.1/thumb/v7e-m+fp/hard\libgcc.a(unwind-arm.o)
                0x080027bc                __gnu_Unwind_ForcedUnwind
 .text.__gnu_Unwind_Resume
                0x080027cc       0x44 D:/arm-none-eabi-gcc/arm-gnu-toolchain-13.2.rel1-mingw-w64-i686-arm-none-eabi/arm-gnu-toolchain-13.2.Rel1-mingw-w64-i686-arm-none-eabi/bin/../lib/gcc/arm-none-eabi/13.2.1/thumb/v7e-m+fp/hard\libgcc.a(unwind-arm.o)
                0x080027cc                __gnu_Unwind_Resume
 .text.__gnu_Unwind_Resume_or_Rethrow
                0x08002810       0x14 D:/arm-none-eabi-gcc/arm-gnu-toolchain-13.2.rel1-mingw-w64-i686-arm-none-eabi/arm-gnu-toolchain-13.2.Rel1-mingw-w64-i686-arm-none-eabi/bin/../lib/gcc/arm-none-eabi/13.2.1/thumb/v7e-m+fp/hard\libgcc.a(unwind-arm.o)
                0x08002810                __gnu_Unwind_Resume_or_Rethrow
 .text._Unwind_VRS_Get
                0x08002824       0x34 D:/arm-none-eabi-gcc/arm-gnu-toolchain-13.2.rel1-mingw-w64-i686-arm-none-eabi/arm-gnu-toolchain-13.2.Rel1-mingw-w64-i686-arm-none-eabi/bin/../lib/gcc/arm-none-eabi/13.2.1/thumb/v7e-m+fp/hard\libgcc.a(unwind-arm.o)
                0x08002824                _Unwind_VRS_Get
 .text._Unwind_GetGR
                0x08002858       0x1c D:/arm-none-eabi-gcc/arm-gnu-toolchain-13.2.rel1-mingw-w64-i686-arm-none-eabi/arm-gnu-toolchain-13.2.Rel1-mingw-w64-i686-arm-none-eabi/bin/../lib/gcc/arm-none-eabi/13.2.1/thumb/v7e-m+fp/hard\libgcc.a(unwind-arm.o)
 .text._Unwind_VRS_Set
                0x08002874       0x34 D:/arm-none-eabi-gcc/arm-gnu-toolchain-13.2.rel1-mingw-w64-i686-arm-none-eabi/arm-gnu-toolchain-13.2.Rel1-mingw-w64-i686-arm-none-eabi/bin/../lib/gcc/arm-none-eabi/13.2.1/thumb/v7e-m+fp/hard\libgcc.a(unwind-arm.o)
                0x08002874                _Unwind_VRS_Set
 .text._Unwind_SetGR
                0x080028a8       0x18 D:/arm-none-eabi-gcc/arm-gnu-toolchain-13.2.rel1-mingw-w64-i686-arm-none-eabi/arm-gnu-toolchain-13.2.Rel1-mingw-w64-i686-arm-none-eabi/bin/../lib/gcc/arm-none-eabi/13.2.1/thumb/v7e-m+fp/hard\libgcc.a(unwind-arm.o)
 .text.__gnu_Unwind_Backtrace
                0x080028c0       0x84 D:/arm-none-eabi-gcc/arm-gnu-toolchain-13.2.rel1-mingw-w64-i686-arm-none-eabi/arm-gnu-toolchain-13.2.Rel1-mingw-w64-i686-arm-none-eabi/bin/../lib/gcc/arm-none-eabi/13.2.1/thumb/v7e-m+fp/hard\libgcc.a(unwind-arm.o)
                0x080028c0                __gnu_Unwind_Backtrace
 .text.__gnu_unwind_pr_common
                0x08002944      0x2a4 D:/arm-none-eabi-gcc/arm-gnu-toolchain-13.2.rel1-mingw-w64-i686-arm-none-eabi/arm-gnu-toolchain-13.2.Rel1-mingw-w64-i686-arm-none-eabi/bin/../lib/gcc/arm-none-eabi/13.2.1/thumb/v7e-m+fp/hard\libgcc.a(unwind-arm.o)
 .text.__aeabi_unwind_cpp_pr0
                0x08002be8        0x8 D:/arm-none-eabi-gcc/arm-gnu-toolchain-13.2.rel1-mingw-w64-i686-arm-none-eabi/arm-gnu-toolchain-13.2.Rel1-mingw-w64-i686-arm-none-eabi/bin/../lib/gcc/arm-none-eabi/13.2.1/thumb/v7e-m+fp/hard\libgcc.a(unwind-arm.o)
                0x08002be8                __aeabi_unwind_cpp_pr0
 .text.__aeabi_unwind_cpp_pr1
                0x08002bf0        0x8 D:/arm-none-eabi-gcc/arm-gnu-toolchain-13.2.rel1-mingw-w64-i686-arm-none-eabi/arm-gnu-toolchain-13.2.Rel1-mingw-w64-i686-arm-none-eabi/bin/../lib/gcc/arm-none-eabi/13.2.1/thumb/v7e-m+fp/hard\libgcc.a(unwind-arm.o)
                0x08002bf0                __aeabi_unwind_cpp_pr1
 .text.__aeabi_unwind_cpp_pr2
                0x08002bf8        0x8 D:/arm-none-eabi-gcc/arm-gnu-toolchain-13.2.rel1-mingw-w64-i686-arm-none-eabi/arm-gnu-toolchain-13.2.Rel1-mingw-w64-i686-arm-none-eabi/bin/../lib/gcc/arm-none-eabi/13.2.1/thumb/v7e-m+fp/hard\libgcc.a(unwind-arm.o)
                0x08002bf8                __aeabi_unwind_cpp_pr2
 .text._Unwind_VRS_Pop
                0x08002c00      0x2f0 D:/arm-none-eabi-gcc/arm-gnu-toolchain-13.2.rel1-mingw-w64-i686-arm-none-eabi/arm-gnu-toolchain-13.2.Rel1-mingw-w64-i686-arm-none-eabi/bin/../lib/gcc/arm-none-eabi/13.2.1/thumb/v7e-m+fp/hard\libgcc.a(unwind-arm.o)
                0x08002c00                _Unwind_VRS_Pop
 .text.next_unwind_byte
                0x08002ef0       0x38 D:/arm-none-eabi-gcc/arm-gnu-toolchain-13.2.rel1-mingw-w64-i686-arm-none-eabi/arm-gnu-toolchain-13.2.Rel1-mingw-w64-i686-arm-none-eabi/bin/../lib/gcc/arm-none-eabi/13.2.1/thumb/v7e-m+fp/hard\libgcc.a(pr-support.o)
 .text.__gnu_unwind_execute
                0x08002f28      0x2fc D:/arm-none-eabi-gcc/arm-gnu-toolchain-13.2.rel1-mingw-w64-i686-arm-none-eabi/arm-gnu-toolchain-13.2.Rel1-mingw-w64-i686-arm-none-eabi/bin/../lib/gcc/arm-none-eabi/13.2.1/thumb/v7e-m+fp/hard\libgcc.a(pr-support.o)
                0x08002f28                __gnu_unwind_execute
 .text.abort    0x08003224        0xe D:/arm-none-eabi-gcc/arm-gnu-toolchain-13.2.rel1-mingw-w64-i686-arm-none-eabi/arm-gnu-toolchain-13.2.Rel1-mingw-w64-i686-arm-none-eabi/bin/../lib/gcc/arm-none-eabi/13.2.1/thumb/v7e-m+fp/hard\libc_nano.a(libc_a-abort.o)
                0x08003224                abort
 .text._raise_r
                0x08003232       0x50 D:/arm-none-eabi-gcc/arm-gnu-toolchain-13.2.rel1-mingw-w64-i686-arm-none-eabi/arm-gnu-toolchain-13.2.Rel1-mingw-w64-i686-arm-none-eabi/bin/../lib/gcc/arm-none-eabi/13.2.1/thumb/v7e-m+fp/hard\libc_nano.a(libc_a-signal.o)
                0x08003232                _raise_r
 *fill*         0x08003282        0x2 
 .text.raise    0x08003284       0x10 D:/arm-none-eabi-gcc/arm-gnu-toolchain-13.2.rel1-mingw-w64-i686-arm-none-eabi/arm-gnu-toolchain-13.2.Rel1-mingw-w64-i686-arm-none-eabi/bin/../lib/gcc/arm-none-eabi/13.2.1/thumb/v7e-m+fp/hard\libc_nano.a(libc_a-signal.o)
                0x08003284                raise
 .text._kill_r  0x08003294       0x24 D:/arm-none-eabi-gcc/arm-gnu-toolchain-13.2.rel1-mingw-w64-i686-arm-none-eabi/arm-gnu-toolchain-13.2.Rel1-mingw-w64-i686-arm-none-eabi/bin/../lib/gcc/arm-none-eabi/13.2.1/thumb/v7e-m+fp/hard\libc_nano.a(libc_a-signalr.o)
                0x08003294                _kill_r
 .text._getpid_r
                0x080032b8        0x4 D:/arm-none-eabi-gcc/arm-gnu-toolchain-13.2.rel1-mingw-w64-i686-arm-none-eabi/arm-gnu-toolchain-13.2.Rel1-mingw-w64-i686-arm-none-eabi/bin/../lib/gcc/arm-none-eabi/13.2.1/thumb/v7e-m+fp/hard\libc_nano.a(libc_a-signalr.o)
                0x080032b8                _getpid_r
 .text.memcpy   0x080032bc       0x1c D:/arm-none-eabi-gcc/arm-gnu-toolchain-13.2.rel1-mingw-w64-i686-arm-none-eabi/arm-gnu-toolchain-13.2.Rel1-mingw-w64-i686-arm-none-eabi/bin/../lib/gcc/arm-none-eabi/13.2.1/thumb/v7e-m+fp/hard\libc_nano.a(libc_a-memcpy-stub.o)
                0x080032bc                memcpy
 .text._getpid  0x080032d8       0x10 D:/arm-none-eabi-gcc/arm-gnu-toolchain-13.2.rel1-mingw-w64-i686-arm-none-eabi/arm-gnu-toolchain-13.2.Rel1-mingw-w64-i686-arm-none-eabi/bin/../lib/gcc/arm-none-eabi/13.2.1/thumb/v7e-m+fp/hard\libnosys.a(getpid.o)
                0x080032d8                _getpid
 .text._kill    0x080032e8       0x10 D:/arm-none-eabi-gcc/arm-gnu-toolchain-13.2.rel1-mingw-w64-i686-arm-none-eabi/arm-gnu-toolchain-13.2.Rel1-mingw-w64-i686-arm-none-eabi/bin/../lib/gcc/arm-none-eabi/13.2.1/thumb/v7e-m+fp/hard\libnosys.a(kill.o)
                0x080032e8                _kill
 *(.glue_7)
 .glue_7        0x080032f8        0x0 linker stubs
 *(.glue_7t)
 .glue_7t       0x080032f8        0x0 linker stubs
 *(.eh_frame)
 .eh_frame      0x080032f8        0x0 D:/arm-none-eabi-gcc/arm-gnu-toolchain-13.2.rel1-mingw-w64-i686-arm-none-eabi/arm-gnu-toolchain-13.2.Rel1-mingw-w64-i686-arm-none-eabi/bin/../lib/gcc/arm-none-eabi/13.2.1/thumb/v7e-m+fp/hard/crtbegin.o
 *(.init)
 .init          0x080032f8        0x4 D:/arm-none-eabi-gcc/arm-gnu-toolchain-13.2.rel1-mingw-w64-i686-arm-none-eabi/arm-gnu-toolchain-13.2.Rel1-mingw-w64-i686-arm-none-eabi/bin/../lib/gcc/arm-none-eabi/13.2.1/thumb/v7e-m+fp/hard/crti.o
                0x080032f8                _init
 .init          0x080032fc        0x8 D:/arm-none-eabi-gcc/arm-gnu-toolchain-13.2.rel1-mingw-w64-i686-arm-none-eabi/arm-gnu-toolchain-13.2.Rel1-mingw-w64-i686-arm-none-eabi/bin/../lib/gcc/arm-none-eabi/13.2.1/thumb/v7e-m+fp/hard/crtn.o
 *(.fini)
 .fini          0x08003304        0x4 D:/arm-none-eabi-gcc/arm-gnu-toolchain-13.2.rel1-mingw-w64-i686-arm-none-eabi/arm-gnu-toolchain-13.2.Rel1-mingw-w64-i686-arm-none-eabi/bin/../lib/gcc/arm-none-eabi/13.2.1/thumb/v7e-m+fp/hard/crti.o
                0x08003304                _fini
 .fini          0x08003308        0x8 D:/arm-none-eabi-gcc/arm-gnu-toolchain-13.2.rel1-mingw-w64-i686-arm-none-eabi/arm-gnu-toolchain-13.2.Rel1-mingw-w64-i686-arm-none-eabi/bin/../lib/gcc/arm-none-eabi/13.2.1/thumb/v7e-m+fp/hard/crtn.o
                0x08003310                        . = ALIGN (0x4)
                0x08003310                        _etext = .

.vfp11_veneer   0x08003310        0x0
 .vfp11_veneer  0x08003310        0x0 linker stubs

.v4_bx          0x08003310        0x0
 .v4_bx         0x08003310        0x0 linker stubs

.iplt           0x08003310        0x0
 .iplt          0x08003310        0x0 D:/arm-none-eabi-gcc/arm-gnu-toolchain-13.2.rel1-mingw-w64-i686-arm-none-eabi/arm-gnu-toolchain-13.2.Rel1-mingw-w64-i686-arm-none-eabi/bin/../lib/gcc/arm-none-eabi/13.2.1/thumb/v7e-m+fp/hard/crtbegin.o

.rodata         0x08003310       0x18
                0x08003310                        . = ALIGN (0x4)
 *(.rodata)
 *(.rodata*)
 .rodata.APBPrescTable
                0x08003310        0x8 build/system_stm32f7xx.o
                0x08003310                APBPrescTable
 .rodata.AHBPrescTable
                0x08003318       0x10 build/system_stm32f7xx.o
                0x08003318                AHBPrescTable
                0x08003328                        . = ALIGN (0x4)

.ARM.extab      0x08003328        0xc
 *(.ARM.extab* .gnu.linkonce.armextab.*)
 .ARM.extab.text.main
                0x08003328        0xc build/main.o

.ARM            0x08003334       0xa0
                0x08003334                        __exidx_start = .
 *(.ARM.exidx*)
 .ARM.exidx.text.Error_Handler
                0x08003334        0x8 build/main.o
 .ARM.exidx.text._Z18SystemClock_Configv
                0x0800333c        0x8 build/main.o
 .ARM.exidx.text.main
                0x08003344       0x10 build/main.o
                                  0x8 (size before relaxing)
 .ARM.exidx.text.__udivmoddi4
                0x08003354        0x0 D:/arm-none-eabi-gcc/arm-gnu-toolchain-13.2.rel1-mingw-w64-i686-arm-none-eabi/arm-gnu-toolchain-13.2.Rel1-mingw-w64-i686-arm-none-eabi/bin/../lib/gcc/arm-none-eabi/13.2.1/thumb/v7e-m+fp/hard\libgcc.a(_udivmoddi4.o)
                                  0x8 (size before relaxing)
 .ARM.exidx.text.selfrel_offset31
                0x08003354        0x0 D:/arm-none-eabi-gcc/arm-gnu-toolchain-13.2.rel1-mingw-w64-i686-arm-none-eabi/arm-gnu-toolchain-13.2.Rel1-mingw-w64-i686-arm-none-eabi/bin/../lib/gcc/arm-none-eabi/13.2.1/thumb/v7e-m+fp/hard\libgcc.a(unwind-arm.o)
                                  0x8 (size before relaxing)
 .ARM.exidx.text.search_EIT_table
                0x08003354        0x0 D:/arm-none-eabi-gcc/arm-gnu-toolchain-13.2.rel1-mingw-w64-i686-arm-none-eabi/arm-gnu-toolchain-13.2.Rel1-mingw-w64-i686-arm-none-eabi/bin/../lib/gcc/arm-none-eabi/13.2.1/thumb/v7e-m+fp/hard\libgcc.a(unwind-arm.o)
                                  0x8 (size before relaxing)
 .ARM.exidx.text.__gnu_unwind_get_pr_addr
                0x08003354        0x0 D:/arm-none-eabi-gcc/arm-gnu-toolchain-13.2.rel1-mingw-w64-i686-arm-none-eabi/arm-gnu-toolchain-13.2.Rel1-mingw-w64-i686-arm-none-eabi/bin/../lib/gcc/arm-none-eabi/13.2.1/thumb/v7e-m+fp/hard\libgcc.a(unwind-arm.o)
                                  0x8 (size before relaxing)
 .ARM.exidx.text.get_eit_entry
                0x08003354        0x8 D:/arm-none-eabi-gcc/arm-gnu-toolchain-13.2.rel1-mingw-w64-i686-arm-none-eabi/arm-gnu-toolchain-13.2.Rel1-mingw-w64-i686-arm-none-eabi/bin/../lib/gcc/arm-none-eabi/13.2.1/thumb/v7e-m+fp/hard\libgcc.a(unwind-arm.o)
 .ARM.exidx.text.restore_non_core_regs
                0x0800335c        0x8 D:/arm-none-eabi-gcc/arm-gnu-toolchain-13.2.rel1-mingw-w64-i686-arm-none-eabi/arm-gnu-toolchain-13.2.Rel1-mingw-w64-i686-arm-none-eabi/bin/../lib/gcc/arm-none-eabi/13.2.1/thumb/v7e-m+fp/hard\libgcc.a(unwind-arm.o)
 .ARM.exidx.text._Unwind_decode_typeinfo_ptr.constprop.0
                0x08003364        0x8 D:/arm-none-eabi-gcc/arm-gnu-toolchain-13.2.rel1-mingw-w64-i686-arm-none-eabi/arm-gnu-toolchain-13.2.Rel1-mingw-w64-i686-arm-none-eabi/bin/../lib/gcc/arm-none-eabi/13.2.1/thumb/v7e-m+fp/hard\libgcc.a(unwind-arm.o)
 .ARM.exidx.text._Unwind_DebugHook
                0x0800336c        0x0 D:/arm-none-eabi-gcc/arm-gnu-toolchain-13.2.rel1-mingw-w64-i686-arm-none-eabi/arm-gnu-toolchain-13.2.Rel1-mingw-w64-i686-arm-none-eabi/bin/../lib/gcc/arm-none-eabi/13.2.1/thumb/v7e-m+fp/hard\libgcc.a(unwind-arm.o)
                                  0x8 (size before relaxing)
 .ARM.exidx.text.unwind_phase2
                0x0800336c        0x8 D:/arm-none-eabi-gcc/arm-gnu-toolchain-13.2.rel1-mingw-w64-i686-arm-none-eabi/arm-gnu-toolchain-13.2.Rel1-mingw-w64-i686-arm-none-eabi/bin/../lib/gcc/arm-none-eabi/13.2.1/thumb/v7e-m+fp/hard\libgcc.a(unwind-arm.o)
 .ARM.exidx.text.unwind_phase2_forced
                0x08003374        0x8 D:/arm-none-eabi-gcc/arm-gnu-toolchain-13.2.rel1-mingw-w64-i686-arm-none-eabi/arm-gnu-toolchain-13.2.Rel1-mingw-w64-i686-arm-none-eabi/bin/../lib/gcc/arm-none-eabi/13.2.1/thumb/v7e-m+fp/hard\libgcc.a(unwind-arm.o)
 .ARM.exidx.text.__gnu_Unwind_RaiseException
                0x0800337c        0x8 D:/arm-none-eabi-gcc/arm-gnu-toolchain-13.2.rel1-mingw-w64-i686-arm-none-eabi/arm-gnu-toolchain-13.2.Rel1-mingw-w64-i686-arm-none-eabi/bin/../lib/gcc/arm-none-eabi/13.2.1/thumb/v7e-m+fp/hard\libgcc.a(unwind-arm.o)
 .ARM.exidx.text.__gnu_Unwind_ForcedUnwind
                0x08003384        0x8 D:/arm-none-eabi-gcc/arm-gnu-toolchain-13.2.rel1-mingw-w64-i686-arm-none-eabi/arm-gnu-toolchain-13.2.Rel1-mingw-w64-i686-arm-none-eabi/bin/../lib/gcc/arm-none-eabi/13.2.1/thumb/v7e-m+fp/hard\libgcc.a(unwind-arm.o)
 .ARM.exidx.text.__gnu_Unwind_Resume
                0x0800338c        0x8 D:/arm-none-eabi-gcc/arm-gnu-toolchain-13.2.rel1-mingw-w64-i686-arm-none-eabi/arm-gnu-toolchain-13.2.Rel1-mingw-w64-i686-arm-none-eabi/bin/../lib/gcc/arm-none-eabi/13.2.1/thumb/v7e-m+fp/hard\libgcc.a(unwind-arm.o)
 .ARM.exidx.text.__gnu_Unwind_Resume_or_Rethrow
                0x08003394        0x8 D:/arm-none-eabi-gcc/arm-gnu-toolchain-13.2.rel1-mingw-w64-i686-arm-none-eabi/arm-gnu-toolchain-13.2.Rel1-mingw-w64-i686-arm-none-eabi/bin/../lib/gcc/arm-none-eabi/13.2.1/thumb/v7e-m+fp/hard\libgcc.a(unwind-arm.o)
 .ARM.exidx.text._Unwind_VRS_Get
                0x0800339c        0x0 D:/arm-none-eabi-gcc/arm-gnu-toolchain-13.2.rel1-mingw-w64-i686-arm-none-eabi/arm-gnu-toolchain-13.2.Rel1-mingw-w64-i686-arm-none-eabi/bin/../lib/gcc/arm-none-eabi/13.2.1/thumb/v7e-m+fp/hard\libgcc.a(unwind-arm.o)
                                  0x8 (size before relaxing)
 .ARM.exidx.text._Unwind_GetGR
                0x0800339c        0x0 D:/arm-none-eabi-gcc/arm-gnu-toolchain-13.2.rel1-mingw-w64-i686-arm-none-eabi/arm-gnu-toolchain-13.2.Rel1-mingw-w64-i686-arm-none-eabi/bin/../lib/gcc/arm-none-eabi/13.2.1/thumb/v7e-m+fp/hard\libgcc.a(unwind-arm.o)
                                  0x8 (size before relaxing)
 .ARM.exidx.text._Unwind_VRS_Set
                0x0800339c        0x0 D:/arm-none-eabi-gcc/arm-gnu-toolchain-13.2.rel1-mingw-w64-i686-arm-none-eabi/arm-gnu-toolchain-13.2.Rel1-mingw-w64-i686-arm-none-eabi/bin/../lib/gcc/arm-none-eabi/13.2.1/thumb/v7e-m+fp/hard\libgcc.a(unwind-arm.o)
                                  0x8 (size before relaxing)
 .ARM.exidx.text._Unwind_SetGR
                0x0800339c        0x0 D:/arm-none-eabi-gcc/arm-gnu-toolchain-13.2.rel1-mingw-w64-i686-arm-none-eabi/arm-gnu-toolchain-13.2.Rel1-mingw-w64-i686-arm-none-eabi/bin/../lib/gcc/arm-none-eabi/13.2.1/thumb/v7e-m+fp/hard\libgcc.a(unwind-arm.o)
                                  0x8 (size before relaxing)
 .ARM.exidx.text.__gnu_Unwind_Backtrace
                0x0800339c        0x8 D:/arm-none-eabi-gcc/arm-gnu-toolchain-13.2.rel1-mingw-w64-i686-arm-none-eabi/arm-gnu-toolchain-13.2.Rel1-mingw-w64-i686-arm-none-eabi/bin/../lib/gcc/arm-none-eabi/13.2.1/thumb/v7e-m+fp/hard\libgcc.a(unwind-arm.o)
 .ARM.exidx.text.__gnu_unwind_pr_common
                0x080033a4        0x8 D:/arm-none-eabi-gcc/arm-gnu-toolchain-13.2.rel1-mingw-w64-i686-arm-none-eabi/arm-gnu-toolchain-13.2.Rel1-mingw-w64-i686-arm-none-eabi/bin/../lib/gcc/arm-none-eabi/13.2.1/thumb/v7e-m+fp/hard\libgcc.a(unwind-arm.o)
 .ARM.exidx.text.__aeabi_unwind_cpp_pr0
                0x080033ac        0x8 D:/arm-none-eabi-gcc/arm-gnu-toolchain-13.2.rel1-mingw-w64-i686-arm-none-eabi/arm-gnu-toolchain-13.2.Rel1-mingw-w64-i686-arm-none-eabi/bin/../lib/gcc/arm-none-eabi/13.2.1/thumb/v7e-m+fp/hard\libgcc.a(unwind-arm.o)
 .ARM.exidx.text.__aeabi_unwind_cpp_pr1
                0x080033b4        0x0 D:/arm-none-eabi-gcc/arm-gnu-toolchain-13.2.rel1-mingw-w64-i686-arm-none-eabi/arm-gnu-toolchain-13.2.Rel1-mingw-w64-i686-arm-none-eabi/bin/../lib/gcc/arm-none-eabi/13.2.1/thumb/v7e-m+fp/hard\libgcc.a(unwind-arm.o)
                                  0x8 (size before relaxing)
 .ARM.exidx.text.__aeabi_unwind_cpp_pr2
                0x080033b4        0x0 D:/arm-none-eabi-gcc/arm-gnu-toolchain-13.2.rel1-mingw-w64-i686-arm-none-eabi/arm-gnu-toolchain-13.2.Rel1-mingw-w64-i686-arm-none-eabi/bin/../lib/gcc/arm-none-eabi/13.2.1/thumb/v7e-m+fp/hard\libgcc.a(unwind-arm.o)
                                  0x8 (size before relaxing)
 .ARM.exidx.text._Unwind_VRS_Pop
                0x080033b4        0x8 D:/arm-none-eabi-gcc/arm-gnu-toolchain-13.2.rel1-mingw-w64-i686-arm-none-eabi/arm-gnu-toolchain-13.2.Rel1-mingw-w64-i686-arm-none-eabi/bin/../lib/gcc/arm-none-eabi/13.2.1/thumb/v7e-m+fp/hard\libgcc.a(unwind-arm.o)
 .ARM.exidx.text.next_unwind_byte
                0x080033bc        0x8 D:/arm-none-eabi-gcc/arm-gnu-toolchain-13.2.rel1-mingw-w64-i686-arm-none-eabi/arm-gnu-toolchain-13.2.Rel1-mingw-w64-i686-arm-none-eabi/bin/../lib/gcc/arm-none-eabi/13.2.1/thumb/v7e-m+fp/hard\libgcc.a(pr-support.o)
 .ARM.exidx.text.__gnu_unwind_execute
                0x080033c4       0x10 D:/arm-none-eabi-gcc/arm-gnu-toolchain-13.2.rel1-mingw-w64-i686-arm-none-eabi/arm-gnu-toolchain-13.2.Rel1-mingw-w64-i686-arm-none-eabi/bin/../lib/gcc/arm-none-eabi/13.2.1/thumb/v7e-m+fp/hard\libgcc.a(pr-support.o)
                                  0x8 (size before relaxing)
                0x080033d4                        __exidx_end = .

.rel.dyn        0x080033d4        0x0
 .rel.iplt      0x080033d4        0x0 D:/arm-none-eabi-gcc/arm-gnu-toolchain-13.2.rel1-mingw-w64-i686-arm-none-eabi/arm-gnu-toolchain-13.2.Rel1-mingw-w64-i686-arm-none-eabi/bin/../lib/gcc/arm-none-eabi/13.2.1/thumb/v7e-m+fp/hard/crtbegin.o

.preinit_array  0x080033d4        0x0
                0x080033d4                        PROVIDE (__preinit_array_start = .)
 *(.preinit_array*)
                0x080033d4                        PROVIDE (__preinit_array_end = .)

.init_array     0x080033d4        0x4
                0x080033d4                        PROVIDE (__init_array_start = .)
 *(SORT_BY_NAME(.init_array.*))
 *(.init_array*)
 .init_array    0x080033d4        0x4 D:/arm-none-eabi-gcc/arm-gnu-toolchain-13.2.rel1-mingw-w64-i686-arm-none-eabi/arm-gnu-toolchain-13.2.Rel1-mingw-w64-i686-arm-none-eabi/bin/../lib/gcc/arm-none-eabi/13.2.1/thumb/v7e-m+fp/hard/crtbegin.o
                0x080033d8                        PROVIDE (__init_array_end = .)

.fini_array     0x080033d8        0x4
                [!provide]                        PROVIDE (__fini_array_start = .)
 *(SORT_BY_NAME(.fini_array.*))
 *(.fini_array*)
 .fini_array    0x080033d8        0x4 D:/arm-none-eabi-gcc/arm-gnu-toolchain-13.2.rel1-mingw-w64-i686-arm-none-eabi/arm-gnu-toolchain-13.2.Rel1-mingw-w64-i686-arm-none-eabi/bin/../lib/gcc/arm-none-eabi/13.2.1/thumb/v7e-m+fp/hard/crtbegin.o
                [!provide]                        PROVIDE (__fini_array_end = .)
                0x080033dc                        _sidata = LOADADDR (.data)

.data           0x20000000       0x5c load address 0x080033dc
                0x20000000                        . = ALIGN (0x4)
                0x20000000                        _sdata = .
 *(.data)
 *(.data*)
 .data.uwTickFreq
                0x20000000        0x1 build/stm32f7xx_hal.o
                0x20000000                uwTickFreq
 *fill*         0x20000001        0x3 
 .data.uwTickPrio
                0x20000004        0x4 build/stm32f7xx_hal.o
                0x20000004                uwTickPrio
 .data.SystemCoreClock
                0x20000008        0x4 build/system_stm32f7xx.o
                0x20000008                SystemCoreClock
 .data._impure_ptr
                0x2000000c        0x4 D:/arm-none-eabi-gcc/arm-gnu-toolchain-13.2.rel1-mingw-w64-i686-arm-none-eabi/arm-gnu-toolchain-13.2.Rel1-mingw-w64-i686-arm-none-eabi/bin/../lib/gcc/arm-none-eabi/13.2.1/thumb/v7e-m+fp/hard\libc_nano.a(libc_a-impure.o)
                0x2000000c                _impure_ptr
 .data._impure_data
                0x20000010       0x4c D:/arm-none-eabi-gcc/arm-gnu-toolchain-13.2.rel1-mingw-w64-i686-arm-none-eabi/arm-gnu-toolchain-13.2.Rel1-mingw-w64-i686-arm-none-eabi/bin/../lib/gcc/arm-none-eabi/13.2.1/thumb/v7e-m+fp/hard\libc_nano.a(libc_a-impure.o)
                0x20000010                _impure_data
                0x2000005c                        . = ALIGN (0x4)
                0x2000005c                        _edata = .

.tm_clone_table
                0x2000005c        0x0 load address 0x08003438
 .tm_clone_table
                0x2000005c        0x0 D:/arm-none-eabi-gcc/arm-gnu-toolchain-13.2.rel1-mingw-w64-i686-arm-none-eabi/arm-gnu-toolchain-13.2.Rel1-mingw-w64-i686-arm-none-eabi/bin/../lib/gcc/arm-none-eabi/13.2.1/thumb/v7e-m+fp/hard/crtbegin.o
 .tm_clone_table
                0x2000005c        0x0 D:/arm-none-eabi-gcc/arm-gnu-toolchain-13.2.rel1-mingw-w64-i686-arm-none-eabi/arm-gnu-toolchain-13.2.Rel1-mingw-w64-i686-arm-none-eabi/bin/../lib/gcc/arm-none-eabi/13.2.1/thumb/v7e-m+fp/hard/crtend.o

.igot.plt       0x2000005c        0x0 load address 0x08003438
 .igot.plt      0x2000005c        0x0 D:/arm-none-eabi-gcc/arm-gnu-toolchain-13.2.rel1-mingw-w64-i686-arm-none-eabi/arm-gnu-toolchain-13.2.Rel1-mingw-w64-i686-arm-none-eabi/bin/../lib/gcc/arm-none-eabi/13.2.1/thumb/v7e-m+fp/hard/crtbegin.o
                0x2000005c                        . = ALIGN (0x4)

.bss            0x2000005c      0x1e4 load address 0x08003438
                0x2000005c                        _sbss = .
                0x2000005c                        __bss_start__ = _sbss
 *(.bss)
 *(.bss*)
 .bss.completed.1
                0x2000005c        0x1 D:/arm-none-eabi-gcc/arm-gnu-toolchain-13.2.rel1-mingw-w64-i686-arm-none-eabi/arm-gnu-toolchain-13.2.Rel1-mingw-w64-i686-arm-none-eabi/bin/../lib/gcc/arm-none-eabi/13.2.1/thumb/v7e-m+fp/hard/crtbegin.o
 *fill*         0x2000005d        0x3 
 .bss.object.0  0x20000060       0x18 D:/arm-none-eabi-gcc/arm-gnu-toolchain-13.2.rel1-mingw-w64-i686-arm-none-eabi/arm-gnu-toolchain-13.2.Rel1-mingw-w64-i686-arm-none-eabi/bin/../lib/gcc/arm-none-eabi/13.2.1/thumb/v7e-m+fp/hard/crtbegin.o
 .bss.huart6    0x20000078       0x88 build/usart.o
                0x20000078                huart6
 .bss.uwTick    0x20000100        0x4 build/stm32f7xx_hal.o
                0x20000100                uwTick
 .bss.__sf      0x20000104      0x138 D:/arm-none-eabi-gcc/arm-gnu-toolchain-13.2.rel1-mingw-w64-i686-arm-none-eabi/arm-gnu-toolchain-13.2.Rel1-mingw-w64-i686-arm-none-eabi/bin/../lib/gcc/arm-none-eabi/13.2.1/thumb/v7e-m+fp/hard\libc_nano.a(libc_a-findfp.o)
                0x20000104                __sf
 .bss.errno     0x2000023c        0x4 D:/arm-none-eabi-gcc/arm-gnu-toolchain-13.2.rel1-mingw-w64-i686-arm-none-eabi/arm-gnu-toolchain-13.2.Rel1-mingw-w64-i686-arm-none-eabi/bin/../lib/gcc/arm-none-eabi/13.2.1/thumb/v7e-m+fp/hard\libc_nano.a(libc_a-reent.o)
                0x2000023c                errno
 *(COMMON)
                0x20000240                        . = ALIGN (0x4)
                0x20000240                        _ebss = .
                0x20000240                        __bss_end__ = _ebss

._user_heap_stack
                0x20000240      0x600 load address 0x08003438
                0x20000240                        . = ALIGN (0x8)
                0x20000240                        PROVIDE (end = .)
                [!provide]                        PROVIDE (_end = .)
                0x20000440                        . = (. + _Min_Heap_Size)
 *fill*         0x20000240      0x200 
                0x20000840                        . = (. + _Min_Stack_Size)
 *fill*         0x20000440      0x400 
                0x20000840                        . = ALIGN (0x8)

/DISCARD/
 libc.a(*)
 libm.a(*)
 libgcc.a(*)

.ARM.attributes
                0x00000000       0x30
 *(.ARM.attributes)
 .ARM.attributes
                0x00000000       0x22 D:/arm-none-eabi-gcc/arm-gnu-toolchain-13.2.rel1-mingw-w64-i686-arm-none-eabi/arm-gnu-toolchain-13.2.Rel1-mingw-w64-i686-arm-none-eabi/bin/../lib/gcc/arm-none-eabi/13.2.1/thumb/v7e-m+fp/hard/crti.o
 .ARM.attributes
                0x00000022       0x34 D:/arm-none-eabi-gcc/arm-gnu-toolchain-13.2.rel1-mingw-w64-i686-arm-none-eabi/arm-gnu-toolchain-13.2.Rel1-mingw-w64-i686-arm-none-eabi/bin/../lib/gcc/arm-none-eabi/13.2.1/thumb/v7e-m+fp/hard/crtbegin.o
 .ARM.attributes
                0x00000056       0x34 build/gpio.o
 .ARM.attributes
                0x0000008a       0x34 build/usart.o
 .ARM.attributes
                0x000000be       0x34 build/stm32f7xx_it.o
 .ARM.attributes
                0x000000f2       0x34 build/stm32f7xx_hal_msp.o
 .ARM.attributes
                0x00000126       0x34 build/stm32f7xx_hal.o
 .ARM.attributes
                0x0000015a       0x34 build/stm32f7xx_hal_cortex.o
 .ARM.attributes
                0x0000018e       0x34 build/stm32f7xx_hal_uart.o
 .ARM.attributes
                0x000001c2       0x34 build/stm32f7xx_hal_rcc.o
 .ARM.attributes
                0x000001f6       0x34 build/stm32f7xx_hal_rcc_ex.o
 .ARM.attributes
                0x0000022a       0x34 build/stm32f7xx_hal_gpio.o
 .ARM.attributes
                0x0000025e       0x34 build/stm32f7xx_hal_dma.o
 .ARM.attributes
                0x00000292       0x34 build/stm32f7xx_hal_pwr_ex.o
 .ARM.attributes
                0x000002c6       0x34 build/system_stm32f7xx.o
 .ARM.attributes
                0x000002fa       0x34 build/main.o
 .ARM.attributes
                0x0000032e       0x21 build/startup_stm32f746xx.o
 .ARM.attributes
                0x0000034f       0x34 D:/arm-none-eabi-gcc/arm-gnu-toolchain-13.2.rel1-mingw-w64-i686-arm-none-eabi/arm-gnu-toolchain-13.2.Rel1-mingw-w64-i686-arm-none-eabi/bin/../lib/gcc/arm-none-eabi/13.2.1/thumb/v7e-m+fp/hard\libc_nano.a(libc_a-findfp.o)
 .ARM.attributes
                0x00000383       0x34 D:/arm-none-eabi-gcc/arm-gnu-toolchain-13.2.rel1-mingw-w64-i686-arm-none-eabi/arm-gnu-toolchain-13.2.Rel1-mingw-w64-i686-arm-none-eabi/bin/../lib/gcc/arm-none-eabi/13.2.1/thumb/v7e-m+fp/hard\libc_nano.a(libc_a-memset.o)
 .ARM.attributes
                0x000003b7       0x34 D:/arm-none-eabi-gcc/arm-gnu-toolchain-13.2.rel1-mingw-w64-i686-arm-none-eabi/arm-gnu-toolchain-13.2.Rel1-mingw-w64-i686-arm-none-eabi/bin/../lib/gcc/arm-none-eabi/13.2.1/thumb/v7e-m+fp/hard\libc_nano.a(libc_a-reent.o)
 .ARM.attributes
                0x000003eb       0x34 D:/arm-none-eabi-gcc/arm-gnu-toolchain-13.2.rel1-mingw-w64-i686-arm-none-eabi/arm-gnu-toolchain-13.2.Rel1-mingw-w64-i686-arm-none-eabi/bin/../lib/gcc/arm-none-eabi/13.2.1/thumb/v7e-m+fp/hard\libc_nano.a(libc_a-impure.o)
 .ARM.attributes
                0x0000041f       0x34 D:/arm-none-eabi-gcc/arm-gnu-toolchain-13.2.rel1-mingw-w64-i686-arm-none-eabi/arm-gnu-toolchain-13.2.Rel1-mingw-w64-i686-arm-none-eabi/bin/../lib/gcc/arm-none-eabi/13.2.1/thumb/v7e-m+fp/hard\libc_nano.a(libc_a-init.o)
 .ARM.attributes
                0x00000453       0x34 D:/arm-none-eabi-gcc/arm-gnu-toolchain-13.2.rel1-mingw-w64-i686-arm-none-eabi/arm-gnu-toolchain-13.2.Rel1-mingw-w64-i686-arm-none-eabi/bin/../lib/gcc/arm-none-eabi/13.2.1/thumb/v7e-m+fp/hard\libnosys.a(_exit.o)
 .ARM.attributes
                0x00000487       0x22 D:/arm-none-eabi-gcc/arm-gnu-toolchain-13.2.rel1-mingw-w64-i686-arm-none-eabi/arm-gnu-toolchain-13.2.Rel1-mingw-w64-i686-arm-none-eabi/bin/../lib/gcc/arm-none-eabi/13.2.1/thumb/v7e-m+fp/hard\libgcc.a(_aeabi_uldivmod.o)
 .ARM.attributes
                0x000004a9       0x34 D:/arm-none-eabi-gcc/arm-gnu-toolchain-13.2.rel1-mingw-w64-i686-arm-none-eabi/arm-gnu-toolchain-13.2.Rel1-mingw-w64-i686-arm-none-eabi/bin/../lib/gcc/arm-none-eabi/13.2.1/thumb/v7e-m+fp/hard\libgcc.a(_udivmoddi4.o)
 .ARM.attributes
                0x000004dd       0x34 D:/arm-none-eabi-gcc/arm-gnu-toolchain-13.2.rel1-mingw-w64-i686-arm-none-eabi/arm-gnu-toolchain-13.2.Rel1-mingw-w64-i686-arm-none-eabi/bin/../lib/gcc/arm-none-eabi/13.2.1/thumb/v7e-m+fp/hard\libgcc.a(unwind-arm.o)
 .ARM.attributes
                0x00000511       0x22 D:/arm-none-eabi-gcc/arm-gnu-toolchain-13.2.rel1-mingw-w64-i686-arm-none-eabi/arm-gnu-toolchain-13.2.Rel1-mingw-w64-i686-arm-none-eabi/bin/../lib/gcc/arm-none-eabi/13.2.1/thumb/v7e-m+fp/hard\libgcc.a(libunwind.o)
 .ARM.attributes
                0x00000533       0x34 D:/arm-none-eabi-gcc/arm-gnu-toolchain-13.2.rel1-mingw-w64-i686-arm-none-eabi/arm-gnu-toolchain-13.2.Rel1-mingw-w64-i686-arm-none-eabi/bin/../lib/gcc/arm-none-eabi/13.2.1/thumb/v7e-m+fp/hard\libgcc.a(pr-support.o)
 .ARM.attributes
                0x00000567       0x22 D:/arm-none-eabi-gcc/arm-gnu-toolchain-13.2.rel1-mingw-w64-i686-arm-none-eabi/arm-gnu-toolchain-13.2.Rel1-mingw-w64-i686-arm-none-eabi/bin/../lib/gcc/arm-none-eabi/13.2.1/thumb/v7e-m+fp/hard\libgcc.a(_dvmd_tls.o)
 .ARM.attributes
                0x00000589       0x34 D:/arm-none-eabi-gcc/arm-gnu-toolchain-13.2.rel1-mingw-w64-i686-arm-none-eabi/arm-gnu-toolchain-13.2.Rel1-mingw-w64-i686-arm-none-eabi/bin/../lib/gcc/arm-none-eabi/13.2.1/thumb/v7e-m+fp/hard\libc_nano.a(libc_a-abort.o)
 .ARM.attributes
                0x000005bd       0x34 D:/arm-none-eabi-gcc/arm-gnu-toolchain-13.2.rel1-mingw-w64-i686-arm-none-eabi/arm-gnu-toolchain-13.2.Rel1-mingw-w64-i686-arm-none-eabi/bin/../lib/gcc/arm-none-eabi/13.2.1/thumb/v7e-m+fp/hard\libc_nano.a(libc_a-signal.o)
 .ARM.attributes
                0x000005f1       0x34 D:/arm-none-eabi-gcc/arm-gnu-toolchain-13.2.rel1-mingw-w64-i686-arm-none-eabi/arm-gnu-toolchain-13.2.Rel1-mingw-w64-i686-arm-none-eabi/bin/../lib/gcc/arm-none-eabi/13.2.1/thumb/v7e-m+fp/hard\libc_nano.a(libc_a-signalr.o)
 .ARM.attributes
                0x00000625       0x34 D:/arm-none-eabi-gcc/arm-gnu-toolchain-13.2.rel1-mingw-w64-i686-arm-none-eabi/arm-gnu-toolchain-13.2.Rel1-mingw-w64-i686-arm-none-eabi/bin/../lib/gcc/arm-none-eabi/13.2.1/thumb/v7e-m+fp/hard\libc_nano.a(libc_a-memcpy-stub.o)
 .ARM.attributes
                0x00000659       0x34 D:/arm-none-eabi-gcc/arm-gnu-toolchain-13.2.rel1-mingw-w64-i686-arm-none-eabi/arm-gnu-toolchain-13.2.Rel1-mingw-w64-i686-arm-none-eabi/bin/../lib/gcc/arm-none-eabi/13.2.1/thumb/v7e-m+fp/hard\libnosys.a(getpid.o)
 .ARM.attributes
                0x0000068d       0x34 D:/arm-none-eabi-gcc/arm-gnu-toolchain-13.2.rel1-mingw-w64-i686-arm-none-eabi/arm-gnu-toolchain-13.2.Rel1-mingw-w64-i686-arm-none-eabi/bin/../lib/gcc/arm-none-eabi/13.2.1/thumb/v7e-m+fp/hard\libnosys.a(kill.o)
 .ARM.attributes
                0x000006c1       0x34 D:/arm-none-eabi-gcc/arm-gnu-toolchain-13.2.rel1-mingw-w64-i686-arm-none-eabi/arm-gnu-toolchain-13.2.Rel1-mingw-w64-i686-arm-none-eabi/bin/../lib/gcc/arm-none-eabi/13.2.1/thumb/v7e-m+fp/hard/crtend.o
 .ARM.attributes
                0x000006f5       0x22 D:/arm-none-eabi-gcc/arm-gnu-toolchain-13.2.rel1-mingw-w64-i686-arm-none-eabi/arm-gnu-toolchain-13.2.Rel1-mingw-w64-i686-arm-none-eabi/bin/../lib/gcc/arm-none-eabi/13.2.1/thumb/v7e-m+fp/hard/crtn.o
OUTPUT(build/SW-Runtime.elf elf32-littlearm)
LOAD linker stubs
LOAD D:/arm-none-eabi-gcc/arm-gnu-toolchain-13.2.rel1-mingw-w64-i686-arm-none-eabi/arm-gnu-toolchain-13.2.Rel1-mingw-w64-i686-arm-none-eabi/bin/../lib/gcc/arm-none-eabi/13.2.1/thumb/v7e-m+fp/hard\libc.a
LOAD D:/arm-none-eabi-gcc/arm-gnu-toolchain-13.2.rel1-mingw-w64-i686-arm-none-eabi/arm-gnu-toolchain-13.2.Rel1-mingw-w64-i686-arm-none-eabi/bin/../lib/gcc/arm-none-eabi/13.2.1/thumb/v7e-m+fp/hard\libm.a
LOAD D:/arm-none-eabi-gcc/arm-gnu-toolchain-13.2.rel1-mingw-w64-i686-arm-none-eabi/arm-gnu-toolchain-13.2.Rel1-mingw-w64-i686-arm-none-eabi/bin/../lib/gcc/arm-none-eabi/13.2.1/thumb/v7e-m+fp/hard\libgcc.a

.debug_info     0x00000000     0xe552
 .debug_info    0x00000000      0x596 build/gpio.o
 .debug_info    0x00000596     0x1b32 build/usart.o
 .debug_info    0x000020c8      0x863 build/stm32f7xx_it.o
 .debug_info    0x0000292b      0x347 build/stm32f7xx_hal_msp.o
 .debug_info    0x00002c72      0xb97 build/stm32f7xx_hal.o
 .debug_info    0x00003809     0x1402 build/stm32f7xx_hal_cortex.o
 .debug_info    0x00004c0b     0x539a build/stm32f7xx_hal_uart.o
 .debug_info    0x00009fa5      0xccc build/stm32f7xx_hal_rcc.o
 .debug_info    0x0000ac71      0x953 build/stm32f7xx_hal_rcc_ex.o
 .debug_info    0x0000b5c4      0x87b build/stm32f7xx_hal_gpio.o
 .debug_info    0x0000be3f      0xbce build/stm32f7xx_hal_dma.o
 .debug_info    0x0000ca0d      0xb18 build/stm32f7xx_hal_pwr_ex.o
 .debug_info    0x0000d525      0x802 build/system_stm32f7xx.o
 .debug_info    0x0000dd27      0x7fb build/main.o
 .debug_info    0x0000e522       0x30 build/startup_stm32f746xx.o

.debug_abbrev   0x00000000     0x1f25
 .debug_abbrev  0x00000000      0x160 build/gpio.o
 .debug_abbrev  0x00000160      0x305 build/usart.o
 .debug_abbrev  0x00000465      0x172 build/stm32f7xx_it.o
 .debug_abbrev  0x000005d7       0xfd build/stm32f7xx_hal_msp.o
 .debug_abbrev  0x000006d4      0x244 build/stm32f7xx_hal.o
 .debug_abbrev  0x00000918      0x3d3 build/stm32f7xx_hal_cortex.o
 .debug_abbrev  0x00000ceb      0x346 build/stm32f7xx_hal_uart.o
 .debug_abbrev  0x00001031      0x2a5 build/stm32f7xx_hal_rcc.o
 .debug_abbrev  0x000012d6      0x1f3 build/stm32f7xx_hal_rcc_ex.o
 .debug_abbrev  0x000014c9      0x22b build/stm32f7xx_hal_gpio.o
 .debug_abbrev  0x000016f4      0x2fe build/stm32f7xx_hal_dma.o
 .debug_abbrev  0x000019f2      0x1d5 build/stm32f7xx_hal_pwr_ex.o
 .debug_abbrev  0x00001bc7      0x12a build/system_stm32f7xx.o
 .debug_abbrev  0x00001cf1      0x217 build/main.o
 .debug_abbrev  0x00001f08       0x1d build/startup_stm32f746xx.o

.debug_loc      0x00000000     0x8986
 .debug_loc     0x00000000       0x39 build/gpio.o
 .debug_loc     0x00000039      0x1e1 build/usart.o
 .debug_loc     0x0000021a       0x40 build/stm32f7xx_it.o
 .debug_loc     0x0000025a       0x38 build/stm32f7xx_hal_msp.o
 .debug_loc     0x00000292      0x1f9 build/stm32f7xx_hal.o
 .debug_loc     0x0000048b      0x886 build/stm32f7xx_hal_cortex.o
 .debug_loc     0x00000d11     0x5145 build/stm32f7xx_hal_uart.o
 .debug_loc     0x00005e56      0x81c build/stm32f7xx_hal_rcc.o
 .debug_loc     0x00006672      0x8a2 build/stm32f7xx_hal_rcc_ex.o
 .debug_loc     0x00006f14      0x60b build/stm32f7xx_hal_gpio.o
 .debug_loc     0x0000751f      0xe9a build/stm32f7xx_hal_dma.o
 .debug_loc     0x000083b9      0x3e6 build/stm32f7xx_hal_pwr_ex.o
 .debug_loc     0x0000879f      0x181 build/system_stm32f7xx.o
 .debug_loc     0x00008920       0x66 build/main.o

.debug_aranges  0x00000000      0x7b0
 .debug_aranges
                0x00000000       0x20 build/gpio.o
 .debug_aranges
                0x00000020       0x48 build/usart.o
 .debug_aranges
                0x00000068       0x68 build/stm32f7xx_it.o
 .debug_aranges
                0x000000d0       0x20 build/stm32f7xx_hal_msp.o
 .debug_aranges
                0x000000f0      0x100 build/stm32f7xx_hal.o
 .debug_aranges
                0x000001f0       0xd8 build/stm32f7xx_hal_cortex.o
 .debug_aranges
                0x000002c8      0x228 build/stm32f7xx_hal_uart.o
 .debug_aranges
                0x000004f0       0x88 build/stm32f7xx_hal_rcc.o
 .debug_aranges
                0x00000578       0x50 build/stm32f7xx_hal_rcc_ex.o
 .debug_aranges
                0x000005c8       0x58 build/stm32f7xx_hal_gpio.o
 .debug_aranges
                0x00000620       0x90 build/stm32f7xx_hal_dma.o
 .debug_aranges
                0x000006b0       0x80 build/stm32f7xx_hal_pwr_ex.o
 .debug_aranges
                0x00000730       0x28 build/system_stm32f7xx.o
 .debug_aranges
                0x00000758       0x30 build/main.o
 .debug_aranges
                0x00000788       0x28 build/startup_stm32f746xx.o

.debug_ranges   0x00000000      0x6e0
 .debug_ranges  0x00000000       0x10 build/gpio.o
 .debug_ranges  0x00000010       0x38 build/usart.o
 .debug_ranges  0x00000048       0x58 build/stm32f7xx_it.o
 .debug_ranges  0x000000a0       0x10 build/stm32f7xx_hal_msp.o
 .debug_ranges  0x000000b0       0xf0 build/stm32f7xx_hal.o
 .debug_ranges  0x000001a0       0xc8 build/stm32f7xx_hal_cortex.o
 .debug_ranges  0x00000268      0x230 build/stm32f7xx_hal_uart.o
 .debug_ranges  0x00000498       0x78 build/stm32f7xx_hal_rcc.o
 .debug_ranges  0x00000510       0x40 build/stm32f7xx_hal_rcc_ex.o
 .debug_ranges  0x00000550       0x48 build/stm32f7xx_hal_gpio.o
 .debug_ranges  0x00000598       0x80 build/stm32f7xx_hal_dma.o
 .debug_ranges  0x00000618       0x70 build/stm32f7xx_hal_pwr_ex.o
 .debug_ranges  0x00000688       0x18 build/system_stm32f7xx.o
 .debug_ranges  0x000006a0       0x20 build/main.o
 .debug_ranges  0x000006c0       0x20 build/startup_stm32f746xx.o

.debug_line     0x00000000     0x9b7c
 .debug_line    0x00000000      0x28c build/gpio.o
 .debug_line    0x0000028c      0x62d build/usart.o
 .debug_line    0x000008b9      0x350 build/stm32f7xx_it.o
 .debug_line    0x00000c09      0x23e build/stm32f7xx_hal_msp.o
 .debug_line    0x00000e47      0x647 build/stm32f7xx_hal.o
 .debug_line    0x0000148e      0x890 build/stm32f7xx_hal_cortex.o
 .debug_line    0x00001d1e     0x3f58 build/stm32f7xx_hal_uart.o
 .debug_line    0x00005c76      0xde3 build/stm32f7xx_hal_rcc.o
 .debug_line    0x00006a59      0xc83 build/stm32f7xx_hal_rcc_ex.o
 .debug_line    0x000076dc      0x7c9 build/stm32f7xx_hal_gpio.o
 .debug_line    0x00007ea5      0xeef build/stm32f7xx_hal_dma.o
 .debug_line    0x00008d94      0x65d build/stm32f7xx_hal_pwr_ex.o
 .debug_line    0x000093f1      0x2f8 build/system_stm32f7xx.o
 .debug_line    0x000096e9      0x420 build/main.o
 .debug_line    0x00009b09       0x73 build/startup_stm32f746xx.o

.debug_str      0x00000000     0x30f1
 .debug_str     0x00000000     0x30f1 build/gpio.o
                                0x36b (size before relaxing)
 .debug_str     0x000030f1     0x1470 build/usart.o
 .debug_str     0x000030f1      0x6df build/stm32f7xx_it.o
 .debug_str     0x000030f1      0x2c9 build/stm32f7xx_hal_msp.o
 .debug_str     0x000030f1      0xc38 build/stm32f7xx_hal.o
 .debug_str     0x000030f1      0xd83 build/stm32f7xx_hal_cortex.o
 .debug_str     0x000030f1      0xfe6 build/stm32f7xx_hal_uart.o
 .debug_str     0x000030f1      0x6f2 build/stm32f7xx_hal_rcc.o
 .debug_str     0x000030f1      0x6c9 build/stm32f7xx_hal_rcc_ex.o
 .debug_str     0x000030f1      0x4d1 build/stm32f7xx_hal_gpio.o
 .debug_str     0x000030f1      0x74a build/stm32f7xx_hal_dma.o
 .debug_str     0x000030f1      0x620 build/stm32f7xx_hal_pwr_ex.o
 .debug_str     0x000030f1      0x42f build/system_stm32f7xx.o
 .debug_str     0x000030f1      0x5ac build/main.o
 .debug_str     0x000030f1       0x54 build/startup_stm32f746xx.o

.comment        0x00000000       0x44
 .comment       0x00000000       0x44 build/gpio.o
                                 0x45 (size before relaxing)
 .comment       0x00000044       0x45 build/usart.o
 .comment       0x00000044       0x45 build/stm32f7xx_it.o
 .comment       0x00000044       0x45 build/stm32f7xx_hal_msp.o
 .comment       0x00000044       0x45 build/stm32f7xx_hal.o
 .comment       0x00000044       0x45 build/stm32f7xx_hal_cortex.o
 .comment       0x00000044       0x45 build/stm32f7xx_hal_uart.o
 .comment       0x00000044       0x45 build/stm32f7xx_hal_rcc.o
 .comment       0x00000044       0x45 build/stm32f7xx_hal_rcc_ex.o
 .comment       0x00000044       0x45 build/stm32f7xx_hal_gpio.o
 .comment       0x00000044       0x45 build/stm32f7xx_hal_dma.o
 .comment       0x00000044       0x45 build/stm32f7xx_hal_pwr_ex.o
 .comment       0x00000044       0x45 build/system_stm32f7xx.o
 .comment       0x00000044       0x45 build/main.o

.debug_frame    0x00000000     0x1994
 .debug_frame   0x00000000       0x38 build/gpio.o
 .debug_frame   0x00000038       0x9c build/usart.o
 .debug_frame   0x000000d4       0xc0 build/stm32f7xx_it.o
 .debug_frame   0x00000194       0x2c build/stm32f7xx_hal_msp.o
 .debug_frame   0x000001c0      0x20c build/stm32f7xx_hal.o
 .debug_frame   0x000003cc      0x1cc build/stm32f7xx_hal_cortex.o
 .debug_frame   0x00000598      0x5fc build/stm32f7xx_hal_uart.o
 .debug_frame   0x00000b94      0x178 build/stm32f7xx_hal_rcc.o
 .debug_frame   0x00000d0c       0xc0 build/stm32f7xx_hal_rcc_ex.o
 .debug_frame   0x00000dcc       0xd8 build/stm32f7xx_hal_gpio.o
 .debug_frame   0x00000ea4      0x188 build/stm32f7xx_hal_dma.o
 .debug_frame   0x0000102c      0x134 build/stm32f7xx_hal_pwr_ex.o
 .debug_frame   0x00001160       0x30 build/system_stm32f7xx.o
 .debug_frame   0x00001190       0x58 build/main.o
 .debug_frame   0x000011e8      0x144 D:/arm-none-eabi-gcc/arm-gnu-toolchain-13.2.rel1-mingw-w64-i686-arm-none-eabi/arm-gnu-toolchain-13.2.Rel1-mingw-w64-i686-arm-none-eabi/bin/../lib/gcc/arm-none-eabi/13.2.1/thumb/v7e-m+fp/hard\libc_nano.a(libc_a-findfp.o)
 .debug_frame   0x0000132c       0x20 D:/arm-none-eabi-gcc/arm-gnu-toolchain-13.2.rel1-mingw-w64-i686-arm-none-eabi/arm-gnu-toolchain-13.2.Rel1-mingw-w64-i686-arm-none-eabi/bin/../lib/gcc/arm-none-eabi/13.2.1/thumb/v7e-m+fp/hard\libc_nano.a(libc_a-memset.o)
 .debug_frame   0x0000134c       0x38 D:/arm-none-eabi-gcc/arm-gnu-toolchain-13.2.rel1-mingw-w64-i686-arm-none-eabi/arm-gnu-toolchain-13.2.Rel1-mingw-w64-i686-arm-none-eabi/bin/../lib/gcc/arm-none-eabi/13.2.1/thumb/v7e-m+fp/hard\libc_nano.a(libc_a-reent.o)
 .debug_frame   0x00001384       0x2c D:/arm-none-eabi-gcc/arm-gnu-toolchain-13.2.rel1-mingw-w64-i686-arm-none-eabi/arm-gnu-toolchain-13.2.Rel1-mingw-w64-i686-arm-none-eabi/bin/../lib/gcc/arm-none-eabi/13.2.1/thumb/v7e-m+fp/hard\libc_nano.a(libc_a-init.o)
 .debug_frame   0x000013b0       0x20 D:/arm-none-eabi-gcc/arm-gnu-toolchain-13.2.rel1-mingw-w64-i686-arm-none-eabi/arm-gnu-toolchain-13.2.Rel1-mingw-w64-i686-arm-none-eabi/bin/../lib/gcc/arm-none-eabi/13.2.1/thumb/v7e-m+fp/hard\libnosys.a(_exit.o)
 .debug_frame   0x000013d0       0x2c D:/arm-none-eabi-gcc/arm-gnu-toolchain-13.2.rel1-mingw-w64-i686-arm-none-eabi/arm-gnu-toolchain-13.2.Rel1-mingw-w64-i686-arm-none-eabi/bin/../lib/gcc/arm-none-eabi/13.2.1/thumb/v7e-m+fp/hard\libgcc.a(_aeabi_uldivmod.o)
 .debug_frame   0x000013fc       0x34 D:/arm-none-eabi-gcc/arm-gnu-toolchain-13.2.rel1-mingw-w64-i686-arm-none-eabi/arm-gnu-toolchain-13.2.Rel1-mingw-w64-i686-arm-none-eabi/bin/../lib/gcc/arm-none-eabi/13.2.1/thumb/v7e-m+fp/hard\libgcc.a(_udivmoddi4.o)
 .debug_frame   0x00001430      0x2c8 D:/arm-none-eabi-gcc/arm-gnu-toolchain-13.2.rel1-mingw-w64-i686-arm-none-eabi/arm-gnu-toolchain-13.2.Rel1-mingw-w64-i686-arm-none-eabi/bin/../lib/gcc/arm-none-eabi/13.2.1/thumb/v7e-m+fp/hard\libgcc.a(unwind-arm.o)
 .debug_frame   0x000016f8      0x104 D:/arm-none-eabi-gcc/arm-gnu-toolchain-13.2.rel1-mingw-w64-i686-arm-none-eabi/arm-gnu-toolchain-13.2.Rel1-mingw-w64-i686-arm-none-eabi/bin/../lib/gcc/arm-none-eabi/13.2.1/thumb/v7e-m+fp/hard\libgcc.a(pr-support.o)
 .debug_frame   0x000017fc       0x28 D:/arm-none-eabi-gcc/arm-gnu-toolchain-13.2.rel1-mingw-w64-i686-arm-none-eabi/arm-gnu-toolchain-13.2.Rel1-mingw-w64-i686-arm-none-eabi/bin/../lib/gcc/arm-none-eabi/13.2.1/thumb/v7e-m+fp/hard\libc_nano.a(libc_a-abort.o)
 .debug_frame   0x00001824       0xcc D:/arm-none-eabi-gcc/arm-gnu-toolchain-13.2.rel1-mingw-w64-i686-arm-none-eabi/arm-gnu-toolchain-13.2.Rel1-mingw-w64-i686-arm-none-eabi/bin/../lib/gcc/arm-none-eabi/13.2.1/thumb/v7e-m+fp/hard\libc_nano.a(libc_a-signal.o)
 .debug_frame   0x000018f0       0x3c D:/arm-none-eabi-gcc/arm-gnu-toolchain-13.2.rel1-mingw-w64-i686-arm-none-eabi/arm-gnu-toolchain-13.2.Rel1-mingw-w64-i686-arm-none-eabi/bin/../lib/gcc/arm-none-eabi/13.2.1/thumb/v7e-m+fp/hard\libc_nano.a(libc_a-signalr.o)
 .debug_frame   0x0000192c       0x28 D:/arm-none-eabi-gcc/arm-gnu-toolchain-13.2.rel1-mingw-w64-i686-arm-none-eabi/arm-gnu-toolchain-13.2.Rel1-mingw-w64-i686-arm-none-eabi/bin/../lib/gcc/arm-none-eabi/13.2.1/thumb/v7e-m+fp/hard\libc_nano.a(libc_a-memcpy-stub.o)
 .debug_frame   0x00001954       0x20 D:/arm-none-eabi-gcc/arm-gnu-toolchain-13.2.rel1-mingw-w64-i686-arm-none-eabi/arm-gnu-toolchain-13.2.Rel1-mingw-w64-i686-arm-none-eabi/bin/../lib/gcc/arm-none-eabi/13.2.1/thumb/v7e-m+fp/hard\libnosys.a(getpid.o)
 .debug_frame   0x00001974       0x20 D:/arm-none-eabi-gcc/arm-gnu-toolchain-13.2.rel1-mingw-w64-i686-arm-none-eabi/arm-gnu-toolchain-13.2.Rel1-mingw-w64-i686-arm-none-eabi/bin/../lib/gcc/arm-none-eabi/13.2.1/thumb/v7e-m+fp/hard\libnosys.a(kill.o)

.debug_line_str
                0x00000000       0xe1
 .debug_line_str
                0x00000000       0xe1 D:/arm-none-eabi-gcc/arm-gnu-toolchain-13.2.rel1-mingw-w64-i686-arm-none-eabi/arm-gnu-toolchain-13.2.Rel1-mingw-w64-i686-arm-none-eabi/bin/../lib/gcc/arm-none-eabi/13.2.1/thumb/v7e-m+fp/hard\libgcc.a(_aeabi_uldivmod.o)
                                 0xc9 (size before relaxing)
 .debug_line_str
                0x000000e1       0xcd D:/arm-none-eabi-gcc/arm-gnu-toolchain-13.2.rel1-mingw-w64-i686-arm-none-eabi/arm-gnu-toolchain-13.2.Rel1-mingw-w64-i686-arm-none-eabi/bin/../lib/gcc/arm-none-eabi/13.2.1/thumb/v7e-m+fp/hard\libgcc.a(libunwind.o)
 .debug_line_str
                0x000000e1       0xcd D:/arm-none-eabi-gcc/arm-gnu-toolchain-13.2.rel1-mingw-w64-i686-arm-none-eabi/arm-gnu-toolchain-13.2.Rel1-mingw-w64-i686-arm-none-eabi/bin/../lib/gcc/arm-none-eabi/13.2.1/thumb/v7e-m+fp/hard\libgcc.a(_dvmd_tls.o)

Cross Reference Table

Symbol                                            File
ADC_IRQHandler                                    build/startup_stm32f746xx.o
AHBPrescTable                                     build/system_stm32f7xx.o
                                                  build/stm32f7xx_hal_rcc.o
APBPrescTable                                     build/system_stm32f7xx.o
                                                  build/stm32f7xx_hal_rcc.o
AUDIO_IO_DeInit                                   build/stm32746g_discovery.o
AUDIO_IO_Delay                                    build/stm32746g_discovery.o
AUDIO_IO_Init                                     build/stm32746g_discovery.o
AUDIO_IO_Read                                     build/stm32746g_discovery.o
AUDIO_IO_Write                                    build/stm32746g_discovery.o
BSP_CAMERA_BlackWhiteConfig                       build/stm32746g_discovery_camera.o
BSP_CAMERA_ColorEffectConfig                      build/stm32746g_discovery_camera.o
BSP_CAMERA_ContinuousStart                        build/stm32746g_discovery_camera.o
BSP_CAMERA_ContrastBrightnessConfig               build/stm32746g_discovery_camera.o
BSP_CAMERA_DeInit                                 build/stm32746g_discovery_camera.o
BSP_CAMERA_ErrorCallback                          build/stm32746g_discovery_camera.o
BSP_CAMERA_FrameEventCallback                     build/stm32746g_discovery_camera.o
BSP_CAMERA_Init                                   build/stm32746g_discovery_camera.o
BSP_CAMERA_LineEventCallback                      build/stm32746g_discovery_camera.o
BSP_CAMERA_MspDeInit                              build/stm32746g_discovery_camera.o
BSP_CAMERA_MspInit                                build/stm32746g_discovery_camera.o
BSP_CAMERA_PwrDown                                build/stm32746g_discovery_camera.o
BSP_CAMERA_PwrUp                                  build/stm32746g_discovery_camera.o
BSP_CAMERA_Resume                                 build/stm32746g_discovery_camera.o
BSP_CAMERA_SnapshotStart                          build/stm32746g_discovery_camera.o
BSP_CAMERA_Stop                                   build/stm32746g_discovery_camera.o
BSP_CAMERA_Suspend                                build/stm32746g_discovery_camera.o
BSP_CAMERA_VsyncEventCallback                     build/stm32746g_discovery_camera.o
BSP_COM_DeInit                                    build/stm32746g_discovery.o
BSP_COM_Init                                      build/stm32746g_discovery.o
BSP_GetVersion                                    build/stm32746g_discovery.o
BSP_LCD_Clear                                     build/stm32746g_discovery_lcd.o
BSP_LCD_ClearStringLine                           build/stm32746g_discovery_lcd.o
BSP_LCD_ClockConfig                               build/stm32746g_discovery_lcd.o
BSP_LCD_DeInit                                    build/stm32746g_discovery_lcd.o
BSP_LCD_DisplayChar                               build/stm32746g_discovery_lcd.o
BSP_LCD_DisplayOff                                build/stm32746g_discovery_lcd.o
BSP_LCD_DisplayOn                                 build/stm32746g_discovery_lcd.o
BSP_LCD_DisplayStringAt                           build/stm32746g_discovery_lcd.o
BSP_LCD_DisplayStringAtLine                       build/stm32746g_discovery_lcd.o
BSP_LCD_DrawBitmap                                build/stm32746g_discovery_lcd.o
BSP_LCD_DrawCircle                                build/stm32746g_discovery_lcd.o
BSP_LCD_DrawEllipse                               build/stm32746g_discovery_lcd.o
BSP_LCD_DrawHLine                                 build/stm32746g_discovery_lcd.o
BSP_LCD_DrawLine                                  build/stm32746g_discovery_lcd.o
BSP_LCD_DrawPixel                                 build/stm32746g_discovery_lcd.o
BSP_LCD_DrawPolygon                               build/stm32746g_discovery_lcd.o
BSP_LCD_DrawRect                                  build/stm32746g_discovery_lcd.o
BSP_LCD_DrawVLine                                 build/stm32746g_discovery_lcd.o
BSP_LCD_FillCircle                                build/stm32746g_discovery_lcd.o
BSP_LCD_FillEllipse                               build/stm32746g_discovery_lcd.o
BSP_LCD_FillPolygon                               build/stm32746g_discovery_lcd.o
BSP_LCD_FillRect                                  build/stm32746g_discovery_lcd.o
BSP_LCD_GetBackColor                              build/stm32746g_discovery_lcd.o
BSP_LCD_GetFont                                   build/stm32746g_discovery_lcd.o
BSP_LCD_GetTextColor                              build/stm32746g_discovery_lcd.o
BSP_LCD_GetXSize                                  build/stm32746g_discovery_lcd.o
BSP_LCD_GetYSize                                  build/stm32746g_discovery_lcd.o
BSP_LCD_Init                                      build/stm32746g_discovery_lcd.o
BSP_LCD_LayerDefaultInit                          build/stm32746g_discovery_lcd.o
BSP_LCD_LayerRgb565Init                           build/stm32746g_discovery_lcd.o
BSP_LCD_MspDeInit                                 build/stm32746g_discovery_lcd.o
BSP_LCD_MspInit                                   build/stm32746g_discovery_lcd.o
BSP_LCD_ReadPixel                                 build/stm32746g_discovery_lcd.o
BSP_LCD_Reload                                    build/stm32746g_discovery_lcd.o
BSP_LCD_ResetColorKeying                          build/stm32746g_discovery_lcd.o
BSP_LCD_ResetColorKeying_NoReload                 build/stm32746g_discovery_lcd.o
BSP_LCD_SelectLayer                               build/stm32746g_discovery_lcd.o
BSP_LCD_SetBackColor                              build/stm32746g_discovery_lcd.o
BSP_LCD_SetColorKeying                            build/stm32746g_discovery_lcd.o
BSP_LCD_SetColorKeying_NoReload                   build/stm32746g_discovery_lcd.o
BSP_LCD_SetFont                                   build/stm32746g_discovery_lcd.o
BSP_LCD_SetLayerAddress                           build/stm32746g_discovery_lcd.o
BSP_LCD_SetLayerAddress_NoReload                  build/stm32746g_discovery_lcd.o
BSP_LCD_SetLayerVisible                           build/stm32746g_discovery_lcd.o
BSP_LCD_SetLayerVisible_NoReload                  build/stm32746g_discovery_lcd.o
BSP_LCD_SetLayerWindow                            build/stm32746g_discovery_lcd.o
BSP_LCD_SetLayerWindow_NoReload                   build/stm32746g_discovery_lcd.o
BSP_LCD_SetTextColor                              build/stm32746g_discovery_lcd.o
BSP_LCD_SetTransparency                           build/stm32746g_discovery_lcd.o
BSP_LCD_SetTransparency_NoReload                  build/stm32746g_discovery_lcd.o
BSP_LCD_SetXSize                                  build/stm32746g_discovery_lcd.o
BSP_LCD_SetYSize                                  build/stm32746g_discovery_lcd.o
BSP_LED_DeInit                                    build/stm32746g_discovery.o
BSP_LED_Init                                      build/stm32746g_discovery.o
BSP_LED_Off                                       build/stm32746g_discovery.o
BSP_LED_On                                        build/stm32746g_discovery.o
BSP_LED_Toggle                                    build/stm32746g_discovery.o
BSP_PB_DeInit                                     build/stm32746g_discovery.o
BSP_PB_GetState                                   build/stm32746g_discovery.o
BSP_PB_Init                                       build/stm32746g_discovery.o
BSP_SDRAM_DeInit                                  build/stm32746g_discovery_sdram.o
BSP_SDRAM_Init                                    build/stm32746g_discovery_sdram.o
                                                  build/stm32746g_discovery_lcd.o
BSP_SDRAM_Initialization_sequence                 build/stm32746g_discovery_sdram.o
BSP_SDRAM_MspDeInit                               build/stm32746g_discovery_sdram.o
BSP_SDRAM_MspInit                                 build/stm32746g_discovery_sdram.o
BSP_SDRAM_ReadData                                build/stm32746g_discovery_sdram.o
BSP_SDRAM_ReadData_DMA                            build/stm32746g_discovery_sdram.o
BSP_SDRAM_Sendcmd                                 build/stm32746g_discovery_sdram.o
BSP_SDRAM_WriteData                               build/stm32746g_discovery_sdram.o
BSP_SDRAM_WriteData_DMA                           build/stm32746g_discovery_sdram.o
BSP_SD_AbortCallback                              build/stm32746g_discovery_sd.o
BSP_SD_DeInit                                     build/stm32746g_discovery_sd.o
BSP_SD_Detect_MspInit                             build/stm32746g_discovery_sd.o
BSP_SD_Erase                                      build/stm32746g_discovery_sd.o
BSP_SD_GetCardInfo                                build/stm32746g_discovery_sd.o
BSP_SD_GetCardState                               build/stm32746g_discovery_sd.o
BSP_SD_ITConfig                                   build/stm32746g_discovery_sd.o
BSP_SD_Init                                       build/stm32746g_discovery_sd.o
BSP_SD_IsDetected                                 build/stm32746g_discovery_sd.o
BSP_SD_MspDeInit                                  build/stm32746g_discovery_sd.o
BSP_SD_MspInit                                    build/stm32746g_discovery_sd.o
BSP_SD_ReadBlocks                                 build/stm32746g_discovery_sd.o
BSP_SD_ReadBlocks_DMA                             build/stm32746g_discovery_sd.o
BSP_SD_ReadCpltCallback                           build/stm32746g_discovery_sd.o
BSP_SD_WriteBlocks                                build/stm32746g_discovery_sd.o
BSP_SD_WriteBlocks_DMA                            build/stm32746g_discovery_sd.o
BSP_SD_WriteCpltCallback                          build/stm32746g_discovery_sd.o
BUTTON_IRQn                                       build/stm32746g_discovery.o
BUTTON_PIN                                        build/stm32746g_discovery.o
BUTTON_PORT                                       build/stm32746g_discovery.o
BusFault_Handler                                  build/stm32f7xx_it.o
CAMERA_Delay                                      build/stm32746g_discovery.o
                                                  build/ov9655.o
CAMERA_IO_Init                                    build/stm32746g_discovery.o
                                                  build/ov9655.o
CAMERA_IO_Read                                    build/stm32746g_discovery.o
                                                  build/ov9655.o
CAMERA_IO_Write                                   build/stm32746g_discovery.o
                                                  build/ov9655.o
CAN1_RX0_IRQHandler                               build/startup_stm32f746xx.o
CAN1_RX1_IRQHandler                               build/startup_stm32f746xx.o
CAN1_SCE_IRQHandler                               build/startup_stm32f746xx.o
CAN1_TX_IRQHandler                                build/startup_stm32f746xx.o
CAN2_RX0_IRQHandler                               build/startup_stm32f746xx.o
CAN2_RX1_IRQHandler                               build/startup_stm32f746xx.o
CAN2_SCE_IRQHandler                               build/startup_stm32f746xx.o
CAN2_TX_IRQHandler                                build/startup_stm32f746xx.o
CEC_IRQHandler                                    build/startup_stm32f746xx.o
COM_RX_AF                                         build/stm32746g_discovery.o
COM_RX_PIN                                        build/stm32746g_discovery.o
COM_RX_PORT                                       build/stm32746g_discovery.o
COM_TX_AF                                         build/stm32746g_discovery.o
COM_TX_PIN                                        build/stm32746g_discovery.o
COM_TX_PORT                                       build/stm32746g_discovery.o
COM_USART                                         build/stm32746g_discovery.o
DCMI_IRQHandler                                   build/startup_stm32f746xx.o
DMA1_Stream0_IRQHandler                           build/startup_stm32f746xx.o
DMA1_Stream1_IRQHandler                           build/startup_stm32f746xx.o
DMA1_Stream2_IRQHandler                           build/startup_stm32f746xx.o
DMA1_Stream3_IRQHandler                           build/startup_stm32f746xx.o
DMA1_Stream4_IRQHandler                           build/startup_stm32f746xx.o
DMA1_Stream5_IRQHandler                           build/startup_stm32f746xx.o
DMA1_Stream6_IRQHandler                           build/startup_stm32f746xx.o
DMA1_Stream7_IRQHandler                           build/startup_stm32f746xx.o
DMA2D_IRQHandler                                  build/startup_stm32f746xx.o
DMA2_Stream0_IRQHandler                           build/startup_stm32f746xx.o
DMA2_Stream1_IRQHandler                           build/startup_stm32f746xx.o
DMA2_Stream2_IRQHandler                           build/startup_stm32f746xx.o
DMA2_Stream3_IRQHandler                           build/startup_stm32f746xx.o
DMA2_Stream4_IRQHandler                           build/startup_stm32f746xx.o
DMA2_Stream5_IRQHandler                           build/startup_stm32f746xx.o
DMA2_Stream6_IRQHandler                           build/startup_stm32f746xx.o
DMA2_Stream7_IRQHandler                           build/startup_stm32f746xx.o
DebugMon_Handler                                  build/stm32f7xx_it.o
Default_Handler                                   build/startup_stm32f746xx.o
EEPROM_IO_Init                                    build/stm32746g_discovery.o
EEPROM_IO_IsDeviceReady                           build/stm32746g_discovery.o
EEPROM_IO_ReadData                                build/stm32746g_discovery.o
EEPROM_IO_WriteData                               build/stm32746g_discovery.o
ETH_IRQHandler                                    build/startup_stm32f746xx.o
ETH_WKUP_IRQHandler                               build/startup_stm32f746xx.o
EXTI0_IRQHandler                                  build/startup_stm32f746xx.o
EXTI15_10_IRQHandler                              build/startup_stm32f746xx.o
EXTI1_IRQHandler                                  build/startup_stm32f746xx.o
EXTI2_IRQHandler                                  build/startup_stm32f746xx.o
EXTI3_IRQHandler                                  build/startup_stm32f746xx.o
EXTI4_IRQHandler                                  build/startup_stm32f746xx.o
EXTI9_5_IRQHandler                                build/startup_stm32f746xx.o
Error_Handler                                     build/main.o
                                                  build/usart.o
FLASH_Erase_Sector                                build/stm32f7xx_hal_flash_ex.o
                                                  build/stm32f7xx_hal_flash.o
FLASH_IRQHandler                                  build/startup_stm32f746xx.o
FLASH_WaitForLastOperation                        build/stm32f7xx_hal_flash.o
                                                  build/stm32f7xx_hal_flash_ex.o
FMC_IRQHandler                                    build/startup_stm32f746xx.o
FMC_NAND_AttributeSpace_Timing_Init               build/stm32f7xx_ll_fmc.o
FMC_NAND_CommonSpace_Timing_Init                  build/stm32f7xx_ll_fmc.o
FMC_NAND_DeInit                                   build/stm32f7xx_ll_fmc.o
FMC_NAND_ECC_Disable                              build/stm32f7xx_ll_fmc.o
FMC_NAND_ECC_Enable                               build/stm32f7xx_ll_fmc.o
FMC_NAND_GetECC                                   build/stm32f7xx_ll_fmc.o
FMC_NAND_Init                                     build/stm32f7xx_ll_fmc.o
FMC_NORSRAM_DeInit                                build/stm32f7xx_ll_fmc.o
FMC_NORSRAM_Extended_Timing_Init                  build/stm32f7xx_ll_fmc.o
FMC_NORSRAM_Init                                  build/stm32f7xx_ll_fmc.o
FMC_NORSRAM_Timing_Init                           build/stm32f7xx_ll_fmc.o
FMC_NORSRAM_WriteOperation_Disable                build/stm32f7xx_ll_fmc.o
FMC_NORSRAM_WriteOperation_Enable                 build/stm32f7xx_ll_fmc.o
FMC_SDRAM_DeInit                                  build/stm32f7xx_ll_fmc.o
                                                  build/stm32f7xx_hal_sdram.o
FMC_SDRAM_GetModeStatus                           build/stm32f7xx_ll_fmc.o
                                                  build/stm32f7xx_hal_sdram.o
FMC_SDRAM_Init                                    build/stm32f7xx_ll_fmc.o
                                                  build/stm32f7xx_hal_sdram.o
FMC_SDRAM_ProgramRefreshRate                      build/stm32f7xx_ll_fmc.o
                                                  build/stm32f7xx_hal_sdram.o
FMC_SDRAM_SendCommand                             build/stm32f7xx_ll_fmc.o
                                                  build/stm32f7xx_hal_sdram.o
FMC_SDRAM_SetAutoRefreshNumber                    build/stm32f7xx_ll_fmc.o
                                                  build/stm32f7xx_hal_sdram.o
FMC_SDRAM_Timing_Init                             build/stm32f7xx_ll_fmc.o
                                                  build/stm32f7xx_hal_sdram.o
FMC_SDRAM_WriteProtection_Disable                 build/stm32f7xx_ll_fmc.o
                                                  build/stm32f7xx_hal_sdram.o
FMC_SDRAM_WriteProtection_Enable                  build/stm32f7xx_ll_fmc.o
                                                  build/stm32f7xx_hal_sdram.o
FPU_IRQHandler                                    build/startup_stm32f746xx.o
Font12                                            build/stm32746g_discovery_lcd.o
Font12_Table                                      build/stm32746g_discovery_lcd.o
Font16                                            build/stm32746g_discovery_lcd.o
Font16_Table                                      build/stm32746g_discovery_lcd.o
Font20                                            build/stm32746g_discovery_lcd.o
Font20_Table                                      build/stm32746g_discovery_lcd.o
Font24                                            build/stm32746g_discovery_lcd.o
Font24_Table                                      build/stm32746g_discovery_lcd.o
Font8                                             build/stm32746g_discovery_lcd.o
Font8_Table                                       build/stm32746g_discovery_lcd.o
GPIO_PIN                                          build/stm32746g_discovery.o
HAL_DBGMCU_DisableDBGSleepMode                    build/stm32f7xx_hal.o
HAL_DBGMCU_DisableDBGStandbyMode                  build/stm32f7xx_hal.o
HAL_DBGMCU_DisableDBGStopMode                     build/stm32f7xx_hal.o
HAL_DBGMCU_EnableDBGSleepMode                     build/stm32f7xx_hal.o
HAL_DBGMCU_EnableDBGStandbyMode                   build/stm32f7xx_hal.o
HAL_DBGMCU_EnableDBGStopMode                      build/stm32f7xx_hal.o
HAL_DCMI_ConfigCrop                               build/stm32f7xx_hal_dcmi.o
                                                  build/stm32746g_discovery_camera.o
HAL_DCMI_ConfigSyncUnmask                         build/stm32f7xx_hal_dcmi.o
HAL_DCMI_DeInit                                   build/stm32f7xx_hal_dcmi.o
                                                  build/stm32746g_discovery_camera.o
HAL_DCMI_DisableCrop                              build/stm32f7xx_hal_dcmi.o
                                                  build/stm32746g_discovery_camera.o
HAL_DCMI_EnableCrop                               build/stm32f7xx_hal_dcmi.o
                                                  build/stm32746g_discovery_camera.o
HAL_DCMI_ErrorCallback                            build/stm32746g_discovery_camera.o
                                                  build/stm32f7xx_hal_dcmi.o
HAL_DCMI_FrameEventCallback                       build/stm32746g_discovery_camera.o
                                                  build/stm32f7xx_hal_dcmi.o
HAL_DCMI_GetError                                 build/stm32f7xx_hal_dcmi.o
HAL_DCMI_GetState                                 build/stm32f7xx_hal_dcmi.o
HAL_DCMI_IRQHandler                               build/stm32f7xx_hal_dcmi.o
HAL_DCMI_Init                                     build/stm32f7xx_hal_dcmi.o
                                                  build/stm32746g_discovery_camera.o
HAL_DCMI_LineEventCallback                        build/stm32746g_discovery_camera.o
                                                  build/stm32f7xx_hal_dcmi.o
HAL_DCMI_MspDeInit                                build/stm32f7xx_hal_dcmi.o
HAL_DCMI_MspInit                                  build/stm32f7xx_hal_dcmi.o
HAL_DCMI_Resume                                   build/stm32f7xx_hal_dcmi.o
                                                  build/stm32746g_discovery_camera.o
HAL_DCMI_Start_DMA                                build/stm32f7xx_hal_dcmi.o
                                                  build/stm32746g_discovery_camera.o
HAL_DCMI_Stop                                     build/stm32f7xx_hal_dcmi.o
                                                  build/stm32746g_discovery_camera.o
HAL_DCMI_Suspend                                  build/stm32f7xx_hal_dcmi.o