Component: Arm Compiler for Embedded 6.21 Tool: armlink [5ec1fa00]

==============================================================================

Section Cross References

    startup_stm32f746xx.o(STACK) refers (Special) to heapauxi.o(.text) for __use_two_region_memory
    startup_stm32f746xx.o(HEAP) refers (Special) to heapauxi.o(.text) for __use_two_region_memory
    startup_stm32f746xx.o(RESET) refers (Special) to heapauxi.o(.text) for __use_two_region_memory
    startup_stm32f746xx.o(RESET) refers to startup_stm32f746xx.o(STACK) for __initial_sp
    startup_stm32f746xx.o(RESET) refers to startup_stm32f746xx.o(.text) for Reset_Handler
    startup_stm32f746xx.o(RESET) refers to stm32f7xx_it.o(.text.NMI_Handler) for NMI_Handler
    startup_stm32f746xx.o(RESET) refers to stm32f7xx_it.o(.text.HardFault_Handler) for HardFault_Handler
    startup_stm32f746xx.o(RESET) refers to stm32f7xx_it.o(.text.MemManage_Handler) for MemManage_Handler
    startup_stm32f746xx.o(RESET) refers to stm32f7xx_it.o(.text.BusFault_Handler) for BusFault_Handler
    startup_stm32f746xx.o(RESET) refers to stm32f7xx_it.o(.text.UsageFault_Handler) for UsageFault_Handler
    startup_stm32f746xx.o(RESET) refers to stm32f7xx_it.o(.text.SVC_Handler) for SVC_Handler
    startup_stm32f746xx.o(RESET) refers to stm32f7xx_it.o(.text.DebugMon_Handler) for DebugMon_Handler
    startup_stm32f746xx.o(RESET) refers to stm32f7xx_it.o(.text.PendSV_Handler) for PendSV_Handler
    startup_stm32f746xx.o(RESET) refers to stm32f7xx_it.o(.text.SysTick_Handler) for SysTick_Handler
    startup_stm32f746xx.o(RESET) refers to stm32f7xx_it.o(.text.USART6_IRQHandler) for USART6_IRQHandler
    startup_stm32f746xx.o(.text) refers (Special) to heapauxi.o(.text) for __use_two_region_memory
    startup_stm32f746xx.o(.text) refers to system_stm32f7xx.o(.text.SystemInit) for SystemInit
    startup_stm32f746xx.o(.text) refers to __main.o(!!!main) for __main
    startup_stm32f746xx.o(.text) refers to startup_stm32f746xx.o(HEAP) for Heap_Mem
    startup_stm32f746xx.o(.text) refers to startup_stm32f746xx.o(STACK) for Stack_Mem
    gpio.o(.text.MX_GPIO_Init) refers to stm32f7xx_hal_gpio.o(.text.HAL_GPIO_WritePin) for HAL_GPIO_WritePin
    gpio.o(.text.MX_GPIO_Init) refers to stm32f7xx_hal_gpio.o(.text.HAL_GPIO_Init) for HAL_GPIO_Init
    gpio.o(.ARM.exidx.text.MX_GPIO_Init) refers to gpio.o(.text.MX_GPIO_Init) for [Anonymous Symbol]
    usart.o(.text.MX_USART6_UART_Init) refers to usart.o(.bss.huart6) for huart6
    usart.o(.text.MX_USART6_UART_Init) refers to stm32f7xx_hal_uart.o(.text.HAL_UART_Init) for HAL_UART_Init
    usart.o(.text.MX_USART6_UART_Init) refers to main.o(.text.Error_Handler) for Error_Handler
    usart.o(.ARM.exidx.text.MX_USART6_UART_Init) refers to usart.o(.text.MX_USART6_UART_Init) for [Anonymous Symbol]
    usart.o(.text.HAL_UART_MspInit) refers to rt_memclr_w.o(.text) for __aeabi_memclr4
    usart.o(.text.HAL_UART_MspInit) refers to stm32f7xx_hal_rcc_ex.o(.text.HAL_RCCEx_PeriphCLKConfig) for HAL_RCCEx_PeriphCLKConfig
    usart.o(.text.HAL_UART_MspInit) refers to main.o(.text.Error_Handler) for Error_Handler
    usart.o(.text.HAL_UART_MspInit) refers to stm32f7xx_hal_gpio.o(.text.HAL_GPIO_Init) for HAL_GPIO_Init
    usart.o(.text.HAL_UART_MspInit) refers to stm32f7xx_hal_cortex.o(.text.HAL_NVIC_SetPriority) for HAL_NVIC_SetPriority
    usart.o(.text.HAL_UART_MspInit) refers to stm32f7xx_hal_cortex.o(.text.HAL_NVIC_EnableIRQ) for HAL_NVIC_EnableIRQ
    usart.o(.ARM.exidx.text.HAL_UART_MspInit) refers to usart.o(.text.HAL_UART_MspInit) for [Anonymous Symbol]
    usart.o(.text.HAL_UART_MspDeInit) refers to stm32f7xx_hal_gpio.o(.text.HAL_GPIO_DeInit) for HAL_GPIO_DeInit
    usart.o(.text.HAL_UART_MspDeInit) refers to stm32f7xx_hal_cortex.o(.text.HAL_NVIC_DisableIRQ) for HAL_NVIC_DisableIRQ
    usart.o(.ARM.exidx.text.HAL_UART_MspDeInit) refers to usart.o(.text.HAL_UART_MspDeInit) for [Anonymous Symbol]
    usart.o(.text.HAL_UART_RxCpltCallback) refers to usart.o(.bss.usart6_def) for usart6_def
    usart.o(.text.HAL_UART_RxCpltCallback) refers to stm32f7xx_hal_uart.o(.text.HAL_UART_Receive_IT) for HAL_UART_Receive_IT
    usart.o(.ARM.exidx.text.HAL_UART_RxCpltCallback) refers to usart.o(.text.HAL_UART_RxCpltCallback) for [Anonymous Symbol]
    usart.o(.ARM.exidx.text._sys_exit) refers to usart.o(.text._sys_exit) for [Anonymous Symbol]
    usart.o(.ARM.exidx.text.fputc) refers to usart.o(.text.fputc) for [Anonymous Symbol]
    stm32f7xx_it.o(.ARM.exidx.text.NMI_Handler) refers to stm32f7xx_it.o(.text.NMI_Handler) for [Anonymous Symbol]
    stm32f7xx_it.o(.ARM.exidx.text.HardFault_Handler) refers to stm32f7xx_it.o(.text.HardFault_Handler) for [Anonymous Symbol]
    stm32f7xx_it.o(.ARM.exidx.text.MemManage_Handler) refers to stm32f7xx_it.o(.text.MemManage_Handler) for [Anonymous Symbol]
    stm32f7xx_it.o(.ARM.exidx.text.BusFault_Handler) refers to stm32f7xx_it.o(.text.BusFault_Handler) for [Anonymous Symbol]
[...]
    Removing stm32746g_discovery.o(.ARM.exidx.text.EEPROM_IO_Init), (8 bytes).
    Removing stm32746g_discovery.o(.text.EEPROM_IO_WriteData), (66 bytes).
    Removing stm32746g_discovery.o(.ARM.exidx.text.EEPROM_IO_WriteData), (8 bytes).
    Removing stm32746g_discovery.o(.text.EEPROM_IO_ReadData), (66 bytes).
    Removing stm32746g_discovery.o(.ARM.exidx.text.EEPROM_IO_ReadData), (8 bytes).
    Removing stm32746g_discovery.o(.text.EEPROM_IO_IsDeviceReady), (22 bytes).
    Removing stm32746g_discovery.o(.ARM.exidx.text.EEPROM_IO_IsDeviceReady), (8 bytes).
    Removing stm32746g_discovery.o(.text.TS_IO_Init), (12 bytes).
    Removing stm32746g_discovery.o(.ARM.exidx.text.TS_IO_Init), (8 bytes).
    Removing stm32746g_discovery.o(.text.TS_IO_Write), (70 bytes).
    Removing stm32746g_discovery.o(.ARM.exidx.text.TS_IO_Write), (8 bytes).
    Removing stm32746g_discovery.o(.text.TS_IO_Read), (74 bytes).
    Removing stm32746g_discovery.o(.ARM.exidx.text.TS_IO_Read), (8 bytes).
    Removing stm32746g_discovery.o(.text.TS_IO_Delay), (4 bytes).
    Removing stm32746g_discovery.o(.ARM.exidx.text.TS_IO_Delay), (8 bytes).
    Removing stm32746g_discovery.o(.rodata.GPIO_PIN), (4 bytes).
    Removing stm32746g_discovery.o(.data.BUTTON_PORT), (12 bytes).
    Removing stm32746g_discovery.o(.rodata.BUTTON_PIN), (6 bytes).
    Removing stm32746g_discovery.o(.rodata.BUTTON_IRQn), (6 bytes).
    Removing stm32746g_discovery.o(.rodata.COM_TX_PIN), (2 bytes).
    Removing stm32746g_discovery.o(.rodata.COM_RX_PIN), (2 bytes).
    Removing stm32746g_discovery.o(.rodata.COM_TX_AF), (2 bytes).
    Removing stm32746g_discovery.o(.rodata.COM_RX_AF), (2 bytes).
    Removing stm32746g_discovery.o(.bss.hI2cAudioHandler), (84 bytes).
    Removing stm32746g_discovery.o(.bss.hI2cExtHandler), (84 bytes).
    Removing stm32746g_discovery.o(.data..L_MergedGlobals), (12 bytes).
    Removing stm32746g_discovery_camera.o(.text), (0 bytes).
    Removing stm32746g_discovery_camera.o(.text.BSP_CAMERA_Init), (234 bytes).
    Removing stm32746g_discovery_camera.o(.ARM.exidx.text.BSP_CAMERA_Init), (8 bytes).
    Removing stm32746g_discovery_camera.o(.text.BSP_CAMERA_PwrUp), (86 bytes).
    Removing stm32746g_discovery_camera.o(.ARM.exidx.text.BSP_CAMERA_PwrUp), (8 bytes).
    Removing stm32746g_discovery_camera.o(.text.BSP_CAMERA_MspInit), (400 bytes).
    Removing stm32746g_discovery_camera.o(.ARM.exidx.text.BSP_CAMERA_MspInit), (8 bytes).
    Removing stm32746g_discovery_camera.o(.text.BSP_CAMERA_DeInit), (38 bytes).
    Removing stm32746g_discovery_camera.o(.ARM.exidx.text.BSP_CAMERA_DeInit), (8 bytes).
    Removing stm32746g_discovery_camera.o(.text.BSP_CAMERA_MspDeInit), (40 bytes).
    Removing stm32746g_discovery_camera.o(.ARM.exidx.text.BSP_CAMERA_MspDeInit), (8 bytes).
    Removing stm32746g_discovery_camera.o(.text.BSP_CAMERA_ContinuousStart), (52 bytes).
    Removing stm32746g_discovery_camera.o(.ARM.exidx.text.BSP_CAMERA_ContinuousStart), (8 bytes).
    Removing stm32746g_discovery_camera.o(.text.BSP_CAMERA_SnapshotStart), (52 bytes).
    Removing stm32746g_discovery_camera.o(.ARM.exidx.text.BSP_CAMERA_SnapshotStart), (8 bytes).
    Removing stm32746g_discovery_camera.o(.text.BSP_CAMERA_Suspend), (14 bytes).
    Removing stm32746g_discovery_camera.o(.ARM.exidx.text.BSP_CAMERA_Suspend), (8 bytes).
    Removing stm32746g_discovery_camera.o(.text.BSP_CAMERA_Resume), (14 bytes).
    Removing stm32746g_discovery_camera.o(.ARM.exidx.text.BSP_CAMERA_Resume), (8 bytes).
    Removing stm32746g_discovery_camera.o(.text.BSP_CAMERA_Stop), (104 bytes).
    Removing stm32746g_discovery_camera.o(.ARM.exidx.text.BSP_CAMERA_Stop), (8 bytes).
    Removing stm32746g_discovery_camera.o(.text.BSP_CAMERA_PwrDown), (80 bytes).
    Removing stm32746g_discovery_camera.o(.ARM.exidx.text.BSP_CAMERA_PwrDown), (8 bytes).
    Removing stm32746g_discovery_camera.o(.text.BSP_CAMERA_ContrastBrightnessConfig), (48 bytes).
    Removing stm32746g_discovery_camera.o(.ARM.exidx.text.BSP_CAMERA_ContrastBrightnessConfig), (8 bytes).
    Removing stm32746g_discovery_camera.o(.text.BSP_CAMERA_BlackWhiteConfig), (38 bytes).
    Removing stm32746g_discovery_camera.o(.ARM.exidx.text.BSP_CAMERA_BlackWhiteConfig), (8 bytes).
    Removing stm32746g_discovery_camera.o(.text.BSP_CAMERA_ColorEffectConfig), (38 bytes).
    Removing stm32746g_discovery_camera.o(.ARM.exidx.text.BSP_CAMERA_ColorEffectConfig), (8 bytes).
    Removing stm32746g_discovery_camera.o(.text.HAL_DCMI_LineEventCallback), (4 bytes).
    Removing stm32746g_discovery_camera.o(.ARM.exidx.text.HAL_DCMI_LineEventCallback), (8 bytes).
    Removing stm32746g_discovery_camera.o(.text.BSP_CAMERA_LineEventCallback), (2 bytes).
    Removing stm32746g_discovery_camera.o(.ARM.exidx.text.BSP_CAMERA_LineEventCallback), (8 bytes).
    Removing stm32746g_discovery_camera.o(.text.HAL_DCMI_VsyncEventCallback), (4 bytes).
    Removing stm32746g_discovery_camera.o(.ARM.exidx.text.HAL_DCMI_VsyncEventCallback), (8 bytes).
    Removing stm32746g_discovery_camera.o(.text.BSP_CAMERA_VsyncEventCallback), (2 bytes).
    Removing stm32746g_discovery_camera.o(.ARM.exidx.text.BSP_CAMERA_VsyncEventCallback), (8 bytes).
    Removing stm32746g_discovery_camera.o(.text.HAL_DCMI_FrameEventCallback), (4 bytes).
    Removing stm32746g_discovery_camera.o(.ARM.exidx.text.HAL_DCMI_FrameEventCallback), (8 bytes).
    Removing stm32746g_discovery_camera.o(.text.BSP_CAMERA_FrameEventCallback), (2 bytes).
    Removing stm32746g_discovery_camera.o(.ARM.exidx.text.BSP_CAMERA_FrameEventCallback), (8 bytes).
    Removing stm32746g_discovery_camera.o(.text.HAL_DCMI_ErrorCallback), (4 bytes).
    Removing stm32746g_discovery_camera.o(.ARM.exidx.text.HAL_DCMI_ErrorCallback), (8 bytes).
    Removing stm32746g_discovery_camera.o(.text.BSP_CAMERA_ErrorCallback), (2 bytes).
    Removing stm32746g_discovery_camera.o(.ARM.exidx.text.BSP_CAMERA_ErrorCallback), (8 bytes).
    Removing stm32746g_discovery_camera.o(.bss.BSP_CAMERA_MspInit.hdma_handler), (96 bytes).
    Removing stm32746g_discovery_camera.o(.rodata.cst16), (16 bytes).
    Removing stm32746g_discovery_camera.o(.bss..L_MergedGlobals), (92 bytes).
    Removing stm32746g_discovery_lcd.o(.text), (0 bytes).
    Removing stm32746g_discovery_lcd.o(.text.BSP_LCD_Init), (192 bytes).
    Removing stm32746g_discovery_lcd.o(.ARM.exidx.text.BSP_LCD_Init), (8 bytes).
    Removing stm32746g_discovery_lcd.o(.text.BSP_LCD_ClockConfig), (30 bytes).
    Removing stm32746g_discovery_lcd.o(.ARM.exidx.text.BSP_LCD_ClockConfig), (8 bytes).
    Removing stm32746g_discovery_lcd.o(.text.BSP_LCD_MspInit), (330 bytes).
    Removing stm32746g_discovery_lcd.o(.ARM.exidx.text.BSP_LCD_MspInit), (8 bytes).
    Removing stm32746g_discovery_lcd.o(.text.BSP_LCD_SetFont), (22 bytes).
    Removing stm32746g_discovery_lcd.o(.ARM.exidx.text.BSP_LCD_SetFont), (8 bytes).
    Removing stm32746g_discovery_lcd.o(.text.BSP_LCD_DeInit), (48 bytes).
    Removing stm32746g_discovery_lcd.o(.ARM.exidx.text.BSP_LCD_DeInit), (8 bytes).
    Removing stm32746g_discovery_lcd.o(.text.BSP_LCD_MspDeInit), (92 bytes).
    Removing stm32746g_discovery_lcd.o(.ARM.exidx.text.BSP_LCD_MspDeInit), (8 bytes).
    Removing stm32746g_discovery_lcd.o(.text.BSP_LCD_GetXSize), (28 bytes).
    Removing stm32746g_discovery_lcd.o(.ARM.exidx.text.BSP_LCD_GetXSize), (8 bytes).
    Removing stm32746g_discovery_lcd.o(.text.BSP_LCD_GetYSize), (28 bytes).
    Removing stm32746g_discovery_lcd.o(.ARM.exidx.text.BSP_LCD_GetYSize), (8 bytes).
    Removing stm32746g_discovery_lcd.o(.text.BSP_LCD_SetXSize), (28 bytes).
    Removing stm32746g_discovery_lcd.o(.ARM.exidx.text.BSP_LCD_SetXSize), (8 bytes).
    Removing stm32746g_discovery_lcd.o(.text.BSP_LCD_SetYSize), (28 bytes).
    Removing stm32746g_discovery_lcd.o(.ARM.exidx.text.BSP_LCD_SetYSize), (8 bytes).
    Removing stm32746g_discovery_lcd.o(.text.BSP_LCD_LayerDefaultInit), (122 bytes).
    Removing stm32746g_discovery_lcd.o(.ARM.exidx.text.BSP_LCD_LayerDefaultInit), (8 bytes).
    Removing stm32746g_discovery_lcd.o(.text.BSP_LCD_LayerRgb565Init), (124 bytes).
    Removing stm32746g_discovery_lcd.o(.ARM.exidx.text.BSP_LCD_LayerRgb565Init), (8 bytes).
    Removing stm32746g_discovery_lcd.o(.text.BSP_LCD_SelectLayer), (12 bytes).
    Removing stm32746g_discovery_lcd.o(.ARM.exidx.text.BSP_LCD_SelectLayer), (8 bytes).
    Removing stm32746g_discovery_lcd.o(.text.BSP_LCD_SetLayerVisible), (42 bytes).
    Removing stm32746g_discovery_lcd.o(.ARM.exidx.text.BSP_LCD_SetLayerVisible), (8 bytes).
    Removing stm32746g_discovery_lcd.o(.text.BSP_LCD_SetLayerVisible_NoReload), (34 bytes).
    Removing stm32746g_discovery_lcd.o(.ARM.exidx.text.BSP_LCD_SetLayerVisible_NoReload), (8 bytes).
    Removing stm32746g_discovery_lcd.o(.text.BSP_LCD_SetTransparency), (18 bytes).
    Removing stm32746g_discovery_lcd.o(.ARM.exidx.text.BSP_LCD_SetTransparency), (8 bytes).
    Removing stm32746g_discovery_lcd.o(.text.BSP_LCD_SetTransparency_NoReload), (18 bytes).
    Removing stm32746g_discovery_lcd.o(.ARM.exidx.text.BSP_LCD_SetTransparency_NoReload), (8 bytes).
    Removing stm32746g_discovery_lcd.o(.text.BSP_LCD_SetLayerAddress), (18 bytes).
    Removing stm32746g_discovery_lcd.o(.ARM.exidx.text.BSP_LCD_SetLayerAddress), (8 bytes).
    Removing stm32746g_discovery_lcd.o(.text.BSP_LCD_SetLayerAddress_NoReload), (18 bytes).
    Removing stm32746g_discovery_lcd.o(.ARM.exidx.text.BSP_LCD_SetLayerAddress_NoReload), (8 bytes).
    Removing stm32746g_discovery_lcd.o(.text.BSP_LCD_SetLayerWindow), (48 bytes).
    Removing stm32746g_discovery_lcd.o(.ARM.exidx.text.BSP_LCD_SetLayerWindow), (8 bytes).
    Removing stm32746g_discovery_lcd.o(.text.BSP_LCD_SetLayerWindow_NoReload), (48 bytes).
    Removing stm32746g_discovery_lcd.o(.ARM.exidx.text.BSP_LCD_SetLayerWindow_NoReload), (8 bytes).
    Removing stm32746g_discovery_lcd.o(.text.BSP_LCD_SetColorKeying), (32 bytes).
    Removing stm32746g_discovery_lcd.o(.ARM.exidx.text.BSP_LCD_SetColorKeying), (8 bytes).
    Removing stm32746g_discovery_lcd.o(.text.BSP_LCD_SetColorKeying_NoReload), (32 bytes).
    Removing stm32746g_discovery_lcd.o(.ARM.exidx.text.BSP_LCD_SetColorKeying_NoReload), (8 bytes).
    Removing stm32746g_discovery_lcd.o(.text.BSP_LCD_ResetColorKeying), (18 bytes).
    Removing stm32746g_discovery_lcd.o(.ARM.exidx.text.BSP_LCD_ResetColorKeying), (8 bytes).
    Removing stm32746g_discovery_lcd.o(.text.BSP_LCD_ResetColorKeying_NoReload), (18 bytes).
    Removing stm32746g_discovery_lcd.o(.ARM.exidx.text.BSP_LCD_ResetColorKeying_NoReload), (8 bytes).
    Removing stm32746g_discovery_lcd.o(.text.BSP_LCD_Reload), (18 bytes).
    Removing stm32746g_discovery_lcd.o(.ARM.exidx.text.BSP_LCD_Reload), (8 bytes).
    Removing stm32746g_discovery_lcd.o(.text.BSP_LCD_SetTextColor), (22 bytes).
    Removing stm32746g_discovery_lcd.o(.ARM.exidx.text.BSP_LCD_SetTextColor), (8 bytes).
    Removing stm32746g_discovery_lcd.o(.text.BSP_LCD_GetTextColor), (22 bytes).
    Removing stm32746g_discovery_lcd.o(.ARM.exidx.text.BSP_LCD_GetTextColor), (8 bytes).
    Removing stm32746g_discovery_lcd.o(.text.BSP_LCD_SetBackColor), (22 bytes).
    Removing stm32746g_discovery_lcd.o(.ARM.exidx.text.BSP_LCD_SetBackColor), (8 bytes).
    Removing stm32746g_discovery_lcd.o(.text.BSP_LCD_GetBackColor), (22 bytes).
    Removing stm32746g_discovery_lcd.o(.ARM.exidx.text.BSP_LCD_GetBackColor), (8 bytes).
    Removing stm32746g_discovery_lcd.o(.text.BSP_LCD_GetFont), (22 bytes).
    Removing stm32746g_discovery_lcd.o(.ARM.exidx.text.BSP_LCD_GetFont), (8 bytes).
    Removing stm32746g_discovery_lcd.o(.text.BSP_LCD_ReadPixel), (126 bytes).
    Removing stm32746g_discovery_lcd.o(.ARM.exidx.text.BSP_LCD_ReadPixel), (8 bytes).
    Removing stm32746g_discovery_lcd.o(.text.BSP_LCD_Clear), (130 bytes).
    Removing stm32746g_discovery_lcd.o(.ARM.exidx.text.BSP_LCD_Clear), (8 bytes).
    Removing stm32746g_discovery_lcd.o(.text.BSP_LCD_ClearStringLine), (80 bytes).
    Removing stm32746g_discovery_lcd.o(.ARM.exidx.text.BSP_LCD_ClearStringLine), (8 bytes).
    Removing stm32746g_discovery_lcd.o(.text.BSP_LCD_FillRect), (174 bytes).
    Removing stm32746g_discovery_lcd.o(.ARM.exidx.text.BSP_LCD_FillRect), (8 bytes).
    Removing stm32746g_discovery_lcd.o(.text.BSP_LCD_DisplayChar), (278 bytes).
    Removing stm32746g_discovery_lcd.o(.ARM.exidx.text.BSP_LCD_DisplayChar), (8 bytes).
    Removing stm32746g_discovery_lcd.o(.text.BSP_LCD_DisplayStringAt), (206 bytes).
    Removing stm32746g_discovery_lcd.o(.ARM.exidx.text.BSP_LCD_DisplayStringAt), (8 bytes).
    Removing stm32746g_discovery_lcd.o(.text.BSP_LCD_DisplayStringAtLine), (160 bytes).
    Removing stm32746g_discovery_lcd.o(.ARM.exidx.text.BSP_LCD_DisplayStringAtLine), (8 bytes).
    Removing stm32746g_discovery_lcd.o(.text.BSP_LCD_DrawHLine), (166 bytes).
    Removing stm32746g_discovery_lcd.o(.ARM.exidx.text.BSP_LCD_DrawHLine), (8 bytes).
    Removing stm32746g_discovery_lcd.o(.text.BSP_LCD_DrawVLine), (170 bytes).
    Removing stm32746g_discovery_lcd.o(.ARM.exidx.text.BSP_LCD_DrawVLine), (8 bytes).
    Removing stm32746g_discovery_lcd.o(.text.BSP_LCD_DrawLine), (368 bytes).
    Removing stm32746g_discovery_lcd.o(.ARM.exidx.text.BSP_LCD_DrawLine), (8 bytes).
    Removing stm32746g_discovery_lcd.o(.text.BSP_LCD_DrawPixel), (66 bytes).
    Removing stm32746g_discovery_lcd.o(.ARM.exidx.text.BSP_LCD_DrawPixel), (8 bytes).
    Removing stm32746g_discovery_lcd.o(.text.BSP_LCD_DrawRect), (56 bytes).
    Removing stm32746g_discovery_lcd.o(.ARM.exidx.text.BSP_LCD_DrawRect), (8 bytes).
    Removing stm32746g_discovery_lcd.o(.text.BSP_LCD_DrawCircle), (814 bytes).
    Removing stm32746g_discovery_lcd.o(.ARM.exidx.text.BSP_LCD_DrawCircle), (8 bytes).
    Removing stm32746g_discovery_lcd.o(.text.BSP_LCD_DrawPolygon), (62 bytes).
    Removing stm32746g_discovery_lcd.o(.ARM.exidx.text.BSP_LCD_DrawPolygon), (8 bytes).
    Removing stm32746g_discovery_lcd.o(.text.BSP_LCD_DrawEllipse), (530 bytes).
    Removing stm32746g_discovery_lcd.o(.ARM.exidx.text.BSP_LCD_DrawEllipse), (8 bytes).
    Removing stm32746g_discovery_lcd.o(.text.BSP_LCD_DrawBitmap), (262 bytes).
    Removing stm32746g_discovery_lcd.o(.ARM.exidx.text.BSP_LCD_DrawBitmap), (8 bytes).
    Removing stm32746g_discovery_lcd.o(.text.BSP_LCD_FillCircle), (172 bytes).
    Removing stm32746g_discovery_lcd.o(.ARM.exidx.text.BSP_LCD_FillCircle), (8 bytes).
    Removing stm32746g_discovery_lcd.o(.text.BSP_LCD_FillPolygon), (2482 bytes).
    Removing stm32746g_discovery_lcd.o(.ARM.exidx.text.BSP_LCD_FillPolygon), (8 bytes).
    Removing stm32746g_discovery_lcd.o(.text.BSP_LCD_FillEllipse), (174 bytes).
    Removing stm32746g_discovery_lcd.o(.ARM.exidx.text.BSP_LCD_FillEllipse), (8 bytes).
    Removing stm32746g_discovery_lcd.o(.text.BSP_LCD_DisplayOn), (56 bytes).
    Removing stm32746g_discovery_lcd.o(.ARM.exidx.text.BSP_LCD_DisplayOn), (8 bytes).
    Removing stm32746g_discovery_lcd.o(.text.BSP_LCD_DisplayOff), (56 bytes).
    Removing stm32746g_discovery_lcd.o(.ARM.exidx.text.BSP_LCD_DisplayOff), (8 bytes).
    Removing stm32746g_discovery_lcd.o(.rodata.Font24_Table), (6840 bytes).
    Removing stm32746g_discovery_lcd.o(.data.Font24), (8 bytes).
    Removing stm32746g_discovery_lcd.o(.rodata.Font20_Table), (3800 bytes).
    Removing stm32746g_discovery_lcd.o(.data.Font20), (8 bytes).
    Removing stm32746g_discovery_lcd.o(.rodata.Font16_Table), (3040 bytes).
    Removing stm32746g_discovery_lcd.o(.data.Font16), (8 bytes).
    Removing stm32746g_discovery_lcd.o(.rodata.Font12_Table), (1140 bytes).
    Removing stm32746g_discovery_lcd.o(.data.Font12), (8 bytes).
    Removing stm32746g_discovery_lcd.o(.rodata.Font8_Table), (760 bytes).
    Removing stm32746g_discovery_lcd.o(.data.Font8), (8 bytes).
    Removing stm32746g_discovery_lcd.o(.bss.hLtdcHandler), (168 bytes).
    Removing stm32746g_discovery_lcd.o(.bss.BSP_LCD_ClockConfig.periph_clk_init_struct), (132 bytes).
    Removing stm32746g_discovery_lcd.o(.bss..L_MergedGlobals), (92 bytes).
    Removing stm32746g_discovery_sd.o(.text), (0 bytes).
    Removing stm32746g_discovery_sd.o(.text.BSP_SD_Init), (142 bytes).
    Removing stm32746g_discovery_sd.o(.ARM.exidx.text.BSP_SD_Init), (8 bytes).
    Removing stm32746g_discovery_sd.o(.text.BSP_SD_Detect_MspInit), (66 bytes).
    Removing stm32746g_discovery_sd.o(.ARM.exidx.text.BSP_SD_Detect_MspInit), (8 bytes).
    Removing stm32746g_discovery_sd.o(.text.BSP_SD_IsDetected), (44 bytes).
    Removing stm32746g_discovery_sd.o(.ARM.exidx.text.BSP_SD_IsDetected), (8 bytes).
    Removing stm32746g_discovery_sd.o(.text.BSP_SD_MspInit), (378 bytes).
    Removing stm32746g_discovery_sd.o(.ARM.exidx.text.BSP_SD_MspInit), (8 bytes).
    Removing stm32746g_discovery_sd.o(.text.BSP_SD_DeInit), (50 bytes).
    Removing stm32746g_discovery_sd.o(.ARM.exidx.text.BSP_SD_DeInit), (8 bytes).
    Removing stm32746g_discovery_sd.o(.text.BSP_SD_MspDeInit), (78 bytes).
    Removing stm32746g_discovery_sd.o(.ARM.exidx.text.BSP_SD_MspDeInit), (8 bytes).
    Removing stm32746g_discovery_sd.o(.text.BSP_SD_ITConfig), (60 bytes).
    Removing stm32746g_discovery_sd.o(.ARM.exidx.text.BSP_SD_ITConfig), (8 bytes).
    Removing stm32746g_discovery_sd.o(.text.BSP_SD_ReadBlocks), (36 bytes).
    Removing stm32746g_discovery_sd.o(.ARM.exidx.text.BSP_SD_ReadBlocks), (8 bytes).
    Removing stm32746g_discovery_sd.o(.text.BSP_SD_WriteBlocks), (36 bytes).
    Removing stm32746g_discovery_sd.o(.ARM.exidx.text.BSP_SD_WriteBlocks), (8 bytes).
    Removing stm32746g_discovery_sd.o(.text.BSP_SD_ReadBlocks_DMA), (28 bytes).
    Removing stm32746g_discovery_sd.o(.ARM.exidx.text.BSP_SD_ReadBlocks_DMA), (8 bytes).
    Removing stm32746g_discovery_sd.o(.text.BSP_SD_WriteBlocks_DMA), (28 bytes).
    Removing stm32746g_discovery_sd.o(.ARM.exidx.text.BSP_SD_WriteBlocks_DMA), (8 bytes).
    Removing stm32746g_discovery_sd.o(.text.BSP_SD_Erase), (26 bytes).
    Removing stm32746g_discovery_sd.o(.ARM.exidx.text.BSP_SD_Erase), (8 bytes).
    Removing stm32746g_discovery_sd.o(.text.BSP_SD_GetCardState), (22 bytes).
    Removing stm32746g_discovery_sd.o(.ARM.exidx.text.BSP_SD_GetCardState), (8 bytes).
    Removing stm32746g_discovery_sd.o(.text.BSP_SD_GetCardInfo), (18 bytes).
    Removing stm32746g_discovery_sd.o(.ARM.exidx.text.BSP_SD_GetCardInfo), (8 bytes).
    Removing stm32746g_discovery_sd.o(.text.HAL_SD_AbortCallback), (4 bytes).
    Removing stm32746g_discovery_sd.o(.ARM.exidx.text.HAL_SD_AbortCallback), (8 bytes).
    Removing stm32746g_discovery_sd.o(.text.BSP_SD_AbortCallback), (2 bytes).
    Removing stm32746g_discovery_sd.o(.ARM.exidx.text.BSP_SD_AbortCallback), (8 bytes).
    Removing stm32746g_discovery_sd.o(.text.HAL_SD_TxCpltCallback), (4 bytes).
    Removing stm32746g_discovery_sd.o(.ARM.exidx.text.HAL_SD_TxCpltCallback), (8 bytes).
    Removing stm32746g_discovery_sd.o(.text.BSP_SD_WriteCpltCallback), (2 bytes).
    Removing stm32746g_discovery_sd.o(.ARM.exidx.text.BSP_SD_WriteCpltCallback), (8 bytes).
    Removing stm32746g_discovery_sd.o(.text.HAL_SD_RxCpltCallback), (4 bytes).
    Removing stm32746g_discovery_sd.o(.ARM.exidx.text.HAL_SD_RxCpltCallback), (8 bytes).
    Removing stm32746g_discovery_sd.o(.text.BSP_SD_ReadCpltCallback), (2 bytes).
    Removing stm32746g_discovery_sd.o(.ARM.exidx.text.BSP_SD_ReadCpltCallback), (8 bytes).
    Removing stm32746g_discovery_sd.o(.bss.uSdHandle), (132 bytes).
    Removing stm32746g_discovery_sd.o(.bss.BSP_SD_MspInit.dma_rx_handle), (96 bytes).
    Removing stm32746g_discovery_sd.o(.bss.BSP_SD_MspInit.dma_tx_handle), (96 bytes).
    Removing stm32746g_discovery_sd.o(.bss.BSP_SD_MspDeInit.dma_rx_handle), (96 bytes).
    Removing stm32746g_discovery_sd.o(.bss.BSP_SD_MspDeInit.dma_tx_handle), (96 bytes).
    Removing stm32746g_discovery_sdram.o(.text), (0 bytes).
    Removing stm32746g_discovery_sdram.o(.text.BSP_SDRAM_Init), (262 bytes).
    Removing stm32746g_discovery_sdram.o(.ARM.exidx.text.BSP_SDRAM_Init), (8 bytes).
    Removing stm32746g_discovery_sdram.o(.text.BSP_SDRAM_MspInit), (376 bytes).
    Removing stm32746g_discovery_sdram.o(.ARM.exidx.text.BSP_SDRAM_MspInit), (8 bytes).
    Removing stm32746g_discovery_sdram.o(.text.BSP_SDRAM_Initialization_sequence), (144 bytes).
    Removing stm32746g_discovery_sdram.o(.ARM.exidx.text.BSP_SDRAM_Initialization_sequence), (8 bytes).
    Removing stm32746g_discovery_sdram.o(.text.BSP_SDRAM_DeInit), (56 bytes).
    Removing stm32746g_discovery_sdram.o(.ARM.exidx.text.BSP_SDRAM_DeInit), (8 bytes).
    Removing stm32746g_discovery_sdram.o(.text.BSP_SDRAM_MspDeInit), (34 bytes).
    Removing stm32746g_discovery_sdram.o(.ARM.exidx.text.BSP_SDRAM_MspDeInit), (8 bytes).
    Removing stm32746g_discovery_sdram.o(.text.BSP_SDRAM_ReadData), (30 bytes).
    Removing stm32746g_discovery_sdram.o(.ARM.exidx.text.BSP_SDRAM_ReadData), (8 bytes).
    Removing stm32746g_discovery_sdram.o(.text.BSP_SDRAM_ReadData_DMA), (30 bytes).
    Removing stm32746g_discovery_sdram.o(.ARM.exidx.text.BSP_SDRAM_ReadData_DMA), (8 bytes).
    Removing stm32746g_discovery_sdram.o(.text.BSP_SDRAM_WriteData), (30 bytes).
    Removing stm32746g_discovery_sdram.o(.ARM.exidx.text.BSP_SDRAM_WriteData), (8 bytes).
    Removing stm32746g_discovery_sdram.o(.text.BSP_SDRAM_WriteData_DMA), (30 bytes).
    Removing stm32746g_discovery_sdram.o(.ARM.exidx.text.BSP_SDRAM_WriteData_DMA), (8 bytes).
    Removing stm32746g_discovery_sdram.o(.text.BSP_SDRAM_Sendcmd), (30 bytes).
    Removing stm32746g_discovery_sdram.o(.ARM.exidx.text.BSP_SDRAM_Sendcmd), (8 bytes).
    Removing stm32746g_discovery_sdram.o(.bss.BSP_SDRAM_MspInit.dma_handle), (96 bytes).
    Removing stm32746g_discovery_sdram.o(.bss.BSP_SDRAM_MspDeInit.dma_handle), (96 bytes).
    Removing stm32746g_discovery_sdram.o(.bss..L_MergedGlobals), (100 bytes).
    Removing ov9655.o(.text), (0 bytes).
    Removing ov9655.o(.text.ov9655_Init), (148 bytes).
    Removing ov9655.o(.ARM.exidx.text.ov9655_Init), (8 bytes).
    Removing ov9655.o(.text.ov9655_ReadID), (18 bytes).
    Removing ov9655.o(.ARM.exidx.text.ov9655_ReadID), (8 bytes).
    Removing ov9655.o(.text.ov9655_Config), (346 bytes).
    Removing ov9655.o(.ARM.exidx.text.ov9655_Config), (8 bytes).
    Removing ov9655.o(.data.ov9655_drv), (12 bytes).
    Removing ov9655.o(.rodata.OV9655_VGA), (294 bytes).
    Removing ov9655.o(.rodata.OV9655_QVGA), (300 bytes).
    Removing ov9655.o(.rodata.OV9655_QQVGA), (300 bytes).
    Removing ov9655.o(.rodata..Lswitch.table.ov9655_Config.1), (10 bytes).

1375 unused section(s) (total 94663 bytes) removed from the image.

==============================================================================

Image Symbol Table

    Local Symbols

    Symbol Name                              Value     Ov Type        Size  Object(Section)

    ../clib/angel/boardlib.s                 0x00000000   Number         0  boardinit1.o ABSOLUTE
    ../clib/angel/boardlib.s                 0x00000000   Number         0  boardinit2.o ABSOLUTE
    ../clib/angel/boardlib.s                 0x00000000   Number         0  boardinit3.o ABSOLUTE
    ../clib/angel/boardlib.s                 0x00000000   Number         0  boardshut.o ABSOLUTE
    ../clib/angel/handlers.s                 0x00000000   Number         0  __scatter_copy.o ABSOLUTE
    ../clib/angel/handlers.s                 0x00000000   Number         0  __scatter_zi.o ABSOLUTE
    ../clib/angel/kernel.s                   0x00000000   Number         0  __rtentry.o ABSOLUTE
    ../clib/angel/kernel.s                   0x00000000   Number         0  __rtentry2.o ABSOLUTE
    ../clib/angel/kernel.s                   0x00000000   Number         0  __rtentry4.o ABSOLUTE
    ../clib/angel/kernel.s                   0x00000000   Number         0  rtexit.o ABSOLUTE
    ../clib/angel/kernel.s                   0x00000000   Number         0  rtexit2.o ABSOLUTE
    ../clib/angel/rt.s                       0x00000000   Number         0  aeabi_ldiv0.o ABSOLUTE
    ../clib/angel/rt.s                       0x00000000   Number         0  aeabi_ldiv0_sigfpe.o ABSOLUTE
    ../clib/angel/rt.s                       0x00000000   Number         0  rt_div0.o ABSOLUTE
    ../clib/angel/rt.s                       0x00000000   Number         0  rt_raise.o ABSOLUTE
    ../clib/angel/scatter.s                  0x00000000   Number         0  __scatter.o ABSOLUTE
    ../clib/angel/startup.s                  0x00000000   Number         0  __main.o ABSOLUTE
    ../clib/angel/sys.s                      0x00000000   Number         0  sys_stackheap_outer.o ABSOLUTE
    ../clib/angel/sys.s                      0x00000000   Number         0  libspace.o ABSOLUTE
    ../clib/angel/sys.s                      0x00000000   Number         0  use_no_semi.o ABSOLUTE
    ../clib/angel/sys.s                      0x00000000   Number         0  indicate_semi.o ABSOLUTE
    ../clib/angel/sysapp.c                   0x00000000   Number         0  sys_wrch.o ABSOLUTE
    ../clib/angel/sysapp.c                   0x00000000   Number         0  sys_wrch_hlt.o ABSOLUTE
    ../clib/angel/sysapp.c                   0x00000000   Number         0  sys_command.o ABSOLUTE
    ../clib/angel/sysapp.c                   0x00000000   Number         0  sys_command_hlt.o ABSOLUTE
    ../clib/armsys.c                         0x00000000   Number         0  argv_veneer.o ABSOLUTE
    ../clib/armsys.c                         0x00000000   Number         0  argv_veneer.o ABSOLUTE
    ../clib/armsys.c                         0x00000000   Number         0  _get_argv_nomalloc.o ABSOLUTE
    ../clib/armsys.c                         0x00000000   Number         0  no_argv.o ABSOLUTE
    ../clib/heapalloc.c                      0x00000000   Number         0  hrguard.o ABSOLUTE
    ../clib/heapaux.c                        0x00000000   Number         0  heapauxi.o ABSOLUTE
    ../clib/libinit.s                        0x00000000   Number         0  libinit.o ABSOLUTE
    ../clib/libinit.s                        0x00000000   Number         0  libinit2.o ABSOLUTE
    ../clib/libinit.s                        0x00000000   Number         0  libshutdown.o ABSOLUTE
    ../clib/libinit.s                        0x00000000   Number         0  libshutdown2.o ABSOLUTE
    ../clib/longlong.s                       0x00000000   Number         0  lludivv7m.o ABSOLUTE
    ../clib/memcpset.s                       0x00000000   Number         0  rt_memclr_w.o ABSOLUTE
    ../clib/signal.c                         0x00000000   Number         0  defsig_fpe_outer.o ABSOLUTE
    ../clib/signal.c                         0x00000000   Number         0  defsig_fpe_formal.o ABSOLUTE
    ../clib/signal.c                         0x00000000   Number         0  defsig_exit.o ABSOLUTE
    ../clib/signal.c                         0x00000000   Number         0  defsig_fpe_inner.o ABSOLUTE
    ../clib/signal.c                         0x00000000   Number         0  __raise.o ABSOLUTE
    ../clib/signal.c                         0x00000000   Number         0  defsig_general.o ABSOLUTE
    ../clib/signal.c                         0x00000000   Number         0  defsig_abrt_inner.o ABSOLUTE
    ../clib/signal.c                         0x00000000   Number         0  defsig_rtred_inner.o ABSOLUTE
    ../clib/signal.c                         0x00000000   Number         0  defsig_rtmem_inner.o ABSOLUTE
    ../clib/signal.c                         0x00000000   Number         0  defsig_rtmem_outer.o ABSOLUTE
    ../clib/signal.c                         0x00000000   Number         0  defsig_rtmem_formal.o ABSOLUTE
    ../clib/signal.c                         0x00000000   Number         0  defsig_stak_inner.o ABSOLUTE
    ../clib/signal.c                         0x00000000   Number         0  defsig_pvfn_inner.o ABSOLUTE
    ../clib/signal.c                         0x00000000   Number         0  defsig_cppl_inner.o ABSOLUTE
    ../clib/signal.c                         0x00000000   Number         0  defsig_segv_inner.o ABSOLUTE
    ../clib/signal.c                         0x00000000   Number         0  defsig_other.o ABSOLUTE
    ../clib/signal.s                         0x00000000   Number         0  defsig.o ABSOLUTE
    ../clib/stdlib.c                         0x00000000   Number         0  exit.o ABSOLUTE
    ../fplib/fpinit.s                        0x00000000   Number         0  fpinit.o ABSOLUTE
    dc.s                                     0x00000000   Number         0  dc.o ABSOLUTE
    gpio.c                                   0x00000000   Number         0  gpio.o ABSOLUTE
    main.cc                                  0x00000000   Number         0  main.o ABSOLUTE
    ov9655.c                                 0x00000000   Number         0  ov9655.o ABSOLUTE
    startup_stm32f746xx.s                    0x00000000   Number         0  startup_stm32f746xx.o ABSOLUTE
    stm32746g_discovery.c                    0x00000000   Number         0  stm32746g_discovery.o ABSOLUTE
    stm32746g_discovery_camera.c             0x00000000   Number         0  stm32746g_discovery_camera.o ABSOLUTE
    stm32746g_discovery_lcd.c                0x00000000   Number         0  stm32746g_discovery_lcd.o ABSOLUTE
    stm32746g_discovery_sd.c                 0x00000000   Number         0  stm32746g_discovery_sd.o ABSOLUTE
    stm32746g_discovery_sdram.c              0x00000000   Number         0  stm32746g_discovery_sdram.o ABSOLUTE
    stm32f7xx_hal.c                          0x00000000   Number         0  stm32f7xx_hal.o ABSOLUTE
    stm32f7xx_hal_cortex.c                   0x00000000   Number         0  stm32f7xx_hal_cortex.o ABSOLUTE
    stm32f7xx_hal_dcmi.c                     0x00000000   Number         0  stm32f7xx_hal_dcmi.o ABSOLUTE
    stm32f7xx_hal_dcmi_ex.c                  0x00000000   Number         0  stm32f7xx_hal_dcmi_ex.o ABSOLUTE
    stm32f7xx_hal_dma.c                      0x00000000   Number         0  stm32f7xx_hal_dma.o ABSOLUTE
    stm32f7xx_hal_dma2d.c                    0x00000000   Number         0  stm32f7xx_hal_dma2d.o ABSOLUTE
    stm32f7xx_hal_dma_ex.c                   0x00000000   Number         0  stm32f7xx_hal_dma_ex.o ABSOLUTE
    stm32f7xx_hal_exti.c                     0x00000000   Number         0  stm32f7xx_hal_exti.o ABSOLUTE
    stm32f7xx_hal_flash.c                    0x00000000   Number         0  stm32f7xx_hal_flash.o ABSOLUTE
    stm32f7xx_hal_flash_ex.c                 0x00000000   Number         0  stm32f7xx_hal_flash_ex.o ABSOLUTE
    stm32f7xx_hal_gpio.c                     0x00000000   Number         0  stm32f7xx_hal_gpio.o ABSOLUTE
    stm32f7xx_hal_i2c.c                      0x00000000   Number         0  stm32f7xx_hal_i2c.o ABSOLUTE
    stm32f7xx_hal_i2c_ex.c                   0x00000000   Number         0  stm32f7xx_hal_i2c_ex.o ABSOLUTE
    stm32f7xx_hal_ltdc.c                     0x00000000   Number         0  stm32f7xx_hal_ltdc.o ABSOLUTE
    stm32f7xx_hal_ltdc_ex.c                  0x00000000   Number         0  stm32f7xx_hal_ltdc_ex.o ABSOLUTE
    stm32f7xx_hal_msp.c                      0x00000000   Number         0  stm32f7xx_hal_msp.o ABSOLUTE
    stm32f7xx_hal_pwr.c                      0x00000000   Number         0  stm32f7xx_hal_pwr.o ABSOLUTE
    stm32f7xx_hal_pwr_ex.c                   0x00000000   Number         0  stm32f7xx_hal_pwr_ex.o ABSOLUTE
    stm32f7xx_hal_rcc.c                      0x00000000   Number         0  stm32f7xx_hal_rcc.o ABSOLUTE
    stm32f7xx_hal_rcc_ex.c                   0x00000000   Number         0  stm32f7xx_hal_rcc_ex.o ABSOLUTE
    stm32f7xx_hal_sd.c                       0x00000000   Number         0  stm32f7xx_hal_sd.o ABSOLUTE
    stm32f7xx_hal_sdram.c                    0x00000000   Number         0  stm32f7xx_hal_sdram.o ABSOLUTE
    stm32f7xx_hal_tim.c                      0x00000000   Number         0  stm32f7xx_hal_tim.o ABSOLUTE
    stm32f7xx_hal_tim_ex.c                   0x00000000   Number         0  stm32f7xx_hal_tim_ex.o ABSOLUTE
    stm32f7xx_hal_uart.c                     0x00000000   Number         0  stm32f7xx_hal_uart.o ABSOLUTE
    stm32f7xx_hal_uart_ex.c                  0x00000000   Number         0  stm32f7xx_hal_uart_ex.o ABSOLUTE
    stm32f7xx_it.c                           0x00000000   Number         0  stm32f7xx_it.o ABSOLUTE
    stm32f7xx_ll_fmc.c                       0x00000000   Number         0  stm32f7xx_ll_fmc.o ABSOLUTE
    stm32f7xx_ll_sdmmc.c                     0x00000000   Number         0  stm32f7xx_ll_sdmmc.o ABSOLUTE
    system_stm32f7xx.c                       0x00000000   Number         0  system_stm32f7xx.o ABSOLUTE
    usart.c                                  0x00000000   Number         0  usart.o ABSOLUTE
    RESET                                    0x08000000   Section      456  startup_stm32f746xx.o(RESET)
    !!!main                                  0x080001c8   Section        8  __main.o(!!!main)
    !!!scatter                               0x080001d0   Section       92  __scatter.o(!!!scatter)
    !!handler_copy                           0x0800022c   Section       26  __scatter_copy.o(!!handler_copy)
    !!handler_null                           0x08000248   Section        2  __scatter.o(!!handler_null)
    !!handler_zi                             0x0800024c   Section       28  __scatter_zi.o(!!handler_zi)
    .ARM.Collect$$libinit$$00000000          0x08000268   Section        2  libinit.o(.ARM.Collect$$libinit$$00000000)
    .ARM.Collect$$libinit$$00000001          0x0800026a   Section        4  libinit2.o(.ARM.Collect$$libinit$$00000001)
    .ARM.Collect$$libinit$$00000004          0x0800026e   Section        0  libinit2.o(.ARM.Collect$$libinit$$00000004)
    .ARM.Collect$$libinit$$00000006          0x0800026e   Section        0  libinit2.o(.ARM.Collect$$libinit$$00000006)
    .ARM.Collect$$libinit$$0000000C          0x0800026e   Section        0  libinit2.o(.ARM.Collect$$libinit$$0000000C)
    .ARM.Collect$$libinit$$0000000E          0x0800026e   Section        0  libinit2.o(.ARM.Collect$$libinit$$0000000E)
    .ARM.Collect$$libinit$$00000010          0x0800026e   Section        0  libinit2.o(.ARM.Collect$$libinit$$00000010)
    .ARM.Collect$$libinit$$00000013          0x0800026e   Section        0  libinit2.o(.ARM.Collect$$libinit$$00000013)
    .ARM.Collect$$libinit$$00000015          0x0800026e   Section        0  libinit2.o(.ARM.Collect$$libinit$$00000015)
    .ARM.Collect$$libinit$$00000017          0x0800026e   Section        0  libinit2.o(.ARM.Collect$$libinit$$00000017)
    .ARM.Collect$$libinit$$00000019          0x0800026e   Section        0  libinit2.o(.ARM.Collect$$libinit$$00000019)
    .ARM.Collect$$libinit$$0000001B          0x0800026e   Section        0  libinit2.o(.ARM.Collect$$libinit$$0000001B)
    .ARM.Collect$$libinit$$0000001D          0x0800026e   Section        0  libinit2.o(.ARM.Collect$$libinit$$0000001D)
    .ARM.Collect$$libinit$$0000001F          0x0800026e   Section        0  libinit2.o(.ARM.Collect$$libinit$$0000001F)
    .ARM.Collect$$libinit$$00000021          0x0800026e   Section        0  libinit2.o(.ARM.Collect$$libinit$$00000021)
    .ARM.Collect$$libinit$$00000023          0x0800026e   Section        0  libinit2.o(.ARM.Collect$$libinit$$00000023)
    .ARM.Collect$$libinit$$00000025          0x0800026e   Section        0  libinit2.o(.ARM.Collect$$libinit$$00000025)
    .ARM.Collect$$libinit$$00000027          0x0800026e   Section        0  libinit2.o(.ARM.Collect$$libinit$$00000027)
    .ARM.Collect$$libinit$$0000002E          0x0800026e   Section        0  libinit2.o(.ARM.Collect$$libinit$$0000002E)
    .ARM.Collect$$libinit$$00000030          0x0800026e   Section        0  libinit2.o(.ARM.Collect$$libinit$$00000030)
    .ARM.Collect$$libinit$$00000032          0x0800026e   Section        0  libinit2.o(.ARM.Collect$$libinit$$00000032)
    .ARM.Collect$$libinit$$00000034          0x0800026e   Section        0  libinit2.o(.ARM.Collect$$libinit$$00000034)
    .ARM.Collect$$libinit$$00000035          0x0800026e   Section        2  libinit2.o(.ARM.Collect$$libinit$$00000035)
    .ARM.Collect$$libshutdown$$00000000      0x08000270   Section        2  libshutdown.o(.ARM.Collect$$libshutdown$$00000000)
    .ARM.Collect$$libshutdown$$00000002      0x08000272   Section        0  libshutdown2.o(.ARM.Collect$$libshutdown$$00000002)
    .ARM.Collect$$libshutdown$$00000004      0x08000272   Section        0  libshutdown2.o(.ARM.Collect$$libshutdown$$00000004)
    .ARM.Collect$$libshutdown$$00000007      0x08000272   Section        0  libshutdown2.o(.ARM.Collect$$libshutdown$$00000007)
    .ARM.Collect$$libshutdown$$0000000A      0x08000272   Section        0  libshutdown2.o(.ARM.Collect$$libshutdown$$0000000A)
    .ARM.Collect$$libshutdown$$0000000C      0x08000272   Section        0  libshutdown2.o(.ARM.Collect$$libshutdown$$0000000C)
    .ARM.Collect$$libshutdown$$0000000F      0x08000272   Section        0  libshutdown2.o(.ARM.Collect$$libshutdown$$0000000F)
    .ARM.Collect$$libshutdown$$00000010      0x08000272   Section        2  libshutdown2.o(.ARM.Collect$$libshutdown$$00000010)
    .ARM.Collect$$rtentry$$00000000          0x08000274   Section        0  __rtentry.o(.ARM.Collect$$rtentry$$00000000)
    .ARM.Collect$$rtentry$$00000002          0x08000274   Section        0  __rtentry2.o(.ARM.Collect$$rtentry$$00000002)
    .ARM.Collect$$rtentry$$00000004          0x08000274   Section        6  __rtentry4.o(.ARM.Collect$$rtentry$$00000004)
    .ARM.Collect$$rtentry$$00000009          0x0800027a   Section        0  __rtentry2.o(.ARM.Collect$$rtentry$$00000009)
    .ARM.Collect$$rtentry$$0000000A          0x0800027a   Section        4  __rtentry2.o(.ARM.Collect$$rtentry$$0000000A)
    .ARM.Collect$$rtentry$$0000000C          0x0800027e   Section        0  __rtentry2.o(.ARM.Collect$$rtentry$$0000000C)
    .ARM.Collect$$rtentry$$0000000D          0x0800027e   Section        8  __rtentry2.o(.ARM.Collect$$rtentry$$0000000D)
    .ARM.Collect$$rtexit$$00000000           0x08000286   Section        2  rtexit.o(.ARM.Collect$$rtexit$$00000000)
    .ARM.Collect$$rtexit$$00000002           0x08000288   Section        0  rtexit2.o(.ARM.Collect$$rtexit$$00000002)
    .ARM.Collect$$rtexit$$00000003           0x08000288   Section        4  rtexit2.o(.ARM.Collect$$rtexit$$00000003)
    .ARM.Collect$$rtexit$$00000004           0x0800028c   Section        6  rtexit2.o(.ARM.Collect$$rtexit$$00000004)
    $v0                                      0x08000294   Number         0  startup_stm32f746xx.o(.text)
    .text                                    0x08000294   Section       64  startup_stm32f746xx.o(.text)
    .text                                    0x080002d4   Section      240  lludivv7m.o(.text)
    .text                                    0x080003c4   Section       78  rt_memclr_w.o(.text)
    .text                                    0x08000412   Section        0  heapauxi.o(.text)
    .text                                    0x08000418   Section       74  sys_stackheap_outer.o(.text)
    .text                                    0x08000462   Section        0  exit.o(.text)
    .text                                    0x08000474   Section        8  libspace.o(.text)
    [Anonymous Symbol]                       0x08000480   Section        0  stm32f7xx_it.o(.text.BusFault_Handler)
    [Anonymous Symbol]                       0x08000488   Section        0  stm32f7xx_it.o(.text.DebugMon_Handler)
    [Anonymous Symbol]                       0x08000490   Section        0  main.o(.text.Error_Handler)
    [Anonymous Symbol]                       0x08000498   Section        0  stm32f7xx_hal_dma.o(.text.HAL_DMA_Abort)
    [Anonymous Symbol]                       0x08000528   Section        0  stm32f7xx_hal_dma.o(.text.HAL_DMA_Abort_IT)
    [Anonymous Symbol]                       0x08000550   Section        0  stm32f7xx_hal.o(.text.HAL_Delay)
    [Anonymous Symbol]                       0x08000578   Section        0  stm32f7xx_hal_gpio.o(.text.HAL_GPIO_Init)
    [Anonymous Symbol]                       0x08000728   Section        0  stm32f7xx_hal_gpio.o(.text.HAL_GPIO_TogglePin)
    [Anonymous Symbol]                       0x08000738   Section        0  stm32f7xx_hal_gpio.o(.text.HAL_GPIO_WritePin)
    [Anonymous Symbol]                       0x08000748   Section        0  stm32f7xx_hal.o(.text.HAL_GetTick)
    [Anonymous Symbol]                       0x08000758   Section        0  stm32f7xx_hal.o(.text.HAL_IncTick)
    [Anonymous Symbol]                       0x08000778   Section        0  stm32f7xx_hal.o(.text.HAL_Init)
    [Anonymous Symbol]                       0x08000790   Section        0  stm32f7xx_hal.o(.text.HAL_InitTick)
    [Anonymous Symbol]                       0x080007d8   Section        0  stm32f7xx_hal_msp.o(.text.HAL_MspInit)
    [Anonymous Symbol]                       0x08000810   Section        0  stm32f7xx_hal_cortex.o(.text.HAL_NVIC_EnableIRQ)
    [Anonymous Symbol]                       0x08000830   Section        0  stm32f7xx_hal_cortex.o(.text.HAL_NVIC_SetPriority)
    [Anonymous Symbol]                       0x08000890   Section        0  stm32f7xx_hal_cortex.o(.text.HAL_NVIC_SetPriorityGrouping)
    [Anonymous Symbol]                       0x080008b0   Section        0  stm32f7xx_hal_pwr_ex.o(.text.HAL_PWREx_EnableOverDrive)
    [Anonymous Symbol]                       0x08000928   Section        0  stm32f7xx_hal_rcc_ex.o(.text.HAL_RCCEx_PeriphCLKConfig)
    [Anonymous Symbol]                       0x08000e88   Section        0  stm32f7xx_hal_rcc.o(.text.HAL_RCC_ClockConfig)
    [Anonymous Symbol]                       0x08001078   Section        0  stm32f7xx_hal_rcc.o(.text.HAL_RCC_GetPCLK1Freq)
    [Anonymous Symbol]                       0x080010a0   Section        0  stm32f7xx_hal_rcc.o(.text.HAL_RCC_GetPCLK2Freq)
    [Anonymous Symbol]                       0x080010c8   Section        0  stm32f7xx_hal_rcc.o(.text.HAL_RCC_GetSysClockFreq)
    [Anonymous Symbol]                       0x08001138   Section        0  stm32f7xx_hal_rcc.o(.text.HAL_RCC_OscConfig)
    [Anonymous Symbol]                       0x08001508   Section        0  stm32f7xx_hal_cortex.o(.text.HAL_SYSTICK_Config)
    [Anonymous Symbol]                       0x08001538   Section        0  stm32f7xx_hal_uart.o(.text.HAL_UARTEx_RxEventCallback)
    [Anonymous Symbol]                       0x08001540   Section        0  stm32f7xx_hal_uart.o(.text.HAL_UART_ErrorCallback)
    [Anonymous Symbol]                       0x08001548   Section        0  stm32f7xx_hal_uart.o(.text.HAL_UART_IRQHandler)
    [Anonymous Symbol]                       0x08001b40   Section        0  stm32f7xx_hal_uart.o(.text.HAL_UART_Init)
    [Anonymous Symbol]                       0x08001be8   Section        0  usart.o(.text.HAL_UART_MspInit)
    [Anonymous Symbol]                       0x08001c80   Section        0  stm32f7xx_hal_uart.o(.text.HAL_UART_TxCpltCallback)
    [Anonymous Symbol]                       0x08001c88   Section        0  stm32f7xx_it.o(.text.HardFault_Handler)
    [Anonymous Symbol]                       0x08001c90   Section        0  gpio.o(.text.MX_GPIO_Init)
    [Anonymous Symbol]                       0x08001d58   Section        0  usart.o(.text.MX_USART6_UART_Init)
    [Anonymous Symbol]                       0x08001d98   Section        0  stm32f7xx_it.o(.text.MemManage_Handler)
    [Anonymous Symbol]                       0x08001da0   Section        0  stm32f7xx_it.o(.text.NMI_Handler)
    [Anonymous Symbol]                       0x08001da8   Section        0  stm32f7xx_it.o(.text.PendSV_Handler)
    [Anonymous Symbol]                       0x08001db0   Section        0  stm32f7xx_it.o(.text.SVC_Handler)
    [Anonymous Symbol]                       0x08001db8   Section        0  stm32f7xx_it.o(.text.SysTick_Handler)
    [Anonymous Symbol]                       0x08001dc0   Section        0  system_stm32f7xx.o(.text.SystemInit)
    [Anonymous Symbol]                       0x08001dd8   Section        0  stm32f7xx_hal_uart.o(.text.UART_AdvFeatureConfig)
    UART_DMAAbortOnError                     0x08001eb9   Thumb Code    16  stm32f7xx_hal_uart.o(.text.UART_DMAAbortOnError)
    [Anonymous Symbol]                       0x08001eb8   Section        0  stm32f7xx_hal_uart.o(.text.UART_DMAAbortOnError)
    [Anonymous Symbol]                       0x08001ec8   Section        0  stm32f7xx_hal_uart.o(.text.UART_SetConfig)
    [Anonymous Symbol]                       0x08002108   Section        0  stm32f7xx_hal_uart.o(.text.UART_WaitOnFlagUntilTimeout)
    [Anonymous Symbol]                       0x08002328   Section        0  stm32f7xx_it.o(.text.USART6_IRQHandler)
    [Anonymous Symbol]                       0x08002338   Section        0  stm32f7xx_it.o(.text.UsageFault_Handler)
    [Anonymous Symbol]                       0x08002340   Section        0  main.o(.text._Z18SystemClock_Configv)
    [Anonymous Symbol]                       0x08002400   Section        0  usart.o(.text._sys_exit)
    [Anonymous Symbol]                       0x08002408   Section        0  main.o(.text.main)
    $v0                                      0x0800243e   Number         0  fpinit.o(x$fpl$fpinit)
    x$fpl$fpinit                             0x0800243e   Section       26  fpinit.o(x$fpl$fpinit)
    .Lswitch.table.UART_SetConfig.5          0x08002470   Data          16  stm32f7xx_hal_uart.o(.rodata.cst16)
    .Lswitch.table.UART_SetConfig.7          0x08002480   Data          16  stm32f7xx_hal_uart.o(.rodata.cst16)
    .L_MergedGlobals                         0x20000000   Data           8  stm32f7xx_hal.o(.data..L_MergedGlobals)
    [Anonymous Symbol]                       0x20000000   Section        0  stm32f7xx_hal.o(.data..L_MergedGlobals)
    .bss                                     0x20000010   Section       96  libspace.o(.bss)
    Heap_Mem                                 0x20000100   Data         512  startup_stm32f746xx.o(HEAP)
    HEAP                                     0x20000100   Section      512  startup_stm32f746xx.o(HEAP)
    Stack_Mem                                0x20000300   Data        1024  startup_stm32f746xx.o(STACK)
    STACK                                    0x20000300   Section     1024  startup_stm32f746xx.o(STACK)
    __initial_sp                             0x20000700   Data           0  startup_stm32f746xx.o(STACK)

    Global Symbols

    Symbol Name                              Value     Ov Type        Size  Object(Section)

    BuildAttributes$$THM_ISAv4$E$P$D$K$B$S$7EM$VFPi5$EXTD16$VFPS$VFMA$PE$PLD8$A:L22UL41UL21$X:L11$S22US41US21$IEEE1$IW$~IW$USESV6$~STKCKD$USESV7$~SHL$OTIME$ROPI$EBA8$UX$STANDARDLIB$REQ8$PRES8$EABIv2 0x00000000   Number         0  anon$$obj.o ABSOLUTE
    __ARM_exceptions_init                     - Undefined Weak Reference
    __alloca_initialize                       - Undefined Weak Reference
    __arm_preinit_                            - Undefined Weak Reference
    __arm_relocate_pie_                       - Undefined Weak Reference
    __cpp_initialize__aeabi_                  - Undefined Weak Reference
    __cxa_finalize                            - Undefined Weak Reference
    __rt_locale                               - Undefined Weak Reference
    __sigvec_lookup                           - Undefined Weak Reference
    _atexit_init                              - Undefined Weak Reference
    _call_atexit_fns                          - Undefined Weak Reference
    _clock_init                               - Undefined Weak Reference
    _fp_trap_init                             - Undefined Weak Reference
    _fp_trap_shutdown                         - Undefined Weak Reference
    _get_lc_collate                           - Undefined Weak Reference
    _get_lc_ctype                             - Undefined Weak Reference
    _get_lc_monetary                          - Undefined Weak Reference
    _get_lc_numeric                           - Undefined Weak Reference
    _get_lc_time                              - Undefined Weak Reference
    _getenv_init                              - Undefined Weak Reference
    _handle_redirection                       - Undefined Weak Reference
    _init_alloc                               - Undefined Weak Reference
    _init_user_alloc                          - Undefined Weak Reference
    _initio                                   - Undefined Weak Reference
    _rand_init                                - Undefined Weak Reference
    _signal_finish                            - Undefined Weak Reference
    _signal_init                              - Undefined Weak Reference
    _terminate_alloc                          - Undefined Weak Reference
    _terminate_user_alloc                     - Undefined Weak Reference
    _terminateio                              - Undefined Weak Reference
    __Vectors_Size                           0x000001c8   Number         0  startup_stm32f746xx.o ABSOLUTE
    __Vectors                                0x08000000   Data           4  startup_stm32f746xx.o(RESET)
    __Vectors_End                            0x080001c8   Data           0  startup_stm32f746xx.o(RESET)
    __main                                   0x080001c9   Thumb Code     8  __main.o(!!!main)
    __scatterload                            0x080001d1   Thumb Code     0  __scatter.o(!!!scatter)
    __scatterload_rt2                        0x080001d1   Thumb Code    84  __scatter.o(!!!scatter)
    __scatterload_rt2_thumb_only             0x080001d1   Thumb Code     0  __scatter.o(!!!scatter)
    __scatterload_loop                       0x080001db   Thumb Code     0  __scatter.o(!!!scatter)
    __scatterload_copy                       0x0800022d   Thumb Code    26  __scatter_copy.o(!!handler_copy)
    __scatterload_null                       0x08000249   Thumb Code     2  __scatter.o(!!handler_null)
    __scatterload_zeroinit                   0x0800024d   Thumb Code    28  __scatter_zi.o(!!handler_zi)
    __rt_lib_init                            0x08000269   Thumb Code     0  libinit.o(.ARM.Collect$$libinit$$00000000)
    __rt_lib_init_fp_1                       0x0800026b   Thumb Code     0  libinit2.o(.ARM.Collect$$libinit$$00000001)
    __rt_lib_init_alloca_1                   0x0800026f   Thumb Code     0  libinit2.o(.ARM.Collect$$libinit$$00000030)
    __rt_lib_init_argv_1                     0x0800026f   Thumb Code     0  libinit2.o(.ARM.Collect$$libinit$$0000002E)
    __rt_lib_init_atexit_1                   0x0800026f   Thumb Code     0  libinit2.o(.ARM.Collect$$libinit$$0000001D)
    __rt_lib_init_clock_1                    0x0800026f   Thumb Code     0  libinit2.o(.ARM.Collect$$libinit$$00000023)
    __rt_lib_init_cpp_1                      0x0800026f   Thumb Code     0  libinit2.o(.ARM.Collect$$libinit$$00000034)
    __rt_lib_init_exceptions_1               0x0800026f   Thumb Code     0  libinit2.o(.ARM.Collect$$libinit$$00000032)
    __rt_lib_init_fp_trap_1                  0x0800026f   Thumb Code     0  libinit2.o(.ARM.Collect$$libinit$$00000021)
    __rt_lib_init_getenv_1                   0x0800026f   Thumb Code     0  libinit2.o(.ARM.Collect$$libinit$$00000025)
    __rt_lib_init_heap_1                     0x0800026f   Thumb Code     0  libinit2.o(.ARM.Collect$$libinit$$0000000C)
    __rt_lib_init_lc_collate_1               0x0800026f   Thumb Code     0  libinit2.o(.ARM.Collect$$libinit$$00000013)
    __rt_lib_init_lc_ctype_1                 0x0800026f   Thumb Code     0  libinit2.o(.ARM.Collect$$libinit$$00000015)
    __rt_lib_init_lc_monetary_1              0x0800026f   Thumb Code     0  libinit2.o(.ARM.Collect$$libinit$$00000017)
    __rt_lib_init_lc_numeric_1               0x0800026f   Thumb Code     0  libinit2.o(.ARM.Collect$$libinit$$00000019)
    __rt_lib_init_lc_time_1                  0x0800026f   Thumb Code     0  libinit2.o(.ARM.Collect$$libinit$$0000001B)
    __rt_lib_init_preinit_1                  0x0800026f   Thumb Code     0  libinit2.o(.ARM.Collect$$libinit$$00000006)
    __rt_lib_init_rand_1                     0x0800026f   Thumb Code     0  libinit2.o(.ARM.Collect$$libinit$$00000010)
    __rt_lib_init_relocate_pie_1             0x0800026f   Thumb Code     0  libinit2.o(.ARM.Collect$$libinit$$00000004)
    __rt_lib_init_return                     0x0800026f   Thumb Code     0  libinit2.o(.ARM.Collect$$libinit$$00000035)
    __rt_lib_init_signal_1                   0x0800026f   Thumb Code     0  libinit2.o(.ARM.Collect$$libinit$$0000001F)
    __rt_lib_init_stdio_1                    0x0800026f   Thumb Code     0  libinit2.o(.ARM.Collect$$libinit$$00000027)
    __rt_lib_init_user_alloc_1               0x0800026f   Thumb Code     0  libinit2.o(.ARM.Collect$$libinit$$0000000E)
    __rt_lib_shutdown                        0x08000271   Thumb Code     0  libshutdown.o(.ARM.Collect$$libshutdown$$00000000)
    __rt_lib_shutdown_cpp_1                  0x08000273   Thumb Code     0  libshutdown2.o(.ARM.Collect$$libshutdown$$00000002)
    __rt_lib_shutdown_fp_trap_1              0x08000273   Thumb Code     0  libshutdown2.o(.ARM.Collect$$libshutdown$$00000007)
    __rt_lib_shutdown_heap_1                 0x08000273   Thumb Code     0  libshutdown2.o(.ARM.Collect$$libshutdown$$0000000F)
    __rt_lib_shutdown_return                 0x08000273   Thumb Code     0  libshutdown2.o(.ARM.Collect$$libshutdown$$00000010)
    __rt_lib_shutdown_signal_1               0x08000273   Thumb Code     0  libshutdown2.o(.ARM.Collect$$libshutdown$$0000000A)
    __rt_lib_shutdown_stdio_1                0x08000273   Thumb Code     0  libshutdown2.o(.ARM.Collect$$libshutdown$$00000004)
    __rt_lib_shutdown_user_alloc_1           0x08000273   Thumb Code     0  libshutdown2.o(.ARM.Collect$$libshutdown$$0000000C)
    __rt_entry                               0x08000275   Thumb Code     0  __rtentry.o(.ARM.Collect$$rtentry$$00000000)
    __rt_entry_presh_1                       0x08000275   Thumb Code     0  __rtentry2.o(.ARM.Collect$$rtentry$$00000002)
    __rt_entry_sh                            0x08000275   Thumb Code     0  __rtentry4.o(.ARM.Collect$$rtentry$$00000004)
    __rt_entry_li                            0x0800027b   Thumb Code     0  __rtentry2.o(.ARM.Collect$$rtentry$$0000000A)
    __rt_entry_postsh_1                      0x0800027b   Thumb Code     0  __rtentry2.o(.ARM.Collect$$rtentry$$00000009)
    __rt_entry_main                          0x0800027f   Thumb Code     0  __rtentry2.o(.ARM.Collect$$rtentry$$0000000D)
    __rt_entry_postli_1                      0x0800027f   Thumb Code     0  __rtentry2.o(.ARM.Collect$$rtentry$$0000000C)
    __rt_exit                                0x08000287   Thumb Code     0  rtexit.o(.ARM.Collect$$rtexit$$00000000)
    __rt_exit_ls                             0x08000289   Thumb Code     0  rtexit2.o(.ARM.Collect$$rtexit$$00000003)
    __rt_exit_prels_1                        0x08000289   Thumb Code     0  rtexit2.o(.ARM.Collect$$rtexit$$00000002)
    __rt_exit_exit                           0x0800028d   Thumb Code     0  rtexit2.o(.ARM.Collect$$rtexit$$00000004)
    Reset_Handler                            0x08000295   Thumb Code     8  startup_stm32f746xx.o(.text)
    ADC_IRQHandler                           0x080002af   Thumb Code     0  startup_stm32f746xx.o(.text)
    CAN1_RX0_IRQHandler                      0x080002af   Thumb Code     0  startup_stm32f746xx.o(.text)
    CAN1_RX1_IRQHandler                      0x080002af   Thumb Code     0  startup_stm32f746xx.o(.text)
    CAN1_SCE_IRQHandler                      0x080002af   Thumb Code     0  startup_stm32f746xx.o(.text)
    CAN1_TX_IRQHandler                       0x080002af   Thumb Code     0  startup_stm32f746xx.o(.text)
    CAN2_RX0_IRQHandler                      0x080002af   Thumb Code     0  startup_stm32f746xx.o(.text)
    CAN2_RX1_IRQHandler                      0x080002af   Thumb Code     0  startup_stm32f746xx.o(.text)
    CAN2_SCE_IRQHandler                      0x080002af   Thumb Code     0  startup_stm32f746xx.o(.text)
    CAN2_TX_IRQHandler                       0x080002af   Thumb Code     0  startup_stm32f746xx.o(.text)
    CEC_IRQHandler                           0x080002af   Thumb Code     0  startup_stm32f746xx.o(.text)
    DCMI_IRQHandler                          0x080002af   Thumb Code     0  startup_stm32f746xx.o(.text)
    DMA1_Stream0_IRQHandler                  0x080002af   Thumb Code     0  startup_stm32f746xx.o(.text)
    DMA1_Stream1_IRQHandler                  0x080002af   Thumb Code     0  startup_stm32f746xx.o(.text)
    DMA1_Stream2_IRQHandler                  0x080002af   Thumb Code     0  startup_stm32f746xx.o(.text)
    DMA1_Stream3_IRQHandler                  0x080002af   Thumb Code     0  startup_stm32f746xx.o(.text)
    DMA1_Stream4_IRQHandler                  0x080002af   Thumb Code     0  startup_stm32f746xx.o(.text)
    DMA1_Stream5_IRQHandler                  0x080002af   Thumb Code     0  startup_stm32f746xx.o(.text)
    DMA1_Stream6_IRQHandler                  0x080002af   Thumb Code     0  startup_stm32f746xx.o(.text)
    DMA1_Stream7_IRQHandler                  0x080002af   Thumb Code     0  startup_stm32f746xx.o(.text)
    DMA2D_IRQHandler                         0x080002af   Thumb Code     0  startup_stm32f746xx.o(.text)
    DMA2_Stream0_IRQHandler                  0x080002af   Thumb Code     0  startup_stm32f746xx.o(.text)
    DMA2_Stream1_IRQHandler                  0x080002af   Thumb Code     0  startup_stm32f746xx.o(.text)
    DMA2_Stream2_IRQHandler                  0x080002af   Thumb Code     0  startup_stm32f746xx.o(.text)
    DMA2_Stream3_IRQHandler                  0x080002af   Thumb Code     0  startup_stm32f746xx.o(.text)
    DMA2_Stream4_IRQHandler                  0x080002af   Thumb Code     0  startup_stm32f746xx.o(.text)
    DMA2_Stream5_IRQHandler                  0x080002af   Thumb Code     0  startup_stm32f746xx.o(.text)
    DMA2_Stream6_IRQHandler                  0x080002af   Thumb Code     0  startup_stm32f746xx.o(.text)
    DMA2_Stream7_IRQHandler                  0x080002af   Thumb Code     0  startup_stm32f746xx.o(.text)
    ETH_IRQHandler                           0x080002af   Thumb Code     0  startup_stm32f746xx.o(.text)
    ETH_WKUP_IRQHandler                      0x080002af   Thumb Code     0  startup_stm32f746xx.o(.text)
    EXTI0_IRQHandler                         0x080002af   Thumb Code     0  startup_stm32f746xx.o(.text)
    EXTI15_10_IRQHandler                     0x080002af   Thumb Code     0  startup_stm32f746xx.o(.text)
    EXTI1_IRQHandler                         0x080002af   Thumb Code     0  startup_stm32f746xx.o(.text)
    EXTI2_IRQHandler                         0x080002af   Thumb Code     0  startup_stm32f746xx.o(.text)
    EXTI3_IRQHandler                         0x080002af   Thumb Code     0  startup_stm32f746xx.o(.text)
    EXTI4_IRQHandler                         0x080002af   Thumb Code     0  startup_stm32f746xx.o(.text)
    EXTI9_5_IRQHandler                       0x080002af   Thumb Code     0  startup_stm32f746xx.o(.text)
    FLASH_IRQHandler                         0x080002af   Thumb Code     0  startup_stm32f746xx.o(.text)
    FMC_IRQHandler                           0x080002af   Thumb Code     0  startup_stm32f746xx.o(.text)
    FPU_IRQHandler                           0x080002af   Thumb Code     0  startup_stm32f746xx.o(.text)
    I2C1_ER_IRQHandler                       0x080002af   Thumb Code     0  startup_stm32f746xx.o(.text)
    I2C1_EV_IRQHandler                       0x080002af   Thumb Code     0  startup_stm32f746xx.o(.text)
    I2C2_ER_IRQHandler                       0x080002af   Thumb Code     0  startup_stm32f746xx.o(.text)
    I2C2_EV_IRQHandler                       0x080002af   Thumb Code     0  startup_stm32f746xx.o(.text)
    I2C3_ER_IRQHandler                       0x080002af   Thumb Code     0  startup_stm32f746xx.o(.text)
    I2C3_EV_IRQHandler                       0x080002af   Thumb Code     0  startup_stm32f746xx.o(.text)
    I2C4_ER_IRQHandler                       0x080002af   Thumb Code     0  startup_stm32f746xx.o(.text)
    I2C4_EV_IRQHandler                       0x080002af   Thumb Code     0  startup_stm32f746xx.o(.text)
    LPTIM1_IRQHandler                        0x080002af   Thumb Code     0  startup_stm32f746xx.o(.text)
    LTDC_ER_IRQHandler                       0x080002af   Thumb Code     0  startup_stm32f746xx.o(.text)
    LTDC_IRQHandler                          0x080002af   Thumb Code     0  startup_stm32f746xx.o(.text)
    OTG_FS_IRQHandler                        0x080002af   Thumb Code     0  startup_stm32f746xx.o(.text)
    OTG_FS_WKUP_IRQHandler                   0x080002af   Thumb Code     0  startup_stm32f746xx.o(.text)
    OTG_HS_EP1_IN_IRQHandler                 0x080002af   Thumb Code     0  startup_stm32f746xx.o(.text)
    OTG_HS_EP1_OUT_IRQHandler                0x080002af   Thumb Code     0  startup_stm32f746xx.o(.text)
    OTG_HS_IRQHandler                        0x080002af   Thumb Code     0  startup_stm32f746xx.o(.text)
    OTG_HS_WKUP_IRQHandler                   0x080002af   Thumb Code     0  startup_stm32f746xx.o(.text)
    PVD_IRQHandler                           0x080002af   Thumb Code     0  startup_stm32f746xx.o(.text)
    QUADSPI_IRQHandler                       0x080002af   Thumb Code     0  startup_stm32f746xx.o(.text)
    RCC_IRQHandler                           0x080002af   Thumb Code     0  startup_stm32f746xx.o(.text)
    RNG_IRQHandler                           0x080002af   Thumb Code     0  startup_stm32f746xx.o(.text)
    RTC_Alarm_IRQHandler                     0x080002af   Thumb Code     0  startup_stm32f746xx.o(.text)
    RTC_WKUP_IRQHandler                      0x080002af   Thumb Code     0  startup_stm32f746xx.o(.text)
    SAI1_IRQHandler                          0x080002af   Thumb Code     0  startup_stm32f746xx.o(.text)
    SAI2_IRQHandler                          0x080002af   Thumb Code     0  startup_stm32f746xx.o(.text)
    SDMMC1_IRQHandler                        0x080002af   Thumb Code     0  startup_stm32f746xx.o(.text)
    SPDIF_RX_IRQHandler                      0x080002af   Thumb Code     0  startup_stm32f746xx.o(.text)
    SPI1_IRQHandler                          0x080002af   Thumb Code     0  startup_stm32f746xx.o(.text)
    SPI2_IRQHandler                          0x080002af   Thumb Code     0  startup_stm32f746xx.o(.text)
    SPI3_IRQHandler                          0x080002af   Thumb Code     0  startup_stm32f746xx.o(.text)
    SPI4_IRQHandler                          0x080002af   Thumb Code     0  startup_stm32f746xx.o(.text)
    SPI5_IRQHandler                          0x080002af   Thumb Code     0  startup_stm32f746xx.o(.text)
    SPI6_IRQHandler                          0x080002af   Thumb Code     0  startup_stm32f746xx.o(.text)
    TAMP_STAMP_IRQHandler                    0x080002af   Thumb Code     0  startup_stm32f746xx.o(.text)
    TIM1_BRK_TIM9_IRQHandler                 0x080002af   Thumb Code     0  startup_stm32f746xx.o(.text)
    TIM1_CC_IRQHandler                       0x080002af   Thumb Code     0  startup_stm32f746xx.o(.text)
    TIM1_TRG_COM_TIM11_IRQHandler            0x080002af   Thumb Code     0  startup_stm32f746xx.o(.text)
    TIM1_UP_TIM10_IRQHandler                 0x080002af   Thumb Code     0  startup_stm32f746xx.o(.text)
    TIM2_IRQHandler                          0x080002af   Thumb Code     0  startup_stm32f746xx.o(.text)
    TIM3_IRQHandler                          0x080002af   Thumb Code     0  startup_stm32f746xx.o(.text)
    TIM4_IRQHandler                          0x080002af   Thumb Code     0  startup_stm32f746xx.o(.text)
    TIM5_IRQHandler                          0x080002af   Thumb Code     0  startup_stm32f746xx.o(.text)
    TIM6_DAC_IRQHandler                      0x080002af   Thumb Code     0  startup_stm32f746xx.o(.text)
    TIM7_IRQHandler                          0x080002af   Thumb Code     0  startup_stm32f746xx.o(.text)
    TIM8_BRK_TIM12_IRQHandler                0x080002af   Thumb Code     0  startup_stm32f746xx.o(.text)
    TIM8_CC_IRQHandler                       0x080002af   Thumb Code     0  startup_stm32f746xx.o(.text)
    TIM8_TRG_COM_TIM14_IRQHandler            0x080002af   Thumb Code     0  startup_stm32f746xx.o(.text)
    TIM8_UP_TIM13_IRQHandler                 0x080002af   Thumb Code     0  startup_stm32f746xx.o(.text)
    UART4_IRQHandler                         0x080002af   Thumb Code     0  startup_stm32f746xx.o(.text)
    UART5_IRQHandler                         0x080002af   Thumb Code     0  startup_stm32f746xx.o(.text)
    UART7_IRQHandler                         0x080002af   Thumb Code     0  startup_stm32f746xx.o(.text)
    UART8_IRQHandler                         0x080002af   Thumb Code     0  startup_stm32f746xx.o(.text)
    USART1_IRQHandler                        0x080002af   Thumb Code     0  startup_stm32f746xx.o(.text)
    USART2_IRQHandler                        0x080002af   Thumb Code     0  startup_stm32f746xx.o(.text)
    USART3_IRQHandler                        0x080002af   Thumb Code     0  startup_stm32f746xx.o(.text)
    WWDG_IRQHandler                          0x080002af   Thumb Code     0  startup_stm32f746xx.o(.text)
    __user_initial_stackheap                 0x080002b1   Thumb Code     0  startup_stm32f746xx.o(.text)
    __aeabi_uldivmod                         0x080002d5   Thumb Code     0  lludivv7m.o(.text)
    _ll_udiv                                 0x080002d5   Thumb Code   240  lludivv7m.o(.text)
    __aeabi_memclr4                          0x080003c5   Thumb Code     0  rt_memclr_w.o(.text)
    __aeabi_memclr8                          0x080003c5   Thumb Code     0  rt_memclr_w.o(.text)
    __rt_memclr_w                            0x080003c5   Thumb Code     0  rt_memclr_w.o(.text)
    _memset_w                                0x080003c9   Thumb Code    74  rt_memclr_w.o(.text)
    __use_two_region_memory                  0x08000413   Thumb Code     2  heapauxi.o(.text)
    __rt_heap_escrow$2region                 0x08000415   Thumb Code     2  heapauxi.o(.text)
    __rt_heap_expand$2region                 0x08000417   Thumb Code     2  heapauxi.o(.text)
    __user_setup_stackheap                   0x08000419   Thumb Code    74  sys_stackheap_outer.o(.text)
    exit                                     0x08000463   Thumb Code    18  exit.o(.text)
    __user_libspace                          0x08000475   Thumb Code     8  libspace.o(.text)
    __user_perproc_libspace                  0x08000475   Thumb Code     0  libspace.o(.text)
    __user_perthread_libspace                0x08000475   Thumb Code     0  libspace.o(.text)
    BusFault_Handler                         0x08000481   Thumb Code     2  stm32f7xx_it.o(.text.BusFault_Handler)
    DebugMon_Handler                         0x08000489   Thumb Code     2  stm32f7xx_it.o(.text.DebugMon_Handler)
    Error_Handler                            0x08000491   Thumb Code     6  main.o(.text.Error_Handler)
    HAL_DMA_Abort                            0x08000499   Thumb Code   142  stm32f7xx_hal_dma.o(.text.HAL_DMA_Abort)
    HAL_DMA_Abort_IT                         0x08000529   Thumb Code    36  stm32f7xx_hal_dma.o(.text.HAL_DMA_Abort_IT)
    HAL_Delay                                0x08000551   Thumb Code    40  stm32f7xx_hal.o(.text.HAL_Delay)
    HAL_GPIO_Init                            0x08000579   Thumb Code   426  stm32f7xx_hal_gpio.o(.text.HAL_GPIO_Init)
    HAL_GPIO_TogglePin                       0x08000729   Thumb Code    16  stm32f7xx_hal_gpio.o(.text.HAL_GPIO_TogglePin)
    HAL_GPIO_WritePin                        0x08000739   Thumb Code    10  stm32f7xx_hal_gpio.o(.text.HAL_GPIO_WritePin)
    HAL_GetTick                              0x08000749   Thumb Code    12  stm32f7xx_hal.o(.text.HAL_GetTick)
    HAL_IncTick                              0x08000759   Thumb Code    26  stm32f7xx_hal.o(.text.HAL_IncTick)
    HAL_Init                                 0x08000779   Thumb Code    22  stm32f7xx_hal.o(.text.HAL_Init)
    HAL_InitTick                             0x08000791   Thumb Code    72  stm32f7xx_hal.o(.text.HAL_InitTick)
    HAL_MspInit                              0x080007d9   Thumb Code    54  stm32f7xx_hal_msp.o(.text.HAL_MspInit)
    HAL_NVIC_EnableIRQ                       0x08000811   Thumb Code    32  stm32f7xx_hal_cortex.o(.text.HAL_NVIC_EnableIRQ)
    HAL_NVIC_SetPriority                     0x08000831   Thumb Code    90  stm32f7xx_hal_cortex.o(.text.HAL_NVIC_SetPriority)
    HAL_NVIC_SetPriorityGrouping             0x08000891   Thumb Code    32  stm32f7xx_hal_cortex.o(.text.HAL_NVIC_SetPriorityGrouping)
    HAL_PWREx_EnableOverDrive                0x080008b1   Thumb Code   118  stm32f7xx_hal_pwr_ex.o(.text.HAL_PWREx_EnableOverDrive)
    HAL_RCCEx_PeriphCLKConfig                0x08000929   Thumb Code  1376  stm32f7xx_hal_rcc_ex.o(.text.HAL_RCCEx_PeriphCLKConfig)
    HAL_RCC_ClockConfig                      0x08000e89   Thumb Code   494  stm32f7xx_hal_rcc.o(.text.HAL_RCC_ClockConfig)
    HAL_RCC_GetPCLK1Freq                     0x08001079   Thumb Code    38  stm32f7xx_hal_rcc.o(.text.HAL_RCC_GetPCLK1Freq)
    HAL_RCC_GetPCLK2Freq                     0x080010a1   Thumb Code    38  stm32f7xx_hal_rcc.o(.text.HAL_RCC_GetPCLK2Freq)
    HAL_RCC_GetSysClockFreq                  0x080010c9   Thumb Code   110  stm32f7xx_hal_rcc.o(.text.HAL_RCC_GetSysClockFreq)
    HAL_RCC_OscConfig                        0x08001139   Thumb Code   972  stm32f7xx_hal_rcc.o(.text.HAL_RCC_OscConfig)
    HAL_SYSTICK_Config                       0x08001509   Thumb Code    46  stm32f7xx_hal_cortex.o(.text.HAL_SYSTICK_Config)
    HAL_UARTEx_RxEventCallback               0x08001539   Thumb Code     2  stm32f7xx_hal_uart.o(.text.HAL_UARTEx_RxEventCallback)
    HAL_UART_ErrorCallback                   0x08001541   Thumb Code     2  stm32f7xx_hal_uart.o(.text.HAL_UART_ErrorCallback)
    HAL_UART_IRQHandler                      0x08001549   Thumb Code  1526  stm32f7xx_hal_uart.o(.text.HAL_UART_IRQHandler)
    HAL_UART_Init                            0x08001b41   Thumb Code   162  stm32f7xx_hal_uart.o(.text.HAL_UART_Init)
    HAL_UART_MspInit                         0x08001be9   Thumb Code   148  usart.o(.text.HAL_UART_MspInit)
    HAL_UART_TxCpltCallback                  0x08001c81   Thumb Code     2  stm32f7xx_hal_uart.o(.text.HAL_UART_TxCpltCallback)
    HardFault_Handler                        0x08001c89   Thumb Code     2  stm32f7xx_it.o(.text.HardFault_Handler)
    MX_GPIO_Init                             0x08001c91   Thumb Code   198  gpio.o(.text.MX_GPIO_Init)
    MX_USART6_UART_Init                      0x08001d59   Thumb Code    64  usart.o(.text.MX_USART6_UART_Init)
    MemManage_Handler                        0x08001d99   Thumb Code     2  stm32f7xx_it.o(.text.MemManage_Handler)
    NMI_Handler                              0x08001da1   Thumb Code     2  stm32f7xx_it.o(.text.NMI_Handler)
    PendSV_Handler                           0x08001da9   Thumb Code     2  stm32f7xx_it.o(.text.PendSV_Handler)
    SVC_Handler                              0x08001db1   Thumb Code     2  stm32f7xx_it.o(.text.SVC_Handler)
    SysTick_Handler                          0x08001db9   Thumb Code     4  stm32f7xx_it.o(.text.SysTick_Handler)
    SystemInit                               0x08001dc1   Thumb Code    18  system_stm32f7xx.o(.text.SystemInit)
    UART_AdvFeatureConfig                    0x08001dd9   Thumb Code   224  stm32f7xx_hal_uart.o(.text.UART_AdvFeatureConfig)
    UART_SetConfig                           0x08001ec9   Thumb Code   572  stm32f7xx_hal_uart.o(.text.UART_SetConfig)
    UART_WaitOnFlagUntilTimeout              0x08002109   Thumb Code   540  stm32f7xx_hal_uart.o(.text.UART_WaitOnFlagUntilTimeout)
    USART6_IRQHandler                        0x08002329   Thumb Code    12  stm32f7xx_it.o(.text.USART6_IRQHandler)
    UsageFault_Handler                       0x08002339   Thumb Code     2  stm32f7xx_it.o(.text.UsageFault_Handler)
    SystemClock_Config()                     0x08002341   Thumb Code   186  main.o(.text._Z18SystemClock_Configv)
    _sys_exit                                0x08002401   Thumb Code     2  usart.o(.text._sys_exit)
    main                                     0x08002409   Thumb Code    54  main.o(.text.main)
    _fp_init                                 0x0800243f   Thumb Code    26  fpinit.o(x$fpl$fpinit)
    __fplib_config_fpu_vfp                   0x08002457   Thumb Code     0  fpinit.o(x$fpl$fpinit)
    __fplib_config_pureend_doubles           0x08002457   Thumb Code     0  fpinit.o(x$fpl$fpinit)
    AHBPrescTable                            0x08002458   Data          16  system_stm32f7xx.o(.rodata.AHBPrescTable)
    APBPrescTable                            0x08002468   Data           8  system_stm32f7xx.o(.rodata.APBPrescTable)
    Region$$Table$$Base                      0x08002490   Number         0  anon$$obj.o(Region$$Table)
    Region$$Table$$Limit                     0x080024b0   Number         0  anon$$obj.o(Region$$Table)
    uwTickFreq                               0x20000000   Data           1  stm32f7xx_hal.o(.data..L_MergedGlobals)
    uwTickPrio                               0x20000004   Data           4  stm32f7xx_hal.o(.data..L_MergedGlobals)
    SystemCoreClock                          0x20000008   Data           4  system_stm32f7xx.o(.data.SystemCoreClock)
    __libspace_start                         0x20000010   Data          96  libspace.o(.bss)
    __temporary_stack_top$libspace           0x20000070   Data           0  libspace.o(.bss)
    huart6                                   0x20000070   Data         136  usart.o(.bss.huart6)
    uwTick                                   0x200000f8   Data           4  stm32f7xx_hal.o(.bss.uwTick)



==============================================================================

Memory Map of the image

  Image Entry point : 0x080001c9

  Load Region LR_IROM1 (Base: 0x08000000, Size: 0x000024c0, Max: 0x00100000, ABSOLUTE)

    Execution Region ER_IROM1 (Exec base: 0x08000000, Load base: 0x08000000, Size: 0x000024b0, Max: 0x00100000, ABSOLUTE)

    Exec Addr    Load Addr    Size         Type   Attr      Idx    E Section Name        Object

    0x08000000   0x08000000   0x000001c8   Data   RO            3    RESET               startup_stm32f746xx.o
    0x080001c8   0x080001c8   0x00000008   Code   RO         1692  * !!!main             c_w.l(__main.o)
    0x080001d0   0x080001d0   0x0000005c   Code   RO         1863    !!!scatter          c_w.l(__scatter.o)
    0x0800022c   0x0800022c   0x0000001a   Code   RO         1867    !!handler_copy      c_w.l(__scatter_copy.o)
    0x08000246   0x08000246   0x00000002   PAD
    0x08000248   0x08000248   0x00000002   Code   RO         1864    !!handler_null      c_w.l(__scatter.o)
    0x0800024a   0x0800024a   0x00000002   PAD
    0x0800024c   0x0800024c   0x0000001c   Code   RO         1869    !!handler_zi        c_w.l(__scatter_zi.o)
    0x08000268   0x08000268   0x00000002   Code   RO         1729    .ARM.Collect$$libinit$$00000000  c_w.l(libinit.o)
    0x0800026a   0x0800026a   0x00000004   Code   RO         1741    .ARM.Collect$$libinit$$00000001  c_w.l(libinit2.o)
    0x0800026e   0x0800026e   0x00000000   Code   RO         1744    .ARM.Collect$$libinit$$00000004  c_w.l(libinit2.o)
    0x0800026e   0x0800026e   0x00000000   Code   RO         1746    .ARM.Collect$$libinit$$00000006  c_w.l(libinit2.o)
    0x0800026e   0x0800026e   0x00000000   Code   RO         1749    .ARM.Collect$$libinit$$0000000C  c_w.l(libinit2.o)
    0x0800026e   0x0800026e   0x00000000   Code   RO         1751    .ARM.Collect$$libinit$$0000000E  c_w.l(libinit2.o)
    0x0800026e   0x0800026e   0x00000000   Code   RO         1753    .ARM.Collect$$libinit$$00000010  c_w.l(libinit2.o)
    0x0800026e   0x0800026e   0x00000000   Code   RO         1756    .ARM.Collect$$libinit$$00000013  c_w.l(libinit2.o)
    0x0800026e   0x0800026e   0x00000000   Code   RO         1758    .ARM.Collect$$libinit$$00000015  c_w.l(libinit2.o)
    0x0800026e   0x0800026e   0x00000000   Code   RO         1760    .ARM.Collect$$libinit$$00000017  c_w.l(libinit2.o)
    0x0800026e   0x0800026e   0x00000000   Code   RO         1762    .ARM.Collect$$libinit$$00000019  c_w.l(libinit2.o)
    0x0800026e   0x0800026e   0x00000000   Code   RO         1764    .ARM.Collect$$libinit$$0000001B  c_w.l(libinit2.o)
    0x0800026e   0x0800026e   0x00000000   Code   RO         1766    .ARM.Collect$$libinit$$0000001D  c_w.l(libinit2.o)
    0x0800026e   0x0800026e   0x00000000   Code   RO         1768    .ARM.Collect$$libinit$$0000001F  c_w.l(libinit2.o)
    0x0800026e   0x0800026e   0x00000000   Code   RO         1770    .ARM.Collect$$libinit$$00000021  c_w.l(libinit2.o)
    0x0800026e   0x0800026e   0x00000000   Code   RO         1772    .ARM.Collect$$libinit$$00000023  c_w.l(libinit2.o)
    0x0800026e   0x0800026e   0x00000000   Code   RO         1774    .ARM.Collect$$libinit$$00000025  c_w.l(libinit2.o)
    0x0800026e   0x0800026e   0x00000000   Code   RO         1776    .ARM.Collect$$libinit$$00000027  c_w.l(libinit2.o)
    0x0800026e   0x0800026e   0x00000000   Code   RO         1780    .ARM.Collect$$libinit$$0000002E  c_w.l(libinit2.o)
    0x0800026e   0x0800026e   0x00000000   Code   RO         1782    .ARM.Collect$$libinit$$00000030  c_w.l(libinit2.o)
    0x0800026e   0x0800026e   0x00000000   Code   RO         1784    .ARM.Collect$$libinit$$00000032  c_w.l(libinit2.o)
    0x0800026e   0x0800026e   0x00000000   Code   RO         1786    .ARM.Collect$$libinit$$00000034  c_w.l(libinit2.o)
    0x0800026e   0x0800026e   0x00000002   Code   RO         1787    .ARM.Collect$$libinit$$00000035  c_w.l(libinit2.o)
    0x08000270   0x08000270   0x00000002   Code   RO         1815    .ARM.Collect$$libshutdown$$00000000  c_w.l(libshutdown.o)
    0x08000272   0x08000272   0x00000000   Code   RO         1846    .ARM.Collect$$libshutdown$$00000002  c_w.l(libshutdown2.o)
    0x08000272   0x08000272   0x00000000   Code   RO         1848    .ARM.Collect$$libshutdown$$00000004  c_w.l(libshutdown2.o)
    0x08000272   0x08000272   0x00000000   Code   RO         1851    .ARM.Collect$$libshutdown$$00000007  c_w.l(libshutdown2.o)
    0x08000272   0x08000272   0x00000000   Code   RO         1854    .ARM.Collect$$libshutdown$$0000000A  c_w.l(libshutdown2.o)
    0x08000272   0x08000272   0x00000000   Code   RO         1856    .ARM.Collect$$libshutdown$$0000000C  c_w.l(libshutdown2.o)
    0x08000272   0x08000272   0x00000000   Code   RO         1859    .ARM.Collect$$libshutdown$$0000000F  c_w.l(libshutdown2.o)
    0x08000272   0x08000272   0x00000002   Code   RO         1860    .ARM.Collect$$libshutdown$$00000010  c_w.l(libshutdown2.o)
    0x08000274   0x08000274   0x00000000   Code   RO         1694    .ARM.Collect$$rtentry$$00000000  c_w.l(__rtentry.o)
    0x08000274   0x08000274   0x00000000   Code   RO         1700    .ARM.Collect$$rtentry$$00000002  c_w.l(__rtentry2.o)
    0x08000274   0x08000274   0x00000006   Code   RO         1712    .ARM.Collect$$rtentry$$00000004  c_w.l(__rtentry4.o)
    0x0800027a   0x0800027a   0x00000000   Code   RO         1702    .ARM.Collect$$rtentry$$00000009  c_w.l(__rtentry2.o)
    0x0800027a   0x0800027a   0x00000004   Code   RO         1703    .ARM.Collect$$rtentry$$0000000A  c_w.l(__rtentry2.o)
    0x0800027e   0x0800027e   0x00000000   Code   RO         1705    .ARM.Collect$$rtentry$$0000000C  c_w.l(__rtentry2.o)
    0x0800027e   0x0800027e   0x00000008   Code   RO         1706    .ARM.Collect$$rtentry$$0000000D  c_w.l(__rtentry2.o)
    0x08000286   0x08000286   0x00000002   Code   RO         1733    .ARM.Collect$$rtexit$$00000000  c_w.l(rtexit.o)
    0x08000288   0x08000288   0x00000000   Code   RO         1789    .ARM.Collect$$rtexit$$00000002  c_w.l(rtexit2.o)
    0x08000288   0x08000288   0x00000004   Code   RO         1790    .ARM.Collect$$rtexit$$00000003  c_w.l(rtexit2.o)
    0x0800028c   0x0800028c   0x00000006   Code   RO         1791    .ARM.Collect$$rtexit$$00000004  c_w.l(rtexit2.o)
    0x08000292   0x08000292   0x00000002   PAD
    0x08000294   0x08000294   0x00000040   Code   RO            4    .text               startup_stm32f746xx.o
    0x080002d4   0x080002d4   0x000000f0   Code   RO         1686    .text               c_w.l(lludivv7m.o)
    0x080003c4   0x080003c4   0x0000004e   Code   RO         1688    .text               c_w.l(rt_memclr_w.o)
    0x08000412   0x08000412   0x00000006   Code   RO         1690    .text               c_w.l(heapauxi.o)
    0x08000418   0x08000418   0x0000004a   Code   RO         1716    .text               c_w.l(sys_stackheap_outer.o)
    0x08000462   0x08000462   0x00000012   Code   RO         1718    .text               c_w.l(exit.o)
    0x08000474   0x08000474   0x00000008   Code   RO         1730    .text               c_w.l(libspace.o)
    0x0800047c   0x0800047c   0x00000004   PAD
    0x08000480   0x08000480   0x00000002   Code   RO           49    .text.BusFault_Handler  stm32f7xx_it.o
    0x08000482   0x08000482   0x00000006   PAD
    0x08000488   0x08000488   0x00000002   Code   RO           55    .text.DebugMon_Handler  stm32f7xx_it.o
    0x0800048a   0x0800048a   0x00000006   PAD
    0x08000490   0x08000490   0x00000006   Code   RO           83    .text.Error_Handler  main.o
    0x08000496   0x08000496   0x00000002   PAD
    0x08000498   0x08000498   0x0000008e   Code   RO          438    .text.HAL_DMA_Abort  stm32f7xx_hal_dma.o
    0x08000526   0x08000526   0x00000002   PAD
    0x08000528   0x08000528   0x00000024   Code   RO          440    .text.HAL_DMA_Abort_IT  stm32f7xx_hal_dma.o
    0x0800054c   0x0800054c   0x00000004   PAD
    0x08000550   0x08000550   0x00000028   Code   RO          573    .text.HAL_Delay     stm32f7xx_hal.o
    0x08000578   0x08000578   0x000001aa   Code   RO          406    .text.HAL_GPIO_Init  stm32f7xx_hal_gpio.o
    0x08000722   0x08000722   0x00000006   PAD
    0x08000728   0x08000728   0x00000010   Code   RO          414    .text.HAL_GPIO_TogglePin  stm32f7xx_hal_gpio.o
    0x08000738   0x08000738   0x0000000a   Code   RO          412    .text.HAL_GPIO_WritePin  stm32f7xx_hal_gpio.o
    0x08000742   0x08000742   0x00000006   PAD
    0x08000748   0x08000748   0x0000000c   Code   RO          565    .text.HAL_GetTick   stm32f7xx_hal.o
    0x08000754   0x08000754   0x00000004   PAD
    0x08000758   0x08000758   0x0000001a   Code   RO          563    .text.HAL_IncTick   stm32f7xx_hal.o
    0x08000772   0x08000772   0x00000006   PAD
    0x08000778   0x08000778   0x00000016   Code   RO          553    .text.HAL_Init      stm32f7xx_hal.o
    0x0800078e   0x0800078e   0x00000002   PAD
    0x08000790   0x08000790   0x00000048   Code   RO          555    .text.HAL_InitTick  stm32f7xx_hal.o
    0x080007d8   0x080007d8   0x00000036   Code   RO           70    .text.HAL_MspInit   stm32f7xx_hal_msp.o
    0x0800080e   0x0800080e   0x00000002   PAD
    0x08000810   0x08000810   0x00000020   Code   RO           98    .text.HAL_NVIC_EnableIRQ  stm32f7xx_hal_cortex.o
    0x08000830   0x08000830   0x0000005a   Code   RO           96    .text.HAL_NVIC_SetPriority  stm32f7xx_hal_cortex.o
    0x0800088a   0x0800088a   0x00000006   PAD
    0x08000890   0x08000890   0x00000020   Code   RO           94    .text.HAL_NVIC_SetPriorityGrouping  stm32f7xx_hal_cortex.o
    0x080008b0   0x080008b0   0x00000076   Code   RO          535    .text.HAL_PWREx_EnableOverDrive  stm32f7xx_hal_pwr_ex.o
    0x08000926   0x08000926   0x00000002   PAD
    0x08000928   0x08000928   0x00000560   Code   RO          333    .text.HAL_RCCEx_PeriphCLKConfig  stm32f7xx_hal_rcc_ex.o
    0x08000e88   0x08000e88   0x000001ee   Code   RO          301    .text.HAL_RCC_ClockConfig  stm32f7xx_hal_rcc.o
    0x08001076   0x08001076   0x00000002   PAD
    0x08001078   0x08001078   0x00000026   Code   RO          313    .text.HAL_RCC_GetPCLK1Freq  stm32f7xx_hal_rcc.o
    0x0800109e   0x0800109e   0x00000002   PAD
    0x080010a0   0x080010a0   0x00000026   Code   RO          315    .text.HAL_RCC_GetPCLK2Freq  stm32f7xx_hal_rcc.o
    0x080010c6   0x080010c6   0x00000002   PAD
    0x080010c8   0x080010c8   0x0000006e   Code   RO          303    .text.HAL_RCC_GetSysClockFreq  stm32f7xx_hal_rcc.o
    0x08001136   0x08001136   0x00000002   PAD
    0x08001138   0x08001138   0x000003cc   Code   RO          299    .text.HAL_RCC_OscConfig  stm32f7xx_hal_rcc.o
    0x08001504   0x08001504   0x00000004   PAD
    0x08001508   0x08001508   0x0000002e   Code   RO          106    .text.HAL_SYSTICK_Config  stm32f7xx_hal_cortex.o
    0x08001536   0x08001536   0x00000002   PAD
    0x08001538   0x08001538   0x00000002   Code   RO          228    .text.HAL_UARTEx_RxEventCallback  stm32f7xx_hal_uart.o
    0x0800153a   0x0800153a   0x00000006   PAD
    0x08001540   0x08001540   0x00000002   Code   RO          226    .text.HAL_UART_ErrorCallback  stm32f7xx_hal_uart.o
    0x08001542   0x08001542   0x00000006   PAD
    0x08001548   0x08001548   0x000005f6   Code   RO          222    .text.HAL_UART_IRQHandler  stm32f7xx_hal_uart.o
    0x08001b3e   0x08001b3e   0x00000002   PAD
    0x08001b40   0x08001b40   0x000000a2   Code   RO          142    .text.HAL_UART_Init  stm32f7xx_hal_uart.o
    0x08001be2   0x08001be2   0x00000006   PAD
    0x08001be8   0x08001be8   0x00000094   Code   RO           23    .text.HAL_UART_MspInit  usart.o
    0x08001c7c   0x08001c7c   0x00000004   PAD
    0x08001c80   0x08001c80   0x00000002   Code   RO          230    .text.HAL_UART_TxCpltCallback  stm32f7xx_hal_uart.o
    0x08001c82   0x08001c82   0x00000006   PAD
    0x08001c88   0x08001c88   0x00000002   Code   RO           45    .text.HardFault_Handler  stm32f7xx_it.o
    0x08001c8a   0x08001c8a   0x00000006   PAD
    0x08001c90   0x08001c90   0x000000c6   Code   RO           11    .text.MX_GPIO_Init  gpio.o
    0x08001d56   0x08001d56   0x00000002   PAD
    0x08001d58   0x08001d58   0x00000040   Code   RO           21    .text.MX_USART6_UART_Init  usart.o
    0x08001d98   0x08001d98   0x00000002   Code   RO           47    .text.MemManage_Handler  stm32f7xx_it.o
    0x08001d9a   0x08001d9a   0x00000006   PAD
    0x08001da0   0x08001da0   0x00000002   Code   RO           43    .text.NMI_Handler   stm32f7xx_it.o
    0x08001da2   0x08001da2   0x00000006   PAD
    0x08001da8   0x08001da8   0x00000002   Code   RO           57    .text.PendSV_Handler  stm32f7xx_it.o
    0x08001daa   0x08001daa   0x00000006   PAD
    0x08001db0   0x08001db0   0x00000002   Code   RO           53    .text.SVC_Handler   stm32f7xx_it.o
    0x08001db2   0x08001db2   0x00000006   PAD
    0x08001db8   0x08001db8   0x00000004   Code   RO           59    .text.SysTick_Handler  stm32f7xx_it.o
    0x08001dbc   0x08001dbc   0x00000004   PAD
    0x08001dc0   0x08001dc0   0x00000012   Code   RO         1310    .text.SystemInit    system_stm32f7xx.o
    0x08001dd2   0x08001dd2   0x00000006   PAD
    0x08001dd8   0x08001dd8   0x000000e0   Code   RO          148    .text.UART_AdvFeatureConfig  stm32f7xx_hal_uart.o
    0x08001eb8   0x08001eb8   0x00000010   Code   RO          224    .text.UART_DMAAbortOnError  stm32f7xx_hal_uart.o
    0x08001ec8   0x08001ec8   0x0000023c   Code   RO          146    .text.UART_SetConfig  stm32f7xx_hal_uart.o
    0x08002104   0x08002104   0x00000004   PAD
    0x08002108   0x08002108   0x0000021c   Code   RO          164    .text.UART_WaitOnFlagUntilTimeout  stm32f7xx_hal_uart.o
    0x08002324   0x08002324   0x00000004   PAD
    0x08002328   0x08002328   0x0000000c   Code   RO           61    .text.USART6_IRQHandler  stm32f7xx_it.o
    0x08002334   0x08002334   0x00000004   PAD
    0x08002338   0x08002338   0x00000002   Code   RO           51    .text.UsageFault_Handler  stm32f7xx_it.o
    0x0800233a   0x0800233a   0x00000006   PAD
    0x08002340   0x08002340   0x000000ba   Code   RO           81    .text._Z18SystemClock_Configv  main.o
    0x080023fa   0x080023fa   0x00000006   PAD
    0x08002400   0x08002400   0x00000002   Code   RO           29    .text._sys_exit     usart.o
    0x08002402   0x08002402   0x00000006   PAD
    0x08002408   0x08002408   0x00000036   Code   RO           79    .text.main          main.o
    0x0800243e   0x0800243e   0x0000001a   Code   RO         1801    x$fpl$fpinit        fz_wm.l(fpinit.o)
    0x08002458   0x08002458   0x00000010   Data   RO         1315    .rodata.AHBPrescTable  system_stm32f7xx.o
    0x08002468   0x08002468   0x00000008   Data   RO         1316    .rodata.APBPrescTable  system_stm32f7xx.o
    0x08002470   0x08002470   0x00000020   Data   RO          268    .rodata.cst16       stm32f7xx_hal_uart.o
    0x08002490   0x08002490   0x00000020   Data   RO         1862    Region$$Table       anon$$obj.o


    Execution Region RW_IRAM1 (Exec base: 0x20000000, Load base: 0x080024b0, Size: 0x00000700, Max: 0x00050000, ABSOLUTE)

    Exec Addr    Load Addr    Size         Type   Attr      Idx    E Section Name        Object

    0x20000000   0x080024b0   0x00000008   Data   RW          612    .data..L_MergedGlobals  stm32f7xx_hal.o
    0x20000008   0x080024b8   0x00000004   Data   RW         1314    .data.SystemCoreClock  system_stm32f7xx.o
    0x2000000c   0x080024bc   0x00000004   PAD
    0x20000010        -       0x00000060   Zero   RW         1731    .bss                c_w.l(libspace.o)
    0x20000070        -       0x00000088   Zero   RW           33    .bss.huart6         usart.o
    0x200000f8        -       0x00000004   Zero   RW          611    .bss.uwTick         stm32f7xx_hal.o
    0x200000fc   0x080024bc   0x00000004   PAD
    0x20000100        -       0x00000200   Zero   RW            2    HEAP                startup_stm32f746xx.o
    0x20000300        -       0x00000400   Zero   RW            1    STACK               startup_stm32f746xx.o


==============================================================================

Image component sizes


      Code (inc. data)   RO Data    RW Data    ZI Data      Debug   Object Name

       198          0          0          0          0       2527   gpio.o
       246          0          0          0          0       4405   main.o
        64         26        456          0       1536        844   startup_stm32f746xx.o
       172          0          0          8          4       7796   stm32f7xx_hal.o
       200          0          0          0          0      11267   stm32f7xx_hal_cortex.o
       178          0          0          0          0      11092   stm32f7xx_hal_dma.o
       452          0          0          0          0       5239   stm32f7xx_hal_gpio.o
        54          0          0          0          0       1705   stm32f7xx_hal_msp.o
       118          0          0          0          0       5719   stm32f7xx_hal_pwr_ex.o
      1652          0          0          0          0       8428   stm32f7xx_hal_rcc.o
      1376          0          0          0          0       6963   stm32f7xx_hal_rcc_ex.o
      3046         22         32          0          0      35083   stm32f7xx_hal_uart.o
        32          0          0          0          0       4297   stm32f7xx_it.o
        18          0         24          4          0       3392   system_stm32f7xx.o
       214          0          0          0        136       9992   usart.o

    ----------------------------------------------------------------------
      8190         48        544         12       1684     118749   Object Totals
         0          0         32          0          0          0   (incl. Generated)
       170          0          0          0          8          0   (incl. Padding)

    ----------------------------------------------------------------------

      Code (inc. data)   RO Data    RW Data    ZI Data      Debug   Library Member Name

         8          0          0          0          0         68   __main.o
         0          0          0          0          0          0   __rtentry.o
        12          0          0          0          0          0   __rtentry2.o
         6          0          0          0          0          0   __rtentry4.o
        94          8          0          0          0          0   __scatter.o
        26          0          0          0          0          0   __scatter_copy.o
        28          0          0          0          0          0   __scatter_zi.o
        18          0          0          0          0         80   exit.o
         6          0          0          0          0        152   heapauxi.o
         2          0          0          0          0          0   libinit.o
         6          0          0          0          0          0   libinit2.o
         2          0          0          0          0          0   libshutdown.o
         2          0          0          0          0          0   libshutdown2.o
         8          4          0          0         96         68   libspace.o
       240          0          0          0          0        100   lludivv7m.o
        78          0          0          0          0         80   rt_memclr_w.o
         2          0          0          0          0          0   rtexit.o
        10          0          0          0          0          0   rtexit2.o
        74          0          0          0          0         80   sys_stackheap_outer.o
        26          0          0          0          0        116   fpinit.o

    ----------------------------------------------------------------------
       658         16          0          0         96        744   Library Totals
        10          4          0          0          0          0   (incl. Padding)

    ----------------------------------------------------------------------

      Code (inc. data)   RO Data    RW Data    ZI Data      Debug   Library Name

       622         12          0          0         96        628   c_w.l
        26          0          0          0          0        116   fz_wm.l

    ----------------------------------------------------------------------
       658         16          0          0         96        744   Library Totals

    ----------------------------------------------------------------------

==============================================================================


      Code (inc. data)   RO Data    RW Data    ZI Data      Debug   

      8848         64        544         12       1780     119145   Grand Totals
      8848         64        544         12       1780     119145   ELF Image Totals
      8848         64        544         12          0          0   ROM Totals

==============================================================================

    Total RO  Size (Code + RO Data)                 9392 (   9.17kB)
    Total RW  Size (RW Data + ZI Data)              1792 (   1.75kB)
    Total ROM Size (Code + RO Data + RW Data)       9404 (   9.18kB)

==============================================================================

