Component: Arm Compiler for Embedded 6.21 Tool: armlink [5ec1fa00]

==============================================================================

Section Cross References

    startup_stm32f746xx.o(STACK) refers (Special) to heapauxi.o(.text) for __use_two_region_memory
    startup_stm32f746xx.o(HEAP) refers (Special) to heapauxi.o(.text) for __use_two_region_memory
    startup_stm32f746xx.o(RESET) refers (Special) to heapauxi.o(.text) for __use_two_region_memory
    startup_stm32f746xx.o(RESET) refers to startup_stm32f746xx.o(STACK) for __initial_sp
    startup_stm32f746xx.o(RESET) refers to startup_stm32f746xx.o(.text) for Reset_Handler
    startup_stm32f746xx.o(RESET) refers to stm32f7xx_it.o(.text.NMI_Handler) for NMI_Handler
    startup_stm32f746xx.o(RESET) refers to stm32f7xx_it.o(.text.HardFault_Handler) for HardFault_Handler
    startup_stm32f746xx.o(RESET) refers to stm32f7xx_it.o(.text.MemManage_Handler) for MemManage_Handler
    startup_stm32f746xx.o(RESET) refers to stm32f7xx_it.o(.text.BusFault_Handler) for BusFault_Handler
    startup_stm32f746xx.o(RESET) refers to stm32f7xx_it.o(.text.UsageFault_Handler) for UsageFault_Handler
    startup_stm32f746xx.o(RESET) refers to stm32f7xx_it.o(.text.SVC_Handler) for SVC_Handler
    startup_stm32f746xx.o(RESET) refers to stm32f7xx_it.o(.text.DebugMon_Handler) for DebugMon_Handler
    startup_stm32f746xx.o(RESET) refers to stm32f7xx_it.o(.text.PendSV_Handler) for PendSV_Handler
    startup_stm32f746xx.o(RESET) refers to stm32f7xx_it.o(.text.SysTick_Handler) for SysTick_Handler
    startup_stm32f746xx.o(RESET) refers to stm32f7xx_it.o(.text.USART6_IRQHandler) for USART6_IRQHandler
    startup_stm32f746xx.o(.text) refers (Special) to heapauxi.o(.text) for __use_two_region_memory
    startup_stm32f746xx.o(.text) refers to system_stm32f7xx.o(.text.SystemInit) for SystemInit
    startup_stm32f746xx.o(.text) refers to __main.o(!!!main) for __main
    startup_stm32f746xx.o(.text) refers to startup_stm32f746xx.o(HEAP) for Heap_Mem
    startup_stm32f746xx.o(.text) refers to startup_stm32f746xx.o(STACK) for Stack_Mem
    gpio.o(.text.MX_GPIO_Init) refers to stm32f7xx_hal_gpio.o(.text.HAL_GPIO_WritePin) for HAL_GPIO_WritePin
    gpio.o(.text.MX_GPIO_Init) refers to stm32f7xx_hal_gpio.o(.text.HAL_GPIO_Init) for HAL_GPIO_Init
    gpio.o(.ARM.exidx.text.MX_GPIO_Init) refers to gpio.o(.text.MX_GPIO_Init) for [Anonymous Symbol]
    usart.o(.text.MX_USART6_UART_Init) refers to usart.o(.bss.huart6) for huart6
    usart.o(.text.MX_USART6_UART_Init) refers to stm32f7xx_hal_uart.o(.text.HAL_UART_Init) for HAL_UART_Init
    usart.o(.text.MX_USART6_UART_Init) refers to main.o(.text.Error_Handler) for Error_Handler
    usart.o(.ARM.exidx.text.MX_USART6_UART_Init) refers to usart.o(.text.MX_USART6_UART_Init) for [Anonymous Symbol]
    usart.o(.text.HAL_UART_MspInit) refers to rt_memclr_w.o(.text) for __aeabi_memclr4
    usart.o(.text.HAL_UART_MspInit) refers to stm32f7xx_hal_rcc_ex.o(.text.HAL_RCCEx_PeriphCLKConfig) for HAL_RCCEx_PeriphCLKConfig
    usart.o(.text.HAL_UART_MspInit) refers to main.o(.text.Error_Handler) for Error_Handler
    usart.o(.text.HAL_UART_MspInit) refers to stm32f7xx_hal_gpio.o(.text.HAL_GPIO_Init) for HAL_GPIO_Init
    usart.o(.text.HAL_UART_MspInit) refers to stm32f7xx_hal_cortex.o(.text.HAL_NVIC_SetPriority) for HAL_NVIC_SetPriority
    usart.o(.text.HAL_UART_MspInit) refers to stm32f7xx_hal_cortex.o(.text.HAL_NVIC_EnableIRQ) for HAL_NVIC_EnableIRQ
    usart.o(.ARM.exidx.text.HAL_UART_MspInit) refers to usart.o(.text.HAL_UART_MspInit) for [Anonymous Symbol]
    usart.o(.text.HAL_UART_MspDeInit) refers to stm32f7xx_hal_gpio.o(.text.HAL_GPIO_DeInit) for HAL_GPIO_DeInit
    usart.o(.text.HAL_UART_MspDeInit) refers to stm32f7xx_hal_cortex.o(.text.HAL_NVIC_DisableIRQ) for HAL_NVIC_DisableIRQ
    usart.o(.ARM.exidx.text.HAL_UART_MspDeInit) refers to usart.o(.text.HAL_UART_MspDeInit) for [Anonymous Symbol]
    usart.o(.text.HAL_UART_RxCpltCallback) refers to usart.o(.bss.usart6_def) for usart6_def
    usart.o(.text.HAL_UART_RxCpltCallback) refers to stm32f7xx_hal_uart.o(.text.HAL_UART_Receive_IT) for HAL_UART_Receive_IT
    usart.o(.ARM.exidx.text.HAL_UART_RxCpltCallback) refers to usart.o(.text.HAL_UART_RxCpltCallback) for [Anonymous Symbol]
    usart.o(.ARM.exidx.text._sys_exit) refers to usart.o(.text._sys_exit) for [Anonymous Symbol]
    usart.o(.ARM.exidx.text.fputc) refers to usart.o(.text.fputc) for [Anonymous Symbol]
    stm32f7xx_it.o(.ARM.exidx.text.NMI_Handler) refers to stm32f7xx_it.o(.text.NMI_Handler) for [Anonymous Symbol]
    stm32f7xx_it.o(.ARM.exidx.text.HardFault_Handler) refers to stm32f7xx_it.o(.text.HardFault_Handler) for [Anonymous Symbol]
    stm32f7xx_it.o(.ARM.exidx.text.MemManage_Handler) refers to stm32f7xx_it.o(.text.MemManage_Handler) for [Anonymous Symbol]
    stm32f7xx_it.o(.ARM.exidx.text.BusFault_Handler) refers to stm32f7xx_it.o(.text.BusFault_Handler) for [Anonymous Symbol]
[...]
    Removing stm32f7xx_hal_rcc_ex.o(.text.HAL_RCCEx_DisablePLLSAI), (48 bytes).
    Removing stm32f7xx_hal_rcc_ex.o(.ARM.exidx.text.HAL_RCCEx_DisablePLLSAI), (8 bytes).
    Removing stm32f7xx_hal_flash.o(.text), (0 bytes).
    Removing stm32f7xx_hal_flash.o(.text.HAL_FLASH_Program), (284 bytes).
    Removing stm32f7xx_hal_flash.o(.ARM.exidx.text.HAL_FLASH_Program), (8 bytes).
    Removing stm32f7xx_hal_flash.o(.text.FLASH_WaitForLastOperation), (226 bytes).
    Removing stm32f7xx_hal_flash.o(.ARM.exidx.text.FLASH_WaitForLastOperation), (8 bytes).
    Removing stm32f7xx_hal_flash.o(.text.HAL_FLASH_Program_IT), (264 bytes).
    Removing stm32f7xx_hal_flash.o(.ARM.exidx.text.HAL_FLASH_Program_IT), (8 bytes).
    Removing stm32f7xx_hal_flash.o(.text.HAL_FLASH_IRQHandler), (412 bytes).
    Removing stm32f7xx_hal_flash.o(.ARM.exidx.text.HAL_FLASH_IRQHandler), (8 bytes).
    Removing stm32f7xx_hal_flash.o(.text.HAL_FLASH_EndOfOperationCallback), (2 bytes).
    Removing stm32f7xx_hal_flash.o(.ARM.exidx.text.HAL_FLASH_EndOfOperationCallback), (8 bytes).
    Removing stm32f7xx_hal_flash.o(.text.HAL_FLASH_OperationErrorCallback), (2 bytes).
    Removing stm32f7xx_hal_flash.o(.ARM.exidx.text.HAL_FLASH_OperationErrorCallback), (8 bytes).
    Removing stm32f7xx_hal_flash.o(.text.HAL_FLASH_Unlock), (46 bytes).
    Removing stm32f7xx_hal_flash.o(.ARM.exidx.text.HAL_FLASH_Unlock), (8 bytes).
    Removing stm32f7xx_hal_flash.o(.text.HAL_FLASH_Lock), (20 bytes).
    Removing stm32f7xx_hal_flash.o(.ARM.exidx.text.HAL_FLASH_Lock), (8 bytes).
    Removing stm32f7xx_hal_flash.o(.text.HAL_FLASH_OB_Unlock), (44 bytes).
    Removing stm32f7xx_hal_flash.o(.ARM.exidx.text.HAL_FLASH_OB_Unlock), (8 bytes).
    Removing stm32f7xx_hal_flash.o(.text.HAL_FLASH_OB_Lock), (20 bytes).
    Removing stm32f7xx_hal_flash.o(.ARM.exidx.text.HAL_FLASH_OB_Lock), (8 bytes).
    Removing stm32f7xx_hal_flash.o(.text.HAL_FLASH_OB_Launch), (24 bytes).
    Removing stm32f7xx_hal_flash.o(.ARM.exidx.text.HAL_FLASH_OB_Launch), (8 bytes).
    Removing stm32f7xx_hal_flash.o(.text.HAL_FLASH_GetError), (12 bytes).
    Removing stm32f7xx_hal_flash.o(.ARM.exidx.text.HAL_FLASH_GetError), (8 bytes).
    Removing stm32f7xx_hal_flash.o(.bss.pFlash), (28 bytes).
    Removing stm32f7xx_hal_flash_ex.o(.text), (0 bytes).
    Removing stm32f7xx_hal_flash_ex.o(.text.HAL_FLASHEx_Erase), (296 bytes).
    Removing stm32f7xx_hal_flash_ex.o(.ARM.exidx.text.HAL_FLASHEx_Erase), (8 bytes).
    Removing stm32f7xx_hal_flash_ex.o(.text.FLASH_Erase_Sector), (66 bytes).
    Removing stm32f7xx_hal_flash_ex.o(.ARM.exidx.text.FLASH_Erase_Sector), (8 bytes).
    Removing stm32f7xx_hal_flash_ex.o(.text.HAL_FLASHEx_Erase_IT), (178 bytes).
    Removing stm32f7xx_hal_flash_ex.o(.ARM.exidx.text.HAL_FLASHEx_Erase_IT), (8 bytes).
    Removing stm32f7xx_hal_flash_ex.o(.text.HAL_FLASHEx_OBProgram), (266 bytes).
    Removing stm32f7xx_hal_flash_ex.o(.ARM.exidx.text.HAL_FLASHEx_OBProgram), (8 bytes).
    Removing stm32f7xx_hal_flash_ex.o(.text.HAL_FLASHEx_OBGetConfig), (76 bytes).
    Removing stm32f7xx_hal_flash_ex.o(.ARM.exidx.text.HAL_FLASHEx_OBGetConfig), (8 bytes).
    Removing stm32f7xx_hal_gpio.o(.text), (0 bytes).
    Removing stm32f7xx_hal_gpio.o(.ARM.exidx.text.HAL_GPIO_Init), (8 bytes).
    Removing stm32f7xx_hal_gpio.o(.text.HAL_GPIO_DeInit), (254 bytes).
    Removing stm32f7xx_hal_gpio.o(.ARM.exidx.text.HAL_GPIO_DeInit), (8 bytes).
    Removing stm32f7xx_hal_gpio.o(.text.HAL_GPIO_ReadPin), (10 bytes).
    Removing stm32f7xx_hal_gpio.o(.ARM.exidx.text.HAL_GPIO_ReadPin), (8 bytes).
    Removing stm32f7xx_hal_gpio.o(.ARM.exidx.text.HAL_GPIO_WritePin), (8 bytes).
    Removing stm32f7xx_hal_gpio.o(.ARM.exidx.text.HAL_GPIO_TogglePin), (8 bytes).
    Removing stm32f7xx_hal_gpio.o(.text.HAL_GPIO_LockPin), (44 bytes).
    Removing stm32f7xx_hal_gpio.o(.ARM.exidx.text.HAL_GPIO_LockPin), (8 bytes).
    Removing stm32f7xx_hal_gpio.o(.text.HAL_GPIO_EXTI_IRQHandler), (22 bytes).
    Removing stm32f7xx_hal_gpio.o(.ARM.exidx.text.HAL_GPIO_EXTI_IRQHandler), (8 bytes).
    Removing stm32f7xx_hal_gpio.o(.text.HAL_GPIO_EXTI_Callback), (2 bytes).
    Removing stm32f7xx_hal_gpio.o(.ARM.exidx.text.HAL_GPIO_EXTI_Callback), (8 bytes).
    Removing stm32f7xx_hal_dma.o(.text), (0 bytes).
    Removing stm32f7xx_hal_dma.o(.text.HAL_DMA_Init), (346 bytes).
    Removing stm32f7xx_hal_dma.o(.ARM.exidx.text.HAL_DMA_Init), (8 bytes).
    Removing stm32f7xx_hal_dma.o(.text.HAL_DMA_DeInit), (140 bytes).
    Removing stm32f7xx_hal_dma.o(.ARM.exidx.text.HAL_DMA_DeInit), (8 bytes).
    Removing stm32f7xx_hal_dma.o(.text.HAL_DMA_Start), (106 bytes).
    Removing stm32f7xx_hal_dma.o(.ARM.exidx.text.HAL_DMA_Start), (8 bytes).
    Removing stm32f7xx_hal_dma.o(.text.HAL_DMA_Start_IT), (174 bytes).
    Removing stm32f7xx_hal_dma.o(.ARM.exidx.text.HAL_DMA_Start_IT), (8 bytes).
    Removing stm32f7xx_hal_dma.o(.ARM.exidx.text.HAL_DMA_Abort), (8 bytes).
    Removing stm32f7xx_hal_dma.o(.ARM.exidx.text.HAL_DMA_Abort_IT), (8 bytes).
    Removing stm32f7xx_hal_dma.o(.text.HAL_DMA_PollForTransfer), (454 bytes).
    Removing stm32f7xx_hal_dma.o(.ARM.exidx.text.HAL_DMA_PollForTransfer), (8 bytes).
    Removing stm32f7xx_hal_dma.o(.text.HAL_DMA_IRQHandler), (448 bytes).
    Removing stm32f7xx_hal_dma.o(.ARM.exidx.text.HAL_DMA_IRQHandler), (8 bytes).
    Removing stm32f7xx_hal_dma.o(.text.HAL_DMA_RegisterCallback), (106 bytes).
    Removing stm32f7xx_hal_dma.o(.ARM.exidx.text.HAL_DMA_RegisterCallback), (8 bytes).
    Removing stm32f7xx_hal_dma.o(.text.HAL_DMA_UnRegisterCallback), (156 bytes).
    Removing stm32f7xx_hal_dma.o(.ARM.exidx.text.HAL_DMA_UnRegisterCallback), (8 bytes).
    Removing stm32f7xx_hal_dma.o(.text.HAL_DMA_GetState), (6 bytes).
    Removing stm32f7xx_hal_dma.o(.ARM.exidx.text.HAL_DMA_GetState), (8 bytes).
    Removing stm32f7xx_hal_dma.o(.text.HAL_DMA_GetError), (4 bytes).
    Removing stm32f7xx_hal_dma.o(.ARM.exidx.text.HAL_DMA_GetError), (8 bytes).
    Removing stm32f7xx_hal_dma.o(.rodata.cst8), (8 bytes).
    Removing stm32f7xx_hal_dma_ex.o(.text), (0 bytes).
    Removing stm32f7xx_hal_dma_ex.o(.text.HAL_DMAEx_MultiBufferStart), (118 bytes).
    Removing stm32f7xx_hal_dma_ex.o(.ARM.exidx.text.HAL_DMAEx_MultiBufferStart), (8 bytes).
    Removing stm32f7xx_hal_dma_ex.o(.text.HAL_DMAEx_MultiBufferStart_IT), (1278 bytes).
    Removing stm32f7xx_hal_dma_ex.o(.ARM.exidx.text.HAL_DMAEx_MultiBufferStart_IT), (8 bytes).
    Removing stm32f7xx_hal_dma_ex.o(.text.HAL_DMAEx_ChangeMemory), (16 bytes).
    Removing stm32f7xx_hal_dma_ex.o(.ARM.exidx.text.HAL_DMAEx_ChangeMemory), (8 bytes).
    Removing stm32f7xx_hal_pwr.o(.text), (0 bytes).
    Removing stm32f7xx_hal_pwr.o(.text.HAL_PWR_DeInit), (26 bytes).
    Removing stm32f7xx_hal_pwr.o(.ARM.exidx.text.HAL_PWR_DeInit), (8 bytes).
    Removing stm32f7xx_hal_pwr.o(.text.HAL_PWR_EnableBkUpAccess), (18 bytes).
    Removing stm32f7xx_hal_pwr.o(.ARM.exidx.text.HAL_PWR_EnableBkUpAccess), (8 bytes).
    Removing stm32f7xx_hal_pwr.o(.text.HAL_PWR_DisableBkUpAccess), (18 bytes).
    Removing stm32f7xx_hal_pwr.o(.ARM.exidx.text.HAL_PWR_DisableBkUpAccess), (8 bytes).
    Removing stm32f7xx_hal_pwr.o(.text.HAL_PWR_ConfigPVD), (130 bytes).
    Removing stm32f7xx_hal_pwr.o(.ARM.exidx.text.HAL_PWR_ConfigPVD), (8 bytes).
    Removing stm32f7xx_hal_pwr.o(.text.HAL_PWR_EnablePVD), (18 bytes).
    Removing stm32f7xx_hal_pwr.o(.ARM.exidx.text.HAL_PWR_EnablePVD), (8 bytes).
    Removing stm32f7xx_hal_pwr.o(.text.HAL_PWR_DisablePVD), (18 bytes).
    Removing stm32f7xx_hal_pwr.o(.ARM.exidx.text.HAL_PWR_DisablePVD), (8 bytes).
    Removing stm32f7xx_hal_pwr.o(.text.HAL_PWR_EnableWakeUpPin), (32 bytes).
    Removing stm32f7xx_hal_pwr.o(.ARM.exidx.text.HAL_PWR_EnableWakeUpPin), (8 bytes).
    Removing stm32f7xx_hal_pwr.o(.text.HAL_PWR_DisableWakeUpPin), (18 bytes).
    Removing stm32f7xx_hal_pwr.o(.ARM.exidx.text.HAL_PWR_DisableWakeUpPin), (8 bytes).
    Removing stm32f7xx_hal_pwr.o(.text.HAL_PWR_EnterSLEEPMode), (40 bytes).
    Removing stm32f7xx_hal_pwr.o(.ARM.exidx.text.HAL_PWR_EnterSLEEPMode), (8 bytes).
    Removing stm32f7xx_hal_pwr.o(.text.HAL_PWR_EnterSTOPMode), (80 bytes).
    Removing stm32f7xx_hal_pwr.o(.ARM.exidx.text.HAL_PWR_EnterSTOPMode), (8 bytes).
    Removing stm32f7xx_hal_pwr.o(.text.HAL_PWR_EnterSTANDBYMode), (36 bytes).
    Removing stm32f7xx_hal_pwr.o(.ARM.exidx.text.HAL_PWR_EnterSTANDBYMode), (8 bytes).
    Removing stm32f7xx_hal_pwr.o(.text.HAL_PWR_PVD_IRQHandler), (30 bytes).
    Removing stm32f7xx_hal_pwr.o(.ARM.exidx.text.HAL_PWR_PVD_IRQHandler), (8 bytes).
    Removing stm32f7xx_hal_pwr.o(.text.HAL_PWR_PVDCallback), (2 bytes).
    Removing stm32f7xx_hal_pwr.o(.ARM.exidx.text.HAL_PWR_PVDCallback), (8 bytes).
    Removing stm32f7xx_hal_pwr.o(.text.HAL_PWR_EnableSleepOnExit), (18 bytes).
    Removing stm32f7xx_hal_pwr.o(.ARM.exidx.text.HAL_PWR_EnableSleepOnExit), (8 bytes).
    Removing stm32f7xx_hal_pwr.o(.text.HAL_PWR_DisableSleepOnExit), (18 bytes).
    Removing stm32f7xx_hal_pwr.o(.ARM.exidx.text.HAL_PWR_DisableSleepOnExit), (8 bytes).
    Removing stm32f7xx_hal_pwr.o(.text.HAL_PWR_EnableSEVOnPend), (18 bytes).
    Removing stm32f7xx_hal_pwr.o(.ARM.exidx.text.HAL_PWR_EnableSEVOnPend), (8 bytes).
    Removing stm32f7xx_hal_pwr.o(.text.HAL_PWR_DisableSEVOnPend), (18 bytes).
    Removing stm32f7xx_hal_pwr.o(.ARM.exidx.text.HAL_PWR_DisableSEVOnPend), (8 bytes).
    Removing stm32f7xx_hal_pwr_ex.o(.text), (0 bytes).
    Removing stm32f7xx_hal_pwr_ex.o(.text.HAL_PWREx_EnableBkUpReg), (60 bytes).
    Removing stm32f7xx_hal_pwr_ex.o(.ARM.exidx.text.HAL_PWREx_EnableBkUpReg), (8 bytes).
    Removing stm32f7xx_hal_pwr_ex.o(.text.HAL_PWREx_DisableBkUpReg), (60 bytes).
    Removing stm32f7xx_hal_pwr_ex.o(.ARM.exidx.text.HAL_PWREx_DisableBkUpReg), (8 bytes).
    Removing stm32f7xx_hal_pwr_ex.o(.text.HAL_PWREx_EnableFlashPowerDown), (18 bytes).
    Removing stm32f7xx_hal_pwr_ex.o(.ARM.exidx.text.HAL_PWREx_EnableFlashPowerDown), (8 bytes).
    Removing stm32f7xx_hal_pwr_ex.o(.text.HAL_PWREx_DisableFlashPowerDown), (18 bytes).
    Removing stm32f7xx_hal_pwr_ex.o(.ARM.exidx.text.HAL_PWREx_DisableFlashPowerDown), (8 bytes).
    Removing stm32f7xx_hal_pwr_ex.o(.text.HAL_PWREx_EnableMainRegulatorLowVoltage), (18 bytes).
    Removing stm32f7xx_hal_pwr_ex.o(.ARM.exidx.text.HAL_PWREx_EnableMainRegulatorLowVoltage), (8 bytes).
    Removing stm32f7xx_hal_pwr_ex.o(.text.HAL_PWREx_DisableMainRegulatorLowVoltage), (18 bytes).
    Removing stm32f7xx_hal_pwr_ex.o(.ARM.exidx.text.HAL_PWREx_DisableMainRegulatorLowVoltage), (8 bytes).
    Removing stm32f7xx_hal_pwr_ex.o(.text.HAL_PWREx_EnableLowRegulatorLowVoltage), (18 bytes).
    Removing stm32f7xx_hal_pwr_ex.o(.ARM.exidx.text.HAL_PWREx_EnableLowRegulatorLowVoltage), (8 bytes).
    Removing stm32f7xx_hal_pwr_ex.o(.text.HAL_PWREx_DisableLowRegulatorLowVoltage), (18 bytes).
    Removing stm32f7xx_hal_pwr_ex.o(.ARM.exidx.text.HAL_PWREx_DisableLowRegulatorLowVoltage), (8 bytes).
    Removing stm32f7xx_hal_pwr_ex.o(.ARM.exidx.text.HAL_PWREx_EnableOverDrive), (8 bytes).
    Removing stm32f7xx_hal_pwr_ex.o(.text.HAL_PWREx_DisableOverDrive), (118 bytes).
    Removing stm32f7xx_hal_pwr_ex.o(.ARM.exidx.text.HAL_PWREx_DisableOverDrive), (8 bytes).
    Removing stm32f7xx_hal_pwr_ex.o(.text.HAL_PWREx_EnterUnderDriveSTOPMode), (152 bytes).
    Removing stm32f7xx_hal_pwr_ex.o(.ARM.exidx.text.HAL_PWREx_EnterUnderDriveSTOPMode), (8 bytes).
    Removing stm32f7xx_hal_pwr_ex.o(.text.HAL_PWREx_GetVoltageRange), (16 bytes).
    Removing stm32f7xx_hal_pwr_ex.o(.ARM.exidx.text.HAL_PWREx_GetVoltageRange), (8 bytes).
    Removing stm32f7xx_hal_pwr_ex.o(.text.HAL_PWREx_ControlVoltageScaling), (176 bytes).
    Removing stm32f7xx_hal_pwr_ex.o(.ARM.exidx.text.HAL_PWREx_ControlVoltageScaling), (8 bytes).
    Removing stm32f7xx_hal.o(.text), (0 bytes).
    Removing stm32f7xx_hal.o(.ARM.exidx.text.HAL_Init), (8 bytes).
    Removing stm32f7xx_hal.o(.ARM.exidx.text.HAL_InitTick), (8 bytes).
    Removing stm32f7xx_hal.o(.text.HAL_MspInit), (2 bytes).
    Removing stm32f7xx_hal.o(.ARM.exidx.text.HAL_MspInit), (8 bytes).
    Removing stm32f7xx_hal.o(.text.HAL_DeInit), (44 bytes).
    Removing stm32f7xx_hal.o(.ARM.exidx.text.HAL_DeInit), (8 bytes).
    Removing stm32f7xx_hal.o(.text.HAL_MspDeInit), (2 bytes).
    Removing stm32f7xx_hal.o(.ARM.exidx.text.HAL_MspDeInit), (8 bytes).
    Removing stm32f7xx_hal.o(.ARM.exidx.text.HAL_IncTick), (8 bytes).
    Removing stm32f7xx_hal.o(.ARM.exidx.text.HAL_GetTick), (8 bytes).
    Removing stm32f7xx_hal.o(.text.HAL_GetTickPrio), (12 bytes).
    Removing stm32f7xx_hal.o(.ARM.exidx.text.HAL_GetTickPrio), (8 bytes).
    Removing stm32f7xx_hal.o(.text.HAL_SetTickFreq), (36 bytes).
    Removing stm32f7xx_hal.o(.ARM.exidx.text.HAL_SetTickFreq), (8 bytes).
    Removing stm32f7xx_hal.o(.text.HAL_GetTickFreq), (12 bytes).
    Removing stm32f7xx_hal.o(.ARM.exidx.text.HAL_GetTickFreq), (8 bytes).
    Removing stm32f7xx_hal.o(.ARM.exidx.text.HAL_Delay), (8 bytes).
    Removing stm32f7xx_hal.o(.text.HAL_SuspendTick), (18 bytes).
    Removing stm32f7xx_hal.o(.ARM.exidx.text.HAL_SuspendTick), (8 bytes).
    Removing stm32f7xx_hal.o(.text.HAL_ResumeTick), (18 bytes).
    Removing stm32f7xx_hal.o(.ARM.exidx.text.HAL_ResumeTick), (8 bytes).
    Removing stm32f7xx_hal.o(.text.HAL_GetHalVersion), (8 bytes).
    Removing stm32f7xx_hal.o(.ARM.exidx.text.HAL_GetHalVersion), (8 bytes).
    Removing stm32f7xx_hal.o(.text.HAL_GetREVID), (14 bytes).
    Removing stm32f7xx_hal.o(.ARM.exidx.text.HAL_GetREVID), (8 bytes).
    Removing stm32f7xx_hal.o(.text.HAL_GetDEVID), (16 bytes).
    Removing stm32f7xx_hal.o(.ARM.exidx.text.HAL_GetDEVID), (8 bytes).
    Removing stm32f7xx_hal.o(.text.HAL_GetUIDw0), (12 bytes).
    Removing stm32f7xx_hal.o(.ARM.exidx.text.HAL_GetUIDw0), (8 bytes).
    Removing stm32f7xx_hal.o(.text.HAL_GetUIDw1), (12 bytes).
    Removing stm32f7xx_hal.o(.ARM.exidx.text.HAL_GetUIDw1), (8 bytes).
    Removing stm32f7xx_hal.o(.text.HAL_GetUIDw2), (12 bytes).
    Removing stm32f7xx_hal.o(.ARM.exidx.text.HAL_GetUIDw2), (8 bytes).
    Removing stm32f7xx_hal.o(.text.HAL_DBGMCU_EnableDBGSleepMode), (18 bytes).
    Removing stm32f7xx_hal.o(.ARM.exidx.text.HAL_DBGMCU_EnableDBGSleepMode), (8 bytes).
    Removing stm32f7xx_hal.o(.text.HAL_DBGMCU_DisableDBGSleepMode), (18 bytes).
    Removing stm32f7xx_hal.o(.ARM.exidx.text.HAL_DBGMCU_DisableDBGSleepMode), (8 bytes).
    Removing stm32f7xx_hal.o(.text.HAL_DBGMCU_EnableDBGStopMode), (18 bytes).
    Removing stm32f7xx_hal.o(.ARM.exidx.text.HAL_DBGMCU_EnableDBGStopMode), (8 bytes).
    Removing stm32f7xx_hal.o(.text.HAL_DBGMCU_DisableDBGStopMode), (18 bytes).
    Removing stm32f7xx_hal.o(.ARM.exidx.text.HAL_DBGMCU_DisableDBGStopMode), (8 bytes).
    Removing stm32f7xx_hal.o(.text.HAL_DBGMCU_EnableDBGStandbyMode), (18 bytes).
    Removing stm32f7xx_hal.o(.ARM.exidx.text.HAL_DBGMCU_EnableDBGStandbyMode), (8 bytes).
    Removing stm32f7xx_hal.o(.text.HAL_DBGMCU_DisableDBGStandbyMode), (18 bytes).
    Removing stm32f7xx_hal.o(.ARM.exidx.text.HAL_DBGMCU_DisableDBGStandbyMode), (8 bytes).
    Removing stm32f7xx_hal.o(.text.HAL_EnableCompensationCell), (18 bytes).
    Removing stm32f7xx_hal.o(.ARM.exidx.text.HAL_EnableCompensationCell), (8 bytes).
    Removing stm32f7xx_hal.o(.text.HAL_DisableCompensationCell), (18 bytes).
    Removing stm32f7xx_hal.o(.ARM.exidx.text.HAL_DisableCompensationCell), (8 bytes).
    Removing stm32f7xx_hal.o(.text.HAL_EnableFMCMemorySwapping), (18 bytes).
    Removing stm32f7xx_hal.o(.ARM.exidx.text.HAL_EnableFMCMemorySwapping), (8 bytes).
    Removing stm32f7xx_hal.o(.text.HAL_DisableFMCMemorySwapping), (18 bytes).
    Removing stm32f7xx_hal.o(.ARM.exidx.text.HAL_DisableFMCMemorySwapping), (8 bytes).
    Removing stm32f7xx_hal_i2c.o(.text), (0 bytes).
    Removing stm32f7xx_hal_i2c.o(.text.HAL_I2C_Init), (162 bytes).
    Removing stm32f7xx_hal_i2c.o(.ARM.exidx.text.HAL_I2C_Init), (8 bytes).
    Removing stm32f7xx_hal_i2c.o(.text.HAL_I2C_MspInit), (2 bytes).
    Removing stm32f7xx_hal_i2c.o(.ARM.exidx.text.HAL_I2C_MspInit), (8 bytes).
    Removing stm32f7xx_hal_i2c.o(.text.HAL_I2C_DeInit), (52 bytes).
    Removing stm32f7xx_hal_i2c.o(.ARM.exidx.text.HAL_I2C_DeInit), (8 bytes).
    Removing stm32f7xx_hal_i2c.o(.text.HAL_I2C_MspDeInit), (2 bytes).
    Removing stm32f7xx_hal_i2c.o(.ARM.exidx.text.HAL_I2C_MspDeInit), (8 bytes).
    Removing stm32f7xx_hal_i2c.o(.text.HAL_I2C_Master_Transmit), (504 bytes).
    Removing stm32f7xx_hal_i2c.o(.ARM.exidx.text.HAL_I2C_Master_Transmit), (8 bytes).
    Removing stm32f7xx_hal_i2c.o(.text.I2C_WaitOnFlagUntilTimeout), (180 bytes).
    Removing stm32f7xx_hal_i2c.o(.ARM.exidx.text.I2C_WaitOnFlagUntilTimeout), (8 bytes).
    Removing stm32f7xx_hal_i2c.o(.text.I2C_WaitOnTXISFlagUntilTimeout), (136 bytes).
    Removing stm32f7xx_hal_i2c.o(.ARM.exidx.text.I2C_WaitOnTXISFlagUntilTimeout), (8 bytes).
    Removing stm32f7xx_hal_i2c.o(.text.I2C_WaitOnSTOPFlagUntilTimeout), (104 bytes).
    Removing stm32f7xx_hal_i2c.o(.ARM.exidx.text.I2C_WaitOnSTOPFlagUntilTimeout), (8 bytes).
    Removing stm32f7xx_hal_i2c.o(.text.HAL_I2C_Master_Receive), (504 bytes).
    Removing stm32f7xx_hal_i2c.o(.ARM.exidx.text.HAL_I2C_Master_Receive), (8 bytes).
    Removing stm32f7xx_hal_i2c.o(.text.I2C_WaitOnRXNEFlagUntilTimeout), (184 bytes).
    Removing stm32f7xx_hal_i2c.o(.ARM.exidx.text.I2C_WaitOnRXNEFlagUntilTimeout), (8 bytes).
    Removing stm32f7xx_hal_i2c.o(.text.HAL_I2C_Slave_Transmit), (530 bytes).
    Removing stm32f7xx_hal_i2c.o(.ARM.exidx.text.HAL_I2C_Slave_Transmit), (8 bytes).
    Removing stm32f7xx_hal_i2c.o(.text.HAL_I2C_Slave_Receive), (464 bytes).
    Removing stm32f7xx_hal_i2c.o(.ARM.exidx.text.HAL_I2C_Slave_Receive), (8 bytes).
    Removing stm32f7xx_hal_i2c.o(.text.HAL_I2C_Master_Transmit_IT), (172 bytes).
    Removing stm32f7xx_hal_i2c.o(.ARM.exidx.text.HAL_I2C_Master_Transmit_IT), (8 bytes).
    Removing stm32f7xx_hal_i2c.o(.text.I2C_Master_ISR_IT), (370 bytes).
    Removing stm32f7xx_hal_i2c.o(.ARM.exidx.text.I2C_Master_ISR_IT), (8 bytes).
    Removing stm32f7xx_hal_i2c.o(.text.HAL_I2C_Master_Receive_IT), (172 bytes).
    Removing stm32f7xx_hal_i2c.o(.ARM.exidx.text.HAL_I2C_Master_Receive_IT), (8 bytes).
    Removing stm32f7xx_hal_i2c.o(.text.HAL_I2C_Slave_Transmit_IT), (114 bytes).
    Removing stm32f7xx_hal_i2c.o(.ARM.exidx.text.HAL_I2C_Slave_Transmit_IT), (8 bytes).
    Removing stm32f7xx_hal_i2c.o(.text.I2C_Slave_ISR_IT), (604 bytes).
    Removing stm32f7xx_hal_i2c.o(.ARM.exidx.text.I2C_Slave_ISR_IT), (8 bytes).
    Removing stm32f7xx_hal_i2c.o(.text.HAL_I2C_Slave_Receive_IT), (114 bytes).
    Removing stm32f7xx_hal_i2c.o(.ARM.exidx.text.HAL_I2C_Slave_Receive_IT), (8 bytes).
    Removing stm32f7xx_hal_i2c.o(.text.HAL_I2C_Master_Transmit_DMA), (350 bytes).
    Removing stm32f7xx_hal_i2c.o(.ARM.exidx.text.HAL_I2C_Master_Transmit_DMA), (8 bytes).
    Removing stm32f7xx_hal_i2c.o(.text.I2C_Master_ISR_DMA), (506 bytes).
    Removing stm32f7xx_hal_i2c.o(.ARM.exidx.text.I2C_Master_ISR_DMA), (8 bytes).
    Removing stm32f7xx_hal_i2c.o(.text.I2C_DMAMasterTransmitCplt), (146 bytes).
    Removing stm32f7xx_hal_i2c.o(.ARM.exidx.text.I2C_DMAMasterTransmitCplt), (8 bytes).
    Removing stm32f7xx_hal_i2c.o(.text.I2C_DMAError), (78 bytes).
    Removing stm32f7xx_hal_i2c.o(.ARM.exidx.text.I2C_DMAError), (8 bytes).
    Removing stm32f7xx_hal_i2c.o(.text.HAL_I2C_Master_Receive_DMA), (346 bytes).
    Removing stm32f7xx_hal_i2c.o(.ARM.exidx.text.HAL_I2C_Master_Receive_DMA), (8 bytes).
    Removing stm32f7xx_hal_i2c.o(.text.I2C_DMAMasterReceiveCplt), (146 bytes).
    Removing stm32f7xx_hal_i2c.o(.ARM.exidx.text.I2C_DMAMasterReceiveCplt), (8 bytes).
    Removing stm32f7xx_hal_i2c.o(.text.HAL_I2C_Slave_Transmit_DMA), (226 bytes).
    Removing stm32f7xx_hal_i2c.o(.ARM.exidx.text.HAL_I2C_Slave_Transmit_DMA), (8 bytes).
    Removing stm32f7xx_hal_i2c.o(.text.I2C_Slave_ISR_DMA), (392 bytes).
    Removing stm32f7xx_hal_i2c.o(.ARM.exidx.text.I2C_Slave_ISR_DMA), (8 bytes).
    Removing stm32f7xx_hal_i2c.o(.text.I2C_DMASlaveTransmitCplt), (170 bytes).
    Removing stm32f7xx_hal_i2c.o(.ARM.exidx.text.I2C_DMASlaveTransmitCplt), (8 bytes).
    Removing stm32f7xx_hal_i2c.o(.text.HAL_I2C_Slave_Receive_DMA), (226 bytes).
    Removing stm32f7xx_hal_i2c.o(.ARM.exidx.text.HAL_I2C_Slave_Receive_DMA), (8 bytes).
    Removing stm32f7xx_hal_i2c.o(.text.I2C_DMASlaveReceiveCplt), (178 bytes).
    Removing stm32f7xx_hal_i2c.o(.ARM.exidx.text.I2C_DMASlaveReceiveCplt), (8 bytes).
    Removing stm32f7xx_hal_i2c.o(.text.HAL_I2C_Mem_Write), (676 bytes).
    Removing stm32f7xx_hal_i2c.o(.ARM.exidx.text.HAL_I2C_Mem_Write), (8 bytes).
    Removing stm32f7xx_hal_i2c.o(.text.HAL_I2C_Mem_Read), (732 bytes).
    Removing stm32f7xx_hal_i2c.o(.ARM.exidx.text.HAL_I2C_Mem_Read), (8 bytes).
    Removing stm32f7xx_hal_i2c.o(.text.HAL_I2C_Mem_Write_IT), (192 bytes).
    Removing stm32f7xx_hal_i2c.o(.ARM.exidx.text.HAL_I2C_Mem_Write_IT), (8 bytes).
    Removing stm32f7xx_hal_i2c.o(.text.I2C_Mem_ISR_IT), (418 bytes).
    Removing stm32f7xx_hal_i2c.o(.ARM.exidx.text.I2C_Mem_ISR_IT), (8 bytes).
    Removing stm32f7xx_hal_i2c.o(.text.HAL_I2C_Mem_Read_IT), (188 bytes).
    Removing stm32f7xx_hal_i2c.o(.ARM.exidx.text.HAL_I2C_Mem_Read_IT), (8 bytes).
    Removing stm32f7xx_hal_i2c.o(.text.HAL_I2C_Mem_Write_DMA), (356 bytes).
    Removing stm32f7xx_hal_i2c.o(.ARM.exidx.text.HAL_I2C_Mem_Write_DMA), (8 bytes).
    Removing stm32f7xx_hal_i2c.o(.text.I2C_Mem_ISR_DMA), (434 bytes).
    Removing stm32f7xx_hal_i2c.o(.ARM.exidx.text.I2C_Mem_ISR_DMA), (8 bytes).
    Removing stm32f7xx_hal_i2c.o(.text.HAL_I2C_Mem_Read_DMA), (340 bytes).
    Removing stm32f7xx_hal_i2c.o(.ARM.exidx.text.HAL_I2C_Mem_Read_DMA), (8 bytes).
    Removing stm32f7xx_hal_i2c.o(.text.HAL_I2C_IsDeviceReady), (442 bytes).
    Removing stm32f7xx_hal_i2c.o(.ARM.exidx.text.HAL_I2C_IsDeviceReady), (8 bytes).
    Removing stm32f7xx_hal_i2c.o(.text.HAL_I2C_Master_Seq_Transmit_IT), (206 bytes).
    Removing stm32f7xx_hal_i2c.o(.ARM.exidx.text.HAL_I2C_Master_Seq_Transmit_IT), (8 bytes).
    Removing stm32f7xx_hal_i2c.o(.text.HAL_I2C_Master_Seq_Transmit_DMA), (408 bytes).
    Removing stm32f7xx_hal_i2c.o(.ARM.exidx.text.HAL_I2C_Master_Seq_Transmit_DMA), (8 bytes).
    Removing stm32f7xx_hal_i2c.o(.text.HAL_I2C_Master_Seq_Receive_IT), (232 bytes).
    Removing stm32f7xx_hal_i2c.o(.ARM.exidx.text.HAL_I2C_Master_Seq_Receive_IT), (8 bytes).
    Removing stm32f7xx_hal_i2c.o(.text.HAL_I2C_Master_Seq_Receive_DMA), (404 bytes).
    Removing stm32f7xx_hal_i2c.o(.ARM.exidx.text.HAL_I2C_Master_Seq_Receive_DMA), (8 bytes).
    Removing stm32f7xx_hal_i2c.o(.text.HAL_I2C_Slave_Seq_Transmit_IT), (230 bytes).
    Removing stm32f7xx_hal_i2c.o(.ARM.exidx.text.HAL_I2C_Slave_Seq_Transmit_IT), (8 bytes).
    Removing stm32f7xx_hal_i2c.o(.text.I2C_DMAAbort), (60 bytes).
    Removing stm32f7xx_hal_i2c.o(.ARM.exidx.text.I2C_DMAAbort), (8 bytes).
    Removing stm32f7xx_hal_i2c.o(.text.HAL_I2C_Slave_Seq_Transmit_DMA), (384 bytes).
    Removing stm32f7xx_hal_i2c.o(.ARM.exidx.text.HAL_I2C_Slave_Seq_Transmit_DMA), (8 bytes).
    Removing stm32f7xx_hal_i2c.o(.text.HAL_I2C_Slave_Seq_Receive_IT), (230 bytes).
    Removing stm32f7xx_hal_i2c.o(.ARM.exidx.text.HAL_I2C_Slave_Seq_Receive_IT), (8 bytes).
    Removing stm32f7xx_hal_i2c.o(.text.HAL_I2C_Slave_Seq_Receive_DMA), (410 bytes).
    Removing stm32f7xx_hal_i2c.o(.ARM.exidx.text.HAL_I2C_Slave_Seq_Receive_DMA), (8 bytes).
    Removing stm32f7xx_hal_i2c.o(.text.HAL_I2C_EnableListen_IT), (44 bytes).
    Removing stm32f7xx_hal_i2c.o(.ARM.exidx.text.HAL_I2C_EnableListen_IT), (8 bytes).
    Removing stm32f7xx_hal_i2c.o(.text.HAL_I2C_DisableListen_IT), (60 bytes).
    Removing stm32f7xx_hal_i2c.o(.ARM.exidx.text.HAL_I2C_DisableListen_IT), (8 bytes).
    Removing stm32f7xx_hal_i2c.o(.text.HAL_I2C_Master_Abort_IT), (198 bytes).
    Removing stm32f7xx_hal_i2c.o(.ARM.exidx.text.HAL_I2C_Master_Abort_IT), (8 bytes).
    Removing stm32f7xx_hal_i2c.o(.text.HAL_I2C_EV_IRQHandler), (16 bytes).
    Removing stm32f7xx_hal_i2c.o(.ARM.exidx.text.HAL_I2C_EV_IRQHandler), (8 bytes).
    Removing stm32f7xx_hal_i2c.o(.text.HAL_I2C_ER_IRQHandler), (96 bytes).
    Removing stm32f7xx_hal_i2c.o(.ARM.exidx.text.HAL_I2C_ER_IRQHandler), (8 bytes).
    Removing stm32f7xx_hal_i2c.o(.text.I2C_ITError), (338 bytes).
    Removing stm32f7xx_hal_i2c.o(.ARM.exidx.text.I2C_ITError), (8 bytes).
    Removing stm32f7xx_hal_i2c.o(.text.HAL_I2C_MasterTxCpltCallback), (2 bytes).
    Removing stm32f7xx_hal_i2c.o(.ARM.exidx.text.HAL_I2C_MasterTxCpltCallback), (8 bytes).
    Removing stm32f7xx_hal_i2c.o(.text.HAL_I2C_MasterRxCpltCallback), (2 bytes).
    Removing stm32f7xx_hal_i2c.o(.ARM.exidx.text.HAL_I2C_MasterRxCpltCallback), (8 bytes).
    Removing stm32f7xx_hal_i2c.o(.text.HAL_I2C_SlaveTxCpltCallback), (2 bytes).
    Removing stm32f7xx_hal_i2c.o(.ARM.exidx.text.HAL_I2C_SlaveTxCpltCallback), (8 bytes).
    Removing stm32f7xx_hal_i2c.o(.text.HAL_I2C_SlaveRxCpltCallback), (2 bytes).
    Removing stm32f7xx_hal_i2c.o(.ARM.exidx.text.HAL_I2C_SlaveRxCpltCallback), (8 bytes).
    Removing stm32f7xx_hal_i2c.o(.text.HAL_I2C_AddrCallback), (2 bytes).
    Removing stm32f7xx_hal_i2c.o(.ARM.exidx.text.HAL_I2C_AddrCallback), (8 bytes).
    Removing stm32f7xx_hal_i2c.o(.text.HAL_I2C_ListenCpltCallback), (2 bytes).
    Removing stm32f7xx_hal_i2c.o(.ARM.exidx.text.HAL_I2C_ListenCpltCallback), (8 bytes).
    Removing stm32f7xx_hal_i2c.o(.text.HAL_I2C_MemTxCpltCallback), (2 bytes).
    Removing stm32f7xx_hal_i2c.o(.ARM.exidx.text.HAL_I2C_MemTxCpltCallback), (8 bytes).
    Removing stm32f7xx_hal_i2c.o(.text.HAL_I2C_MemRxCpltCallback), (2 bytes).
    Removing stm32f7xx_hal_i2c.o(.ARM.exidx.text.HAL_I2C_MemRxCpltCallback), (8 bytes).
    Removing stm32f7xx_hal_i2c.o(.text.HAL_I2C_ErrorCallback), (2 bytes).
    Removing stm32f7xx_hal_i2c.o(.ARM.exidx.text.HAL_I2C_ErrorCallback), (8 bytes).
    Removing stm32f7xx_hal_i2c.o(.text.HAL_I2C_AbortCpltCallback), (2 bytes).
    Removing stm32f7xx_hal_i2c.o(.ARM.exidx.text.HAL_I2C_AbortCpltCallback), (8 bytes).
    Removing stm32f7xx_hal_i2c.o(.text.HAL_I2C_GetState), (6 bytes).
    Removing stm32f7xx_hal_i2c.o(.ARM.exidx.text.HAL_I2C_GetState), (8 bytes).
    Removing stm32f7xx_hal_i2c.o(.text.HAL_I2C_GetMode), (6 bytes).
    Removing stm32f7xx_hal_i2c.o(.ARM.exidx.text.HAL_I2C_GetMode), (8 bytes).
    Removing stm32f7xx_hal_i2c.o(.text.HAL_I2C_GetError), (4 bytes).
    Removing stm32f7xx_hal_i2c.o(.ARM.exidx.text.HAL_I2C_GetError), (8 bytes).
    Removing stm32f7xx_hal_i2c.o(.text.I2C_ITMasterSeqCplt), (112 bytes).
    Removing stm32f7xx_hal_i2c.o(.ARM.exidx.text.I2C_ITMasterSeqCplt), (8 bytes).
    Removing stm32f7xx_hal_i2c.o(.text.I2C_ITMasterCplt), (346 bytes).
    Removing stm32f7xx_hal_i2c.o(.ARM.exidx.text.I2C_ITMasterCplt), (8 bytes).
    Removing stm32f7xx_hal_i2c.o(.text.I2C_ITSlaveCplt), (558 bytes).
    Removing stm32f7xx_hal_i2c.o(.ARM.exidx.text.I2C_ITSlaveCplt), (8 bytes).
    Removing stm32f7xx_hal_i2c.o(.text.I2C_ITSlaveSeqCplt), (148 bytes).
    Removing stm32f7xx_hal_i2c.o(.ARM.exidx.text.I2C_ITSlaveSeqCplt), (8 bytes).
    Removing stm32f7xx_hal_i2c.o(.text.I2C_ITAddrCplt), (162 bytes).
    Removing stm32f7xx_hal_i2c.o(.ARM.exidx.text.I2C_ITAddrCplt), (8 bytes).
    Removing stm32f7xx_hal_i2c.o(.text.I2C_IsErrorOccurred), (352 bytes).
    Removing stm32f7xx_hal_i2c.o(.ARM.exidx.text.I2C_IsErrorOccurred), (8 bytes).
    Removing stm32f7xx_hal_i2c_ex.o(.text), (0 bytes).
    Removing stm32f7xx_hal_i2c_ex.o(.text.HAL_I2CEx_ConfigAnalogFilter), (74 bytes).
    Removing stm32f7xx_hal_i2c_ex.o(.ARM.exidx.text.HAL_I2CEx_ConfigAnalogFilter), (8 bytes).
    Removing stm32f7xx_hal_i2c_ex.o(.text.HAL_I2CEx_ConfigDigitalFilter), (72 bytes).
    Removing stm32f7xx_hal_i2c_ex.o(.ARM.exidx.text.HAL_I2CEx_ConfigDigitalFilter), (8 bytes).
    Removing stm32f7xx_hal_i2c_ex.o(.text.HAL_I2CEx_EnableFastModePlus), (46 bytes).
    Removing stm32f7xx_hal_i2c_ex.o(.ARM.exidx.text.HAL_I2CEx_EnableFastModePlus), (8 bytes).
    Removing stm32f7xx_hal_i2c_ex.o(.text.HAL_I2CEx_DisableFastModePlus), (48 bytes).
    Removing stm32f7xx_hal_i2c_ex.o(.ARM.exidx.text.HAL_I2CEx_DisableFastModePlus), (8 bytes).
    Removing stm32f7xx_hal_exti.o(.text), (0 bytes).
    Removing stm32f7xx_hal_exti.o(.text.HAL_EXTI_SetConfigLine), (224 bytes).
    Removing stm32f7xx_hal_exti.o(.ARM.exidx.text.HAL_EXTI_SetConfigLine), (8 bytes).
    Removing stm32f7xx_hal_exti.o(.text.HAL_EXTI_GetConfigLine), (148 bytes).
    Removing stm32f7xx_hal_exti.o(.ARM.exidx.text.HAL_EXTI_GetConfigLine), (8 bytes).
    Removing stm32f7xx_hal_exti.o(.text.HAL_EXTI_ClearConfigLine), (142 bytes).
    Removing stm32f7xx_hal_exti.o(.ARM.exidx.text.HAL_EXTI_ClearConfigLine), (8 bytes).
    Removing stm32f7xx_hal_exti.o(.text.HAL_EXTI_RegisterCallback), (14 bytes).
    Removing stm32f7xx_hal_exti.o(.ARM.exidx.text.HAL_EXTI_RegisterCallback), (8 bytes).
    Removing stm32f7xx_hal_exti.o(.text.HAL_EXTI_GetHandle), (12 bytes).
    Removing stm32f7xx_hal_exti.o(.ARM.exidx.text.HAL_EXTI_GetHandle), (8 bytes).
    Removing stm32f7xx_hal_exti.o(.text.HAL_EXTI_IRQHandler), (38 bytes).
    Removing stm32f7xx_hal_exti.o(.ARM.exidx.text.HAL_EXTI_IRQHandler), (8 bytes).
    Removing stm32f7xx_hal_exti.o(.text.HAL_EXTI_GetPending), (28 bytes).
    Removing stm32f7xx_hal_exti.o(.ARM.exidx.text.HAL_EXTI_GetPending), (8 bytes).
    Removing stm32f7xx_hal_exti.o(.text.HAL_EXTI_ClearPending), (24 bytes).
    Removing stm32f7xx_hal_exti.o(.ARM.exidx.text.HAL_EXTI_ClearPending), (8 bytes).
    Removing stm32f7xx_hal_exti.o(.text.HAL_EXTI_GenerateSWI), (24 bytes).
    Removing stm32f7xx_hal_exti.o(.ARM.exidx.text.HAL_EXTI_GenerateSWI), (8 bytes).
    Removing system_stm32f7xx.o(.text), (0 bytes).
    Removing system_stm32f7xx.o(.ARM.exidx.text.SystemInit), (8 bytes).
    Removing system_stm32f7xx.o(.text.SystemCoreClockUpdate), (130 bytes).
    Removing system_stm32f7xx.o(.ARM.exidx.text.SystemCoreClockUpdate), (8 bytes).
    Removing system_stm32f7xx.o(.rodata.APBPrescTable), (8 bytes).

625 unused section(s) (total 43653 bytes) removed from the image.

==============================================================================

Image Symbol Table

    Local Symbols

    Symbol Name                              Value     Ov Type        Size  Object(Section)

    ../clib/angel/boardlib.s                 0x00000000   Number         0  boardinit1.o ABSOLUTE
    ../clib/angel/boardlib.s                 0x00000000   Number         0  boardinit2.o ABSOLUTE
    ../clib/angel/boardlib.s                 0x00000000   Number         0  boardinit3.o ABSOLUTE
    ../clib/angel/boardlib.s                 0x00000000   Number         0  boardshut.o ABSOLUTE
    ../clib/angel/handlers.s                 0x00000000   Number         0  __scatter_copy.o ABSOLUTE
    ../clib/angel/handlers.s                 0x00000000   Number         0  __scatter_zi.o ABSOLUTE
    ../clib/angel/kernel.s                   0x00000000   Number         0  __rtentry.o ABSOLUTE
    ../clib/angel/kernel.s                   0x00000000   Number         0  __rtentry2.o ABSOLUTE
    ../clib/angel/kernel.s                   0x00000000   Number         0  __rtentry4.o ABSOLUTE
    ../clib/angel/kernel.s                   0x00000000   Number         0  rtexit.o ABSOLUTE
    ../clib/angel/kernel.s                   0x00000000   Number         0  rtexit2.o ABSOLUTE
    ../clib/angel/rt.s                       0x00000000   Number         0  aeabi_ldiv0.o ABSOLUTE
    ../clib/angel/rt.s                       0x00000000   Number         0  aeabi_ldiv0_sigfpe.o ABSOLUTE
    ../clib/angel/rt.s                       0x00000000   Number         0  rt_div0.o ABSOLUTE
    ../clib/angel/rt.s                       0x00000000   Number         0  rt_raise.o ABSOLUTE
    ../clib/angel/scatter.s                  0x00000000   Number         0  __scatter.o ABSOLUTE
    ../clib/angel/startup.s                  0x00000000   Number         0  __main.o ABSOLUTE
    ../clib/angel/sys.s                      0x00000000   Number         0  sys_stackheap_outer.o ABSOLUTE
    ../clib/angel/sys.s                      0x00000000   Number         0  libspace.o ABSOLUTE
    ../clib/angel/sys.s                      0x00000000   Number         0  use_no_semi.o ABSOLUTE
    ../clib/angel/sys.s                      0x00000000   Number         0  indicate_semi.o ABSOLUTE
    ../clib/angel/sysapp.c                   0x00000000   Number         0  sys_wrch.o ABSOLUTE
    ../clib/angel/sysapp.c                   0x00000000   Number         0  sys_wrch_hlt.o ABSOLUTE
    ../clib/angel/sysapp.c                   0x00000000   Number         0  sys_command.o ABSOLUTE
    ../clib/angel/sysapp.c                   0x00000000   Number         0  sys_command_hlt.o ABSOLUTE
    ../clib/armsys.c                         0x00000000   Number         0  argv_veneer.o ABSOLUTE
    ../clib/armsys.c                         0x00000000   Number         0  argv_veneer.o ABSOLUTE
    ../clib/armsys.c                         0x00000000   Number         0  _get_argv_nomalloc.o ABSOLUTE
    ../clib/armsys.c                         0x00000000   Number         0  no_argv.o ABSOLUTE
    ../clib/heapalloc.c                      0x00000000   Number         0  hrguard.o ABSOLUTE
    ../clib/heapaux.c                        0x00000000   Number         0  heapauxi.o ABSOLUTE
    ../clib/libinit.s                        0x00000000   Number         0  libinit.o ABSOLUTE
    ../clib/libinit.s                        0x00000000   Number         0  libinit2.o ABSOLUTE
    ../clib/libinit.s                        0x00000000   Number         0  libshutdown.o ABSOLUTE
    ../clib/libinit.s                        0x00000000   Number         0  libshutdown2.o ABSOLUTE
    ../clib/longlong.s                       0x00000000   Number         0  lludivv7m.o ABSOLUTE
    ../clib/memcpset.s                       0x00000000   Number         0  rt_memclr_w.o ABSOLUTE
    ../clib/signal.c                         0x00000000   Number         0  defsig_fpe_outer.o ABSOLUTE
    ../clib/signal.c                         0x00000000   Number         0  defsig_fpe_formal.o ABSOLUTE
    ../clib/signal.c                         0x00000000   Number         0  defsig_exit.o ABSOLUTE
    ../clib/signal.c                         0x00000000   Number         0  defsig_fpe_inner.o ABSOLUTE
    ../clib/signal.c                         0x00000000   Number         0  __raise.o ABSOLUTE
    ../clib/signal.c                         0x00000000   Number         0  defsig_general.o ABSOLUTE
    ../clib/signal.c                         0x00000000   Number         0  defsig_abrt_inner.o ABSOLUTE
    ../clib/signal.c                         0x00000000   Number         0  defsig_rtred_inner.o ABSOLUTE
    ../clib/signal.c                         0x00000000   Number         0  defsig_rtmem_inner.o ABSOLUTE
    ../clib/signal.c                         0x00000000   Number         0  defsig_rtmem_outer.o ABSOLUTE
    ../clib/signal.c                         0x00000000   Number         0  defsig_rtmem_formal.o ABSOLUTE
    ../clib/signal.c                         0x00000000   Number         0  defsig_stak_inner.o ABSOLUTE
    ../clib/signal.c                         0x00000000   Number         0  defsig_pvfn_inner.o ABSOLUTE
    ../clib/signal.c                         0x00000000   Number         0  defsig_cppl_inner.o ABSOLUTE
    ../clib/signal.c                         0x00000000   Number         0  defsig_segv_inner.o ABSOLUTE
    ../clib/signal.c                         0x00000000   Number         0  defsig_other.o ABSOLUTE
    ../clib/signal.s                         0x00000000   Number         0  defsig.o ABSOLUTE
    ../clib/stdlib.c                         0x00000000   Number         0  exit.o ABSOLUTE
    ../fplib/fpinit.s                        0x00000000   Number         0  fpinit.o ABSOLUTE
    dc.s                                     0x00000000   Number         0  dc.o ABSOLUTE
    gpio.c                                   0x00000000   Number         0  gpio.o ABSOLUTE
    main.cc                                  0x00000000   Number         0  main.o ABSOLUTE
    startup_stm32f746xx.s                    0x00000000   Number         0  startup_stm32f746xx.o ABSOLUTE
    stm32f7xx_hal.c                          0x00000000   Number         0  stm32f7xx_hal.o ABSOLUTE
    stm32f7xx_hal_cortex.c                   0x00000000   Number         0  stm32f7xx_hal_cortex.o ABSOLUTE
    stm32f7xx_hal_dma.c                      0x00000000   Number         0  stm32f7xx_hal_dma.o ABSOLUTE
    stm32f7xx_hal_dma_ex.c                   0x00000000   Number         0  stm32f7xx_hal_dma_ex.o ABSOLUTE
    stm32f7xx_hal_exti.c                     0x00000000   Number         0  stm32f7xx_hal_exti.o ABSOLUTE
    stm32f7xx_hal_flash.c                    0x00000000   Number         0  stm32f7xx_hal_flash.o ABSOLUTE
    stm32f7xx_hal_flash_ex.c                 0x00000000   Number         0  stm32f7xx_hal_flash_ex.o ABSOLUTE
    stm32f7xx_hal_gpio.c                     0x00000000   Number         0  stm32f7xx_hal_gpio.o ABSOLUTE
    stm32f7xx_hal_i2c.c                      0x00000000   Number         0  stm32f7xx_hal_i2c.o ABSOLUTE
    stm32f7xx_hal_i2c_ex.c                   0x00000000   Number         0  stm32f7xx_hal_i2c_ex.o ABSOLUTE
    stm32f7xx_hal_msp.c                      0x00000000   Number         0  stm32f7xx_hal_msp.o ABSOLUTE
    stm32f7xx_hal_pwr.c                      0x00000000   Number         0  stm32f7xx_hal_pwr.o ABSOLUTE
    stm32f7xx_hal_pwr_ex.c                   0x00000000   Number         0  stm32f7xx_hal_pwr_ex.o ABSOLUTE
    stm32f7xx_hal_rcc.c                      0x00000000   Number         0  stm32f7xx_hal_rcc.o ABSOLUTE
    stm32f7xx_hal_rcc_ex.c                   0x00000000   Number         0  stm32f7xx_hal_rcc_ex.o ABSOLUTE
    stm32f7xx_hal_tim.c                      0x00000000   Number         0  stm32f7xx_hal_tim.o ABSOLUTE
    stm32f7xx_hal_tim_ex.c                   0x00000000   Number         0  stm32f7xx_hal_tim_ex.o ABSOLUTE
    stm32f7xx_hal_uart.c                     0x00000000   Number         0  stm32f7xx_hal_uart.o ABSOLUTE
    stm32f7xx_hal_uart_ex.c                  0x00000000   Number         0  stm32f7xx_hal_uart_ex.o ABSOLUTE
    stm32f7xx_it.c                           0x00000000   Number         0  stm32f7xx_it.o ABSOLUTE
    system_stm32f7xx.c                       0x00000000   Number         0  system_stm32f7xx.o ABSOLUTE
    usart.c                                  0x00000000   Number         0  usart.o ABSOLUTE
    RESET                                    0x08000000   Section      456  startup_stm32f746xx.o(RESET)
    !!!main                                  0x080001c8   Section        8  __main.o(!!!main)
    !!!scatter                               0x080001d0   Section       92  __scatter.o(!!!scatter)
    !!handler_copy                           0x0800022c   Section       26  __scatter_copy.o(!!handler_copy)
    !!handler_null                           0x08000248   Section        2  __scatter.o(!!handler_null)
    !!handler_zi                             0x0800024c   Section       28  __scatter_zi.o(!!handler_zi)
    .ARM.Collect$$libinit$$00000000          0x08000268   Section        2  libinit.o(.ARM.Collect$$libinit$$00000000)
    .ARM.Collect$$libinit$$00000001          0x0800026a   Section        4  libinit2.o(.ARM.Collect$$libinit$$00000001)
    .ARM.Collect$$libinit$$00000004          0x0800026e   Section        0  libinit2.o(.ARM.Collect$$libinit$$00000004)
    .ARM.Collect$$libinit$$00000006          0x0800026e   Section        0  libinit2.o(.ARM.Collect$$libinit$$00000006)
    .ARM.Collect$$libinit$$0000000C          0x0800026e   Section        0  libinit2.o(.ARM.Collect$$libinit$$0000000C)
    .ARM.Collect$$libinit$$0000000E          0x0800026e   Section        0  libinit2.o(.ARM.Collect$$libinit$$0000000E)
    .ARM.Collect$$libinit$$00000010          0x0800026e   Section        0  libinit2.o(.ARM.Collect$$libinit$$00000010)
    .ARM.Collect$$libinit$$00000013          0x0800026e   Section        0  libinit2.o(.ARM.Collect$$libinit$$00000013)
    .ARM.Collect$$libinit$$00000015          0x0800026e   Section        0  libinit2.o(.ARM.Collect$$libinit$$00000015)
    .ARM.Collect$$libinit$$00000017          0x0800026e   Section        0  libinit2.o(.ARM.Collect$$libinit$$00000017)
    .ARM.Collect$$libinit$$00000019          0x0800026e   Section        0  libinit2.o(.ARM.Collect$$libinit$$00000019)
    .ARM.Collect$$libinit$$0000001B          0x0800026e   Section        0  libinit2.o(.ARM.Collect$$libinit$$0000001B)
    .ARM.Collect$$libinit$$0000001D          0x0800026e   Section        0  libinit2.o(.ARM.Collect$$libinit$$0000001D)
    .ARM.Collect$$libinit$$0000001F          0x0800026e   Section        0  libinit2.o(.ARM.Collect$$libinit$$0000001F)
    .ARM.Collect$$libinit$$00000021          0x0800026e   Section        0  libinit2.o(.ARM.Collect$$libinit$$00000021)
    .ARM.Collect$$libinit$$00000023          0x0800026e   Section        0  libinit2.o(.ARM.Collect$$libinit$$00000023)
    .ARM.Collect$$libinit$$00000025          0x0800026e   Section        0  libinit2.o(.ARM.Collect$$libinit$$00000025)
    .ARM.Collect$$libinit$$00000027          0x0800026e   Section        0  libinit2.o(.ARM.Collect$$libinit$$00000027)
    .ARM.Collect$$libinit$$0000002E          0x0800026e   Section        0  libinit2.o(.ARM.Collect$$libinit$$0000002E)
    .ARM.Collect$$libinit$$00000030          0x0800026e   Section        0  libinit2.o(.ARM.Collect$$libinit$$00000030)
    .ARM.Collect$$libinit$$00000032          0x0800026e   Section        0  libinit2.o(.ARM.Collect$$libinit$$00000032)
    .ARM.Collect$$libinit$$00000034          0x0800026e   Section        0  libinit2.o(.ARM.Collect$$libinit$$00000034)
    .ARM.Collect$$libinit$$00000035          0x0800026e   Section        2  libinit2.o(.ARM.Collect$$libinit$$00000035)
    .ARM.Collect$$libshutdown$$00000000      0x08000270   Section        2  libshutdown.o(.ARM.Collect$$libshutdown$$00000000)
    .ARM.Collect$$libshutdown$$00000002      0x08000272   Section        0  libshutdown2.o(.ARM.Collect$$libshutdown$$00000002)
    .ARM.Collect$$libshutdown$$00000004      0x08000272   Section        0  libshutdown2.o(.ARM.Collect$$libshutdown$$00000004)
    .ARM.Collect$$libshutdown$$00000007      0x08000272   Section        0  libshutdown2.o(.ARM.Collect$$libshutdown$$00000007)
    .ARM.Collect$$libshutdown$$0000000A      0x08000272   Section        0  libshutdown2.o(.ARM.Collect$$libshutdown$$0000000A)
    .ARM.Collect$$libshutdown$$0000000C      0x08000272   Section        0  libshutdown2.o(.ARM.Collect$$libshutdown$$0000000C)
    .ARM.Collect$$libshutdown$$0000000F      0x08000272   Section        0  libshutdown2.o(.ARM.Collect$$libshutdown$$0000000F)
    .ARM.Collect$$libshutdown$$00000010      0x08000272   Section        2  libshutdown2.o(.ARM.Collect$$libshutdown$$00000010)
    .ARM.Collect$$rtentry$$00000000          0x08000274   Section        0  __rtentry.o(.ARM.Collect$$rtentry$$00000000)
    .ARM.Collect$$rtentry$$00000002          0x08000274   Section        0  __rtentry2.o(.ARM.Collect$$rtentry$$00000002)
    .ARM.Collect$$rtentry$$00000004          0x08000274   Section        6  __rtentry4.o(.ARM.Collect$$rtentry$$00000004)
    .ARM.Collect$$rtentry$$00000009          0x0800027a   Section        0  __rtentry2.o(.ARM.Collect$$rtentry$$00000009)
    .ARM.Collect$$rtentry$$0000000A          0x0800027a   Section        4  __rtentry2.o(.ARM.Collect$$rtentry$$0000000A)
    .ARM.Collect$$rtentry$$0000000C          0x0800027e   Section        0  __rtentry2.o(.ARM.Collect$$rtentry$$0000000C)
    .ARM.Collect$$rtentry$$0000000D          0x0800027e   Section        8  __rtentry2.o(.ARM.Collect$$rtentry$$0000000D)
    .ARM.Collect$$rtexit$$00000000           0x08000286   Section        2  rtexit.o(.ARM.Collect$$rtexit$$00000000)
    .ARM.Collect$$rtexit$$00000002           0x08000288   Section        0  rtexit2.o(.ARM.Collect$$rtexit$$00000002)
    .ARM.Collect$$rtexit$$00000003           0x08000288   Section        4  rtexit2.o(.ARM.Collect$$rtexit$$00000003)
    .ARM.Collect$$rtexit$$00000004           0x0800028c   Section        6  rtexit2.o(.ARM.Collect$$rtexit$$00000004)
    $v0                                      0x08000294   Number         0  startup_stm32f746xx.o(.text)
    .text                                    0x08000294   Section       64  startup_stm32f746xx.o(.text)
    .text                                    0x080002d4   Section      240  lludivv7m.o(.text)
    .text                                    0x080003c4   Section        0  heapauxi.o(.text)
    .text                                    0x080003ca   Section       74  sys_stackheap_outer.o(.text)
    .text                                    0x08000414   Section        0  exit.o(.text)
    .text                                    0x08000428   Section        8  libspace.o(.text)
    [Anonymous Symbol]                       0x08000430   Section        0  stm32f7xx_it.o(.text.BusFault_Handler)
    [Anonymous Symbol]                       0x08000438   Section        0  stm32f7xx_it.o(.text.DebugMon_Handler)
    [Anonymous Symbol]                       0x08000440   Section        0  stm32f7xx_hal_dma.o(.text.HAL_DMA_Abort)
    [Anonymous Symbol]                       0x080004d0   Section        0  stm32f7xx_hal_dma.o(.text.HAL_DMA_Abort_IT)
    [Anonymous Symbol]                       0x080004f8   Section        0  stm32f7xx_hal.o(.text.HAL_Delay)
    [Anonymous Symbol]                       0x08000520   Section        0  stm32f7xx_hal_gpio.o(.text.HAL_GPIO_Init)
    [Anonymous Symbol]                       0x080006d0   Section        0  stm32f7xx_hal_gpio.o(.text.HAL_GPIO_TogglePin)
    [Anonymous Symbol]                       0x080006e0   Section        0  stm32f7xx_hal_gpio.o(.text.HAL_GPIO_WritePin)
    [Anonymous Symbol]                       0x080006f0   Section        0  stm32f7xx_hal.o(.text.HAL_GetTick)
    [Anonymous Symbol]                       0x08000700   Section        0  stm32f7xx_hal.o(.text.HAL_IncTick)
    [Anonymous Symbol]                       0x08000720   Section        0  stm32f7xx_hal.o(.text.HAL_Init)
    [Anonymous Symbol]                       0x08000738   Section        0  stm32f7xx_hal.o(.text.HAL_InitTick)
    [Anonymous Symbol]                       0x08000780   Section        0  stm32f7xx_hal_msp.o(.text.HAL_MspInit)
    [Anonymous Symbol]                       0x080007b8   Section        0  stm32f7xx_hal_cortex.o(.text.HAL_NVIC_SetPriority)
    [Anonymous Symbol]                       0x08000818   Section        0  stm32f7xx_hal_cortex.o(.text.HAL_NVIC_SetPriorityGrouping)
    [Anonymous Symbol]                       0x08000838   Section        0  stm32f7xx_hal_pwr_ex.o(.text.HAL_PWREx_EnableOverDrive)
    [Anonymous Symbol]                       0x080008b0   Section        0  stm32f7xx_hal_rcc.o(.text.HAL_RCC_ClockConfig)
    [Anonymous Symbol]                       0x08000aa0   Section        0  stm32f7xx_hal_rcc.o(.text.HAL_RCC_OscConfig)
    [Anonymous Symbol]                       0x08000e70   Section        0  stm32f7xx_hal_cortex.o(.text.HAL_SYSTICK_Config)
    [Anonymous Symbol]                       0x08000ea0   Section        0  stm32f7xx_hal_uart.o(.text.HAL_UARTEx_RxEventCallback)
    [Anonymous Symbol]                       0x08000ea8   Section        0  stm32f7xx_hal_uart.o(.text.HAL_UART_ErrorCallback)
    [Anonymous Symbol]                       0x08000eb0   Section        0  stm32f7xx_hal_uart.o(.text.HAL_UART_IRQHandler)
    [Anonymous Symbol]                       0x080014a8   Section        0  stm32f7xx_hal_uart.o(.text.HAL_UART_TxCpltCallback)
    [Anonymous Symbol]                       0x080014b0   Section        0  stm32f7xx_it.o(.text.HardFault_Handler)
    [Anonymous Symbol]                       0x080014b8   Section        0  gpio.o(.text.MX_GPIO_Init)
    [Anonymous Symbol]                       0x08001580   Section        0  stm32f7xx_it.o(.text.MemManage_Handler)
    [Anonymous Symbol]                       0x08001588   Section        0  stm32f7xx_it.o(.text.NMI_Handler)
    [Anonymous Symbol]                       0x08001590   Section        0  stm32f7xx_it.o(.text.PendSV_Handler)
    [Anonymous Symbol]                       0x08001598   Section        0  stm32f7xx_it.o(.text.SVC_Handler)
    [Anonymous Symbol]                       0x080015a0   Section        0  stm32f7xx_it.o(.text.SysTick_Handler)
    [Anonymous Symbol]                       0x080015a8   Section        0  system_stm32f7xx.o(.text.SystemInit)
    UART_DMAAbortOnError                     0x080015c1   Thumb Code    16  stm32f7xx_hal_uart.o(.text.UART_DMAAbortOnError)
    [Anonymous Symbol]                       0x080015c0   Section        0  stm32f7xx_hal_uart.o(.text.UART_DMAAbortOnError)
    [Anonymous Symbol]                       0x080015d0   Section        0  stm32f7xx_it.o(.text.USART6_IRQHandler)
    [Anonymous Symbol]                       0x080015e0   Section        0  stm32f7xx_it.o(.text.UsageFault_Handler)
    [Anonymous Symbol]                       0x080015e8   Section        0  main.o(.text._Z18SystemClock_Configv)
    [Anonymous Symbol]                       0x080016a8   Section        0  usart.o(.text._sys_exit)
    [Anonymous Symbol]                       0x080016b0   Section        0  main.o(.text.main)
    $v0                                      0x080016e2   Number         0  fpinit.o(x$fpl$fpinit)
    x$fpl$fpinit                             0x080016e2   Section       26  fpinit.o(x$fpl$fpinit)
    .L_MergedGlobals                         0x20000000   Data           8  stm32f7xx_hal.o(.data..L_MergedGlobals)
    [Anonymous Symbol]                       0x20000000   Section        0  stm32f7xx_hal.o(.data..L_MergedGlobals)
    .bss                                     0x20000010   Section       96  libspace.o(.bss)
    Heap_Mem                                 0x20000100   Data         512  startup_stm32f746xx.o(HEAP)
    HEAP                                     0x20000100   Section      512  startup_stm32f746xx.o(HEAP)
    Stack_Mem                                0x20000300   Data        1024  startup_stm32f746xx.o(STACK)
    STACK                                    0x20000300   Section     1024  startup_stm32f746xx.o(STACK)
    __initial_sp                             0x20000700   Data           0  startup_stm32f746xx.o(STACK)

    Global Symbols

    Symbol Name                              Value     Ov Type        Size  Object(Section)

    BuildAttributes$$THM_ISAv4$E$P$D$K$B$S$7EM$VFPi5$EXTD16$VFPS$VFMA$PE$PLD8$A:L22UL41UL21$X:L11$S22US41US21$IEEE1$IW$~IW$USESV6$~STKCKD$USESV7$~SHL$OTIME$ROPI$EBA8$UX$STANDARDLIB$REQ8$PRES8$EABIv2 0x00000000   Number         0  anon$$obj.o ABSOLUTE
    __ARM_exceptions_init                     - Undefined Weak Reference
    __alloca_initialize                       - Undefined Weak Reference
    __arm_preinit_                            - Undefined Weak Reference
    __arm_relocate_pie_                       - Undefined Weak Reference
    __cpp_initialize__aeabi_                  - Undefined Weak Reference
    __cxa_finalize                            - Undefined Weak Reference
    __rt_locale                               - Undefined Weak Reference
    __sigvec_lookup                           - Undefined Weak Reference
    _atexit_init                              - Undefined Weak Reference
    _call_atexit_fns                          - Undefined Weak Reference
    _clock_init                               - Undefined Weak Reference
    _fp_trap_init                             - Undefined Weak Reference
    _fp_trap_shutdown                         - Undefined Weak Reference
    _get_lc_collate                           - Undefined Weak Reference
    _get_lc_ctype                             - Undefined Weak Reference
    _get_lc_monetary                          - Undefined Weak Reference
    _get_lc_numeric                           - Undefined Weak Reference
    _get_lc_time                              - Undefined Weak Reference
    _getenv_init                              - Undefined Weak Reference
    _handle_redirection                       - Undefined Weak Reference
    _init_alloc                               - Undefined Weak Reference
    _init_user_alloc                          - Undefined Weak Reference
    _initio                                   - Undefined Weak Reference
    _rand_init                                - Undefined Weak Reference
    _signal_finish                            - Undefined Weak Reference
    _signal_init                              - Undefined Weak Reference
    _terminate_alloc                          - Undefined Weak Reference
    _terminate_user_alloc                     - Undefined Weak Reference
    _terminateio                              - Undefined Weak Reference
    __Vectors_Size                           0x000001c8   Number         0  startup_stm32f746xx.o ABSOLUTE
    __Vectors                                0x08000000   Data           4  startup_stm32f746xx.o(RESET)
    __Vectors_End                            0x080001c8   Data           0  startup_stm32f746xx.o(RESET)
    __main                                   0x080001c9   Thumb Code     8  __main.o(!!!main)
    __scatterload                            0x080001d1   Thumb Code     0  __scatter.o(!!!scatter)
    __scatterload_rt2                        0x080001d1   Thumb Code    84  __scatter.o(!!!scatter)
    __scatterload_rt2_thumb_only             0x080001d1   Thumb Code     0  __scatter.o(!!!scatter)
    __scatterload_loop                       0x080001db   Thumb Code     0  __scatter.o(!!!scatter)
    __scatterload_copy                       0x0800022d   Thumb Code    26  __scatter_copy.o(!!handler_copy)
    __scatterload_null                       0x08000249   Thumb Code     2  __scatter.o(!!handler_null)
    __scatterload_zeroinit                   0x0800024d   Thumb Code    28  __scatter_zi.o(!!handler_zi)
    __rt_lib_init                            0x08000269   Thumb Code     0  libinit.o(.ARM.Collect$$libinit$$00000000)
    __rt_lib_init_fp_1                       0x0800026b   Thumb Code     0  libinit2.o(.ARM.Collect$$libinit$$00000001)
    __rt_lib_init_alloca_1                   0x0800026f   Thumb Code     0  libinit2.o(.ARM.Collect$$libinit$$00000030)
    __rt_lib_init_argv_1                     0x0800026f   Thumb Code     0  libinit2.o(.ARM.Collect$$libinit$$0000002E)
    __rt_lib_init_atexit_1                   0x0800026f   Thumb Code     0  libinit2.o(.ARM.Collect$$libinit$$0000001D)
    __rt_lib_init_clock_1                    0x0800026f   Thumb Code     0  libinit2.o(.ARM.Collect$$libinit$$00000023)
    __rt_lib_init_cpp_1                      0x0800026f   Thumb Code     0  libinit2.o(.ARM.Collect$$libinit$$00000034)
    __rt_lib_init_exceptions_1               0x0800026f   Thumb Code     0  libinit2.o(.ARM.Collect$$libinit$$00000032)
    __rt_lib_init_fp_trap_1                  0x0800026f   Thumb Code     0  libinit2.o(.ARM.Collect$$libinit$$00000021)
    __rt_lib_init_getenv_1                   0x0800026f   Thumb Code     0  libinit2.o(.ARM.Collect$$libinit$$00000025)
    __rt_lib_init_heap_1                     0x0800026f   Thumb Code     0  libinit2.o(.ARM.Collect$$libinit$$0000000C)
    __rt_lib_init_lc_collate_1               0x0800026f   Thumb Code     0  libinit2.o(.ARM.Collect$$libinit$$00000013)
    __rt_lib_init_lc_ctype_1                 0x0800026f   Thumb Code     0  libinit2.o(.ARM.Collect$$libinit$$00000015)
    __rt_lib_init_lc_monetary_1              0x0800026f   Thumb Code     0  libinit2.o(.ARM.Collect$$libinit$$00000017)
    __rt_lib_init_lc_numeric_1               0x0800026f   Thumb Code     0  libinit2.o(.ARM.Collect$$libinit$$00000019)
    __rt_lib_init_lc_time_1                  0x0800026f   Thumb Code     0  libinit2.o(.ARM.Collect$$libinit$$0000001B)
    __rt_lib_init_preinit_1                  0x0800026f   Thumb Code     0  libinit2.o(.ARM.Collect$$libinit$$00000006)
    __rt_lib_init_rand_1                     0x0800026f   Thumb Code     0  libinit2.o(.ARM.Collect$$libinit$$00000010)
    __rt_lib_init_relocate_pie_1             0x0800026f   Thumb Code     0  libinit2.o(.ARM.Collect$$libinit$$00000004)
    __rt_lib_init_return                     0x0800026f   Thumb Code     0  libinit2.o(.ARM.Collect$$libinit$$00000035)
    __rt_lib_init_signal_1                   0x0800026f   Thumb Code     0  libinit2.o(.ARM.Collect$$libinit$$0000001F)
    __rt_lib_init_stdio_1                    0x0800026f   Thumb Code     0  libinit2.o(.ARM.Collect$$libinit$$00000027)
    __rt_lib_init_user_alloc_1               0x0800026f   Thumb Code     0  libinit2.o(.ARM.Collect$$libinit$$0000000E)
    __rt_lib_shutdown                        0x08000271   Thumb Code     0  libshutdown.o(.ARM.Collect$$libshutdown$$00000000)
    __rt_lib_shutdown_cpp_1                  0x08000273   Thumb Code     0  libshutdown2.o(.ARM.Collect$$libshutdown$$00000002)
    __rt_lib_shutdown_fp_trap_1              0x08000273   Thumb Code     0  libshutdown2.o(.ARM.Collect$$libshutdown$$00000007)
    __rt_lib_shutdown_heap_1                 0x08000273   Thumb Code     0  libshutdown2.o(.ARM.Collect$$libshutdown$$0000000F)
    __rt_lib_shutdown_return                 0x08000273   Thumb Code     0  libshutdown2.o(.ARM.Collect$$libshutdown$$00000010)
    __rt_lib_shutdown_signal_1               0x08000273   Thumb Code     0  libshutdown2.o(.ARM.Collect$$libshutdown$$0000000A)
    __rt_lib_shutdown_stdio_1                0x08000273   Thumb Code     0  libshutdown2.o(.ARM.Collect$$libshutdown$$00000004)
    __rt_lib_shutdown_user_alloc_1           0x08000273   Thumb Code     0  libshutdown2.o(.ARM.Collect$$libshutdown$$0000000C)
    __rt_entry                               0x08000275   Thumb Code     0  __rtentry.o(.ARM.Collect$$rtentry$$00000000)
    __rt_entry_presh_1                       0x08000275   Thumb Code     0  __rtentry2.o(.ARM.Collect$$rtentry$$00000002)
    __rt_entry_sh                            0x08000275   Thumb Code     0  __rtentry4.o(.ARM.Collect$$rtentry$$00000004)
    __rt_entry_li                            0x0800027b   Thumb Code     0  __rtentry2.o(.ARM.Collect$$rtentry$$0000000A)
    __rt_entry_postsh_1                      0x0800027b   Thumb Code     0  __rtentry2.o(.ARM.Collect$$rtentry$$00000009)
    __rt_entry_main                          0x0800027f   Thumb Code     0  __rtentry2.o(.ARM.Collect$$rtentry$$0000000D)
    __rt_entry_postli_1                      0x0800027f   Thumb Code     0  __rtentry2.o(.ARM.Collect$$rtentry$$0000000C)
    __rt_exit                                0x08000287   Thumb Code     0  rtexit.o(.ARM.Collect$$rtexit$$00000000)
    __rt_exit_ls                             0x08000289   Thumb Code     0  rtexit2.o(.ARM.Collect$$rtexit$$00000003)
    __rt_exit_prels_1                        0x08000289   Thumb Code     0  rtexit2.o(.ARM.Collect$$rtexit$$00000002)
    __rt_exit_exit                           0x0800028d   Thumb Code     0  rtexit2.o(.ARM.Collect$$rtexit$$00000004)
    Reset_Handler                            0x08000295   Thumb Code     8  startup_stm32f746xx.o(.text)
    ADC_IRQHandler                           0x080002af   Thumb Code     0  startup_stm32f746xx.o(.text)
    CAN1_RX0_IRQHandler                      0x080002af   Thumb Code     0  startup_stm32f746xx.o(.text)
    CAN1_RX1_IRQHandler                      0x080002af   Thumb Code     0  startup_stm32f746xx.o(.text)
    CAN1_SCE_IRQHandler                      0x080002af   Thumb Code     0  startup_stm32f746xx.o(.text)
    CAN1_TX_IRQHandler                       0x080002af   Thumb Code     0  startup_stm32f746xx.o(.text)
    CAN2_RX0_IRQHandler                      0x080002af   Thumb Code     0  startup_stm32f746xx.o(.text)
    CAN2_RX1_IRQHandler                      0x080002af   Thumb Code     0  startup_stm32f746xx.o(.text)
    CAN2_SCE_IRQHandler                      0x080002af   Thumb Code     0  startup_stm32f746xx.o(.text)
    CAN2_TX_IRQHandler                       0x080002af   Thumb Code     0  startup_stm32f746xx.o(.text)
    CEC_IRQHandler                           0x080002af   Thumb Code     0  startup_stm32f746xx.o(.text)
    DCMI_IRQHandler                          0x080002af   Thumb Code     0  startup_stm32f746xx.o(.text)
    DMA1_Stream0_IRQHandler                  0x080002af   Thumb Code     0  startup_stm32f746xx.o(.text)
    DMA1_Stream1_IRQHandler                  0x080002af   Thumb Code     0  startup_stm32f746xx.o(.text)
    DMA1_Stream2_IRQHandler                  0x080002af   Thumb Code     0  startup_stm32f746xx.o(.text)
    DMA1_Stream3_IRQHandler                  0x080002af   Thumb Code     0  startup_stm32f746xx.o(.text)
    DMA1_Stream4_IRQHandler                  0x080002af   Thumb Code     0  startup_stm32f746xx.o(.text)
    DMA1_Stream5_IRQHandler                  0x080002af   Thumb Code     0  startup_stm32f746xx.o(.text)
    DMA1_Stream6_IRQHandler                  0x080002af   Thumb Code     0  startup_stm32f746xx.o(.text)
    DMA1_Stream7_IRQHandler                  0x080002af   Thumb Code     0  startup_stm32f746xx.o(.text)
    DMA2D_IRQHandler                         0x080002af   Thumb Code     0  startup_stm32f746xx.o(.text)
    DMA2_Stream0_IRQHandler                  0x080002af   Thumb Code     0  startup_stm32f746xx.o(.text)
    DMA2_Stream1_IRQHandler                  0x080002af   Thumb Code     0  startup_stm32f746xx.o(.text)
    DMA2_Stream2_IRQHandler                  0x080002af   Thumb Code     0  startup_stm32f746xx.o(.text)
    DMA2_Stream3_IRQHandler                  0x080002af   Thumb Code     0  startup_stm32f746xx.o(.text)
    DMA2_Stream4_IRQHandler                  0x080002af   Thumb Code     0  startup_stm32f746xx.o(.text)
    DMA2_Stream5_IRQHandler                  0x080002af   Thumb Code     0  startup_stm32f746xx.o(.text)
    DMA2_Stream6_IRQHandler                  0x080002af   Thumb Code     0  startup_stm32f746xx.o(.text)
    DMA2_Stream7_IRQHandler                  0x080002af   Thumb Code     0  startup_stm32f746xx.o(.text)
    ETH_IRQHandler                           0x080002af   Thumb Code     0  startup_stm32f746xx.o(.text)
    ETH_WKUP_IRQHandler                      0x080002af   Thumb Code     0  startup_stm32f746xx.o(.text)
    EXTI0_IRQHandler                         0x080002af   Thumb Code     0  startup_stm32f746xx.o(.text)
    EXTI15_10_IRQHandler                     0x080002af   Thumb Code     0  startup_stm32f746xx.o(.text)
    EXTI1_IRQHandler                         0x080002af   Thumb Code     0  startup_stm32f746xx.o(.text)
    EXTI2_IRQHandler                         0x080002af   Thumb Code     0  startup_stm32f746xx.o(.text)
    EXTI3_IRQHandler                         0x080002af   Thumb Code     0  startup_stm32f746xx.o(.text)
    EXTI4_IRQHandler                         0x080002af   Thumb Code     0  startup_stm32f746xx.o(.text)
    EXTI9_5_IRQHandler                       0x080002af   Thumb Code     0  startup_stm32f746xx.o(.text)
    FLASH_IRQHandler                         0x080002af   Thumb Code     0  startup_stm32f746xx.o(.text)
    FMC_IRQHandler                           0x080002af   Thumb Code     0  startup_stm32f746xx.o(.text)
    FPU_IRQHandler                           0x080002af   Thumb Code     0  startup_stm32f746xx.o(.text)
    I2C1_ER_IRQHandler                       0x080002af   Thumb Code     0  startup_stm32f746xx.o(.text)
    I2C1_EV_IRQHandler                       0x080002af   Thumb Code     0  startup_stm32f746xx.o(.text)
    I2C2_ER_IRQHandler                       0x080002af   Thumb Code     0  startup_stm32f746xx.o(.text)
    I2C2_EV_IRQHandler                       0x080002af   Thumb Code     0  startup_stm32f746xx.o(.text)
    I2C3_ER_IRQHandler                       0x080002af   Thumb Code     0  startup_stm32f746xx.o(.text)
    I2C3_EV_IRQHandler                       0x080002af   Thumb Code     0  startup_stm32f746xx.o(.text)
    I2C4_ER_IRQHandler                       0x080002af   Thumb Code     0  startup_stm32f746xx.o(.text)
    I2C4_EV_IRQHandler                       0x080002af   Thumb Code     0  startup_stm32f746xx.o(.text)
    LPTIM1_IRQHandler                        0x080002af   Thumb Code     0  startup_stm32f746xx.o(.text)
    LTDC_ER_IRQHandler                       0x080002af   Thumb Code     0  startup_stm32f746xx.o(.text)
    LTDC_IRQHandler                          0x080002af   Thumb Code     0  startup_stm32f746xx.o(.text)
    OTG_FS_IRQHandler                        0x080002af   Thumb Code     0  startup_stm32f746xx.o(.text)
    OTG_FS_WKUP_IRQHandler                   0x080002af   Thumb Code     0  startup_stm32f746xx.o(.text)
    OTG_HS_EP1_IN_IRQHandler                 0x080002af   Thumb Code     0  startup_stm32f746xx.o(.text)
    OTG_HS_EP1_OUT_IRQHandler                0x080002af   Thumb Code     0  startup_stm32f746xx.o(.text)
    OTG_HS_IRQHandler                        0x080002af   Thumb Code     0  startup_stm32f746xx.o(.text)
    OTG_HS_WKUP_IRQHandler                   0x080002af   Thumb Code     0  startup_stm32f746xx.o(.text)
    PVD_IRQHandler                           0x080002af   Thumb Code     0  startup_stm32f746xx.o(.text)
    QUADSPI_IRQHandler                       0x080002af   Thumb Code     0  startup_stm32f746xx.o(.text)
    RCC_IRQHandler                           0x080002af   Thumb Code     0  startup_stm32f746xx.o(.text)
    RNG_IRQHandler                           0x080002af   Thumb Code     0  startup_stm32f746xx.o(.text)
    RTC_Alarm_IRQHandler                     0x080002af   Thumb Code     0  startup_stm32f746xx.o(.text)
    RTC_WKUP_IRQHandler                      0x080002af   Thumb Code     0  startup_stm32f746xx.o(.text)
    SAI1_IRQHandler                          0x080002af   Thumb Code     0  startup_stm32f746xx.o(.text)
    SAI2_IRQHandler                          0x080002af   Thumb Code     0  startup_stm32f746xx.o(.text)
    SDMMC1_IRQHandler                        0x080002af   Thumb Code     0  startup_stm32f746xx.o(.text)
    SPDIF_RX_IRQHandler                      0x080002af   Thumb Code     0  startup_stm32f746xx.o(.text)
    SPI1_IRQHandler                          0x080002af   Thumb Code     0  startup_stm32f746xx.o(.text)
    SPI2_IRQHandler                          0x080002af   Thumb Code     0  startup_stm32f746xx.o(.text)
    SPI3_IRQHandler                          0x080002af   Thumb Code     0  startup_stm32f746xx.o(.text)
    SPI4_IRQHandler                          0x080002af   Thumb Code     0  startup_stm32f746xx.o(.text)
    SPI5_IRQHandler                          0x080002af   Thumb Code     0  startup_stm32f746xx.o(.text)
    SPI6_IRQHandler                          0x080002af   Thumb Code     0  startup_stm32f746xx.o(.text)
    TAMP_STAMP_IRQHandler                    0x080002af   Thumb Code     0  startup_stm32f746xx.o(.text)
    TIM1_BRK_TIM9_IRQHandler                 0x080002af   Thumb Code     0  startup_stm32f746xx.o(.text)
    TIM1_CC_IRQHandler                       0x080002af   Thumb Code     0  startup_stm32f746xx.o(.text)
    TIM1_TRG_COM_TIM11_IRQHandler            0x080002af   Thumb Code     0  startup_stm32f746xx.o(.text)
    TIM1_UP_TIM10_IRQHandler                 0x080002af   Thumb Code     0  startup_stm32f746xx.o(.text)
    TIM2_IRQHandler                          0x080002af   Thumb Code     0  startup_stm32f746xx.o(.text)
    TIM3_IRQHandler                          0x080002af   Thumb Code     0  startup_stm32f746xx.o(.text)
    TIM4_IRQHandler                          0x080002af   Thumb Code     0  startup_stm32f746xx.o(.text)
    TIM5_IRQHandler                          0x080002af   Thumb Code     0  startup_stm32f746xx.o(.text)
    TIM6_DAC_IRQHandler                      0x080002af   Thumb Code     0  startup_stm32f746xx.o(.text)
    TIM7_IRQHandler                          0x080002af   Thumb Code     0  startup_stm32f746xx.o(.text)
    TIM8_BRK_TIM12_IRQHandler                0x080002af   Thumb Code     0  startup_stm32f746xx.o(.text)
    TIM8_CC_IRQHandler                       0x080002af   Thumb Code     0  startup_stm32f746xx.o(.text)
    TIM8_TRG_COM_TIM14_IRQHandler            0x080002af   Thumb Code     0  startup_stm32f746xx.o(.text)
    TIM8_UP_TIM13_IRQHandler                 0x080002af   Thumb Code     0  startup_stm32f746xx.o(.text)
    UART4_IRQHandler                         0x080002af   Thumb Code     0  startup_stm32f746xx.o(.text)
    UART5_IRQHandler                         0x080002af   Thumb Code     0  startup_stm32f746xx.o(.text)
    UART7_IRQHandler                         0x080002af   Thumb Code     0  startup_stm32f746xx.o(.text)
    UART8_IRQHandler                         0x080002af   Thumb Code     0  startup_stm32f746xx.o(.text)
    USART1_IRQHandler                        0x080002af   Thumb Code     0  startup_stm32f746xx.o(.text)
    USART2_IRQHandler                        0x080002af   Thumb Code     0  startup_stm32f746xx.o(.text)
    USART3_IRQHandler                        0x080002af   Thumb Code     0  startup_stm32f746xx.o(.text)
    WWDG_IRQHandler                          0x080002af   Thumb Code     0  startup_stm32f746xx.o(.text)
    __user_initial_stackheap                 0x080002b1   Thumb Code     0  startup_stm32f746xx.o(.text)
    __aeabi_uldivmod                         0x080002d5   Thumb Code     0  lludivv7m.o(.text)
    _ll_udiv                                 0x080002d5   Thumb Code   240  lludivv7m.o(.text)
    __use_two_region_memory                  0x080003c5   Thumb Code     2  heapauxi.o(.text)
    __rt_heap_escrow$2region                 0x080003c7   Thumb Code     2  heapauxi.o(.text)
    __rt_heap_expand$2region                 0x080003c9   Thumb Code     2  heapauxi.o(.text)
    __user_setup_stackheap                   0x080003cb   Thumb Code    74  sys_stackheap_outer.o(.text)
    exit                                     0x08000415   Thumb Code    18  exit.o(.text)
    __user_libspace                          0x08000429   Thumb Code     8  libspace.o(.text)
    __user_perproc_libspace                  0x08000429   Thumb Code     0  libspace.o(.text)
    __user_perthread_libspace                0x08000429   Thumb Code     0  libspace.o(.text)
    BusFault_Handler                         0x08000431   Thumb Code     2  stm32f7xx_it.o(.text.BusFault_Handler)
    DebugMon_Handler                         0x08000439   Thumb Code     2  stm32f7xx_it.o(.text.DebugMon_Handler)
    HAL_DMA_Abort                            0x08000441   Thumb Code   142  stm32f7xx_hal_dma.o(.text.HAL_DMA_Abort)
    HAL_DMA_Abort_IT                         0x080004d1   Thumb Code    36  stm32f7xx_hal_dma.o(.text.HAL_DMA_Abort_IT)
    HAL_Delay                                0x080004f9   Thumb Code    40  stm32f7xx_hal.o(.text.HAL_Delay)
    HAL_GPIO_Init                            0x08000521   Thumb Code   426  stm32f7xx_hal_gpio.o(.text.HAL_GPIO_Init)
    HAL_GPIO_TogglePin                       0x080006d1   Thumb Code    16  stm32f7xx_hal_gpio.o(.text.HAL_GPIO_TogglePin)
    HAL_GPIO_WritePin                        0x080006e1   Thumb Code    10  stm32f7xx_hal_gpio.o(.text.HAL_GPIO_WritePin)
    HAL_GetTick                              0x080006f1   Thumb Code    12  stm32f7xx_hal.o(.text.HAL_GetTick)
    HAL_IncTick                              0x08000701   Thumb Code    26  stm32f7xx_hal.o(.text.HAL_IncTick)
    HAL_Init                                 0x08000721   Thumb Code    22  stm32f7xx_hal.o(.text.HAL_Init)
    HAL_InitTick                             0x08000739   Thumb Code    72  stm32f7xx_hal.o(.text.HAL_InitTick)
    HAL_MspInit                              0x08000781   Thumb Code    54  stm32f7xx_hal_msp.o(.text.HAL_MspInit)
    HAL_NVIC_SetPriority                     0x080007b9   Thumb Code    90  stm32f7xx_hal_cortex.o(.text.HAL_NVIC_SetPriority)
    HAL_NVIC_SetPriorityGrouping             0x08000819   Thumb Code    32  stm32f7xx_hal_cortex.o(.text.HAL_NVIC_SetPriorityGrouping)
    HAL_PWREx_EnableOverDrive                0x08000839   Thumb Code   118  stm32f7xx_hal_pwr_ex.o(.text.HAL_PWREx_EnableOverDrive)
    HAL_RCC_ClockConfig                      0x080008b1   Thumb Code   494  stm32f7xx_hal_rcc.o(.text.HAL_RCC_ClockConfig)
    HAL_RCC_OscConfig                        0x08000aa1   Thumb Code   972  stm32f7xx_hal_rcc.o(.text.HAL_RCC_OscConfig)
    HAL_SYSTICK_Config                       0x08000e71   Thumb Code    46  stm32f7xx_hal_cortex.o(.text.HAL_SYSTICK_Config)
    HAL_UARTEx_RxEventCallback               0x08000ea1   Thumb Code     2  stm32f7xx_hal_uart.o(.text.HAL_UARTEx_RxEventCallback)
    HAL_UART_ErrorCallback                   0x08000ea9   Thumb Code     2  stm32f7xx_hal_uart.o(.text.HAL_UART_ErrorCallback)
    HAL_UART_IRQHandler                      0x08000eb1   Thumb Code  1526  stm32f7xx_hal_uart.o(.text.HAL_UART_IRQHandler)
    HAL_UART_TxCpltCallback                  0x080014a9   Thumb Code     2  stm32f7xx_hal_uart.o(.text.HAL_UART_TxCpltCallback)
    HardFault_Handler                        0x080014b1   Thumb Code     2  stm32f7xx_it.o(.text.HardFault_Handler)
    MX_GPIO_Init                             0x080014b9   Thumb Code   198  gpio.o(.text.MX_GPIO_Init)
    MemManage_Handler                        0x08001581   Thumb Code     2  stm32f7xx_it.o(.text.MemManage_Handler)
    NMI_Handler                              0x08001589   Thumb Code     2  stm32f7xx_it.o(.text.NMI_Handler)
    PendSV_Handler                           0x08001591   Thumb Code     2  stm32f7xx_it.o(.text.PendSV_Handler)
    SVC_Handler                              0x08001599   Thumb Code     2  stm32f7xx_it.o(.text.SVC_Handler)
    SysTick_Handler                          0x080015a1   Thumb Code     4  stm32f7xx_it.o(.text.SysTick_Handler)
    SystemInit                               0x080015a9   Thumb Code    18  system_stm32f7xx.o(.text.SystemInit)
    USART6_IRQHandler                        0x080015d1   Thumb Code    12  stm32f7xx_it.o(.text.USART6_IRQHandler)
    UsageFault_Handler                       0x080015e1   Thumb Code     2  stm32f7xx_it.o(.text.UsageFault_Handler)
    SystemClock_Config()                     0x080015e9   Thumb Code   186  main.o(.text._Z18SystemClock_Configv)
    _sys_exit                                0x080016a9   Thumb Code     2  usart.o(.text._sys_exit)
    main                                     0x080016b1   Thumb Code    50  main.o(.text.main)
    _fp_init                                 0x080016e3   Thumb Code    26  fpinit.o(x$fpl$fpinit)
    __fplib_config_fpu_vfp                   0x080016fb   Thumb Code     0  fpinit.o(x$fpl$fpinit)
    __fplib_config_pureend_doubles           0x080016fb   Thumb Code     0  fpinit.o(x$fpl$fpinit)
    AHBPrescTable                            0x080016fc   Data          16  system_stm32f7xx.o(.rodata.AHBPrescTable)
    Region$$Table$$Base                      0x0800170c   Number         0  anon$$obj.o(Region$$Table)
    Region$$Table$$Limit                     0x0800172c   Number         0  anon$$obj.o(Region$$Table)
    uwTickFreq                               0x20000000   Data           1  stm32f7xx_hal.o(.data..L_MergedGlobals)
    uwTickPrio                               0x20000004   Data           4  stm32f7xx_hal.o(.data..L_MergedGlobals)
    SystemCoreClock                          0x20000008   Data           4  system_stm32f7xx.o(.data.SystemCoreClock)
    __libspace_start                         0x20000010   Data          96  libspace.o(.bss)
    __temporary_stack_top$libspace           0x20000070   Data           0  libspace.o(.bss)
    huart6                                   0x20000070   Data         136  usart.o(.bss.huart6)
    uwTick                                   0x200000f8   Data           4  stm32f7xx_hal.o(.bss.uwTick)



==============================================================================

Memory Map of the image

  Image Entry point : 0x080001c9

  Load Region LR_IROM1 (Base: 0x08000000, Size: 0x00001740, Max: 0x00100000, ABSOLUTE)

    Execution Region ER_IROM1 (Exec base: 0x08000000, Load base: 0x08000000, Size: 0x0000172c, Max: 0x00100000, ABSOLUTE)

    Exec Addr    Load Addr    Size         Type   Attr      Idx    E Section Name        Object

    0x08000000   0x08000000   0x000001c8   Data   RO            3    RESET               startup_stm32f746xx.o
    0x080001c8   0x080001c8   0x00000008   Code   RO          837  * !!!main             c_w.l(__main.o)
    0x080001d0   0x080001d0   0x0000005c   Code   RO         1008    !!!scatter          c_w.l(__scatter.o)
    0x0800022c   0x0800022c   0x0000001a   Code   RO         1012    !!handler_copy      c_w.l(__scatter_copy.o)
    0x08000246   0x08000246   0x00000002   PAD
    0x08000248   0x08000248   0x00000002   Code   RO         1009    !!handler_null      c_w.l(__scatter.o)
    0x0800024a   0x0800024a   0x00000002   PAD
    0x0800024c   0x0800024c   0x0000001c   Code   RO         1014    !!handler_zi        c_w.l(__scatter_zi.o)
    0x08000268   0x08000268   0x00000002   Code   RO          874    .ARM.Collect$$libinit$$00000000  c_w.l(libinit.o)
    0x0800026a   0x0800026a   0x00000004   Code   RO          886    .ARM.Collect$$libinit$$00000001  c_w.l(libinit2.o)
    0x0800026e   0x0800026e   0x00000000   Code   RO          889    .ARM.Collect$$libinit$$00000004  c_w.l(libinit2.o)
    0x0800026e   0x0800026e   0x00000000   Code   RO          891    .ARM.Collect$$libinit$$00000006  c_w.l(libinit2.o)
    0x0800026e   0x0800026e   0x00000000   Code   RO          894    .ARM.Collect$$libinit$$0000000C  c_w.l(libinit2.o)
    0x0800026e   0x0800026e   0x00000000   Code   RO          896    .ARM.Collect$$libinit$$0000000E  c_w.l(libinit2.o)
    0x0800026e   0x0800026e   0x00000000   Code   RO          898    .ARM.Collect$$libinit$$00000010  c_w.l(libinit2.o)
    0x0800026e   0x0800026e   0x00000000   Code   RO          901    .ARM.Collect$$libinit$$00000013  c_w.l(libinit2.o)
    0x0800026e   0x0800026e   0x00000000   Code   RO          903    .ARM.Collect$$libinit$$00000015  c_w.l(libinit2.o)
    0x0800026e   0x0800026e   0x00000000   Code   RO          905    .ARM.Collect$$libinit$$00000017  c_w.l(libinit2.o)
    0x0800026e   0x0800026e   0x00000000   Code   RO          907    .ARM.Collect$$libinit$$00000019  c_w.l(libinit2.o)
    0x0800026e   0x0800026e   0x00000000   Code   RO          909    .ARM.Collect$$libinit$$0000001B  c_w.l(libinit2.o)
    0x0800026e   0x0800026e   0x00000000   Code   RO          911    .ARM.Collect$$libinit$$0000001D  c_w.l(libinit2.o)
    0x0800026e   0x0800026e   0x00000000   Code   RO          913    .ARM.Collect$$libinit$$0000001F  c_w.l(libinit2.o)
    0x0800026e   0x0800026e   0x00000000   Code   RO          915    .ARM.Collect$$libinit$$00000021  c_w.l(libinit2.o)
    0x0800026e   0x0800026e   0x00000000   Code   RO          917    .ARM.Collect$$libinit$$00000023  c_w.l(libinit2.o)
    0x0800026e   0x0800026e   0x00000000   Code   RO          919    .ARM.Collect$$libinit$$00000025  c_w.l(libinit2.o)
    0x0800026e   0x0800026e   0x00000000   Code   RO          921    .ARM.Collect$$libinit$$00000027  c_w.l(libinit2.o)
    0x0800026e   0x0800026e   0x00000000   Code   RO          925    .ARM.Collect$$libinit$$0000002E  c_w.l(libinit2.o)
    0x0800026e   0x0800026e   0x00000000   Code   RO          927    .ARM.Collect$$libinit$$00000030  c_w.l(libinit2.o)
    0x0800026e   0x0800026e   0x00000000   Code   RO          929    .ARM.Collect$$libinit$$00000032  c_w.l(libinit2.o)
    0x0800026e   0x0800026e   0x00000000   Code   RO          931    .ARM.Collect$$libinit$$00000034  c_w.l(libinit2.o)
    0x0800026e   0x0800026e   0x00000002   Code   RO          932    .ARM.Collect$$libinit$$00000035  c_w.l(libinit2.o)
    0x08000270   0x08000270   0x00000002   Code   RO          960    .ARM.Collect$$libshutdown$$00000000  c_w.l(libshutdown.o)
    0x08000272   0x08000272   0x00000000   Code   RO          991    .ARM.Collect$$libshutdown$$00000002  c_w.l(libshutdown2.o)
    0x08000272   0x08000272   0x00000000   Code   RO          993    .ARM.Collect$$libshutdown$$00000004  c_w.l(libshutdown2.o)
    0x08000272   0x08000272   0x00000000   Code   RO          996    .ARM.Collect$$libshutdown$$00000007  c_w.l(libshutdown2.o)
    0x08000272   0x08000272   0x00000000   Code   RO          999    .ARM.Collect$$libshutdown$$0000000A  c_w.l(libshutdown2.o)
    0x08000272   0x08000272   0x00000000   Code   RO         1001    .ARM.Collect$$libshutdown$$0000000C  c_w.l(libshutdown2.o)
    0x08000272   0x08000272   0x00000000   Code   RO         1004    .ARM.Collect$$libshutdown$$0000000F  c_w.l(libshutdown2.o)
    0x08000272   0x08000272   0x00000002   Code   RO         1005    .ARM.Collect$$libshutdown$$00000010  c_w.l(libshutdown2.o)
    0x08000274   0x08000274   0x00000000   Code   RO          839    .ARM.Collect$$rtentry$$00000000  c_w.l(__rtentry.o)
    0x08000274   0x08000274   0x00000000   Code   RO          845    .ARM.Collect$$rtentry$$00000002  c_w.l(__rtentry2.o)
    0x08000274   0x08000274   0x00000006   Code   RO          857    .ARM.Collect$$rtentry$$00000004  c_w.l(__rtentry4.o)
    0x0800027a   0x0800027a   0x00000000   Code   RO          847    .ARM.Collect$$rtentry$$00000009  c_w.l(__rtentry2.o)
    0x0800027a   0x0800027a   0x00000004   Code   RO          848    .ARM.Collect$$rtentry$$0000000A  c_w.l(__rtentry2.o)
    0x0800027e   0x0800027e   0x00000000   Code   RO          850    .ARM.Collect$$rtentry$$0000000C  c_w.l(__rtentry2.o)
    0x0800027e   0x0800027e   0x00000008   Code   RO          851    .ARM.Collect$$rtentry$$0000000D  c_w.l(__rtentry2.o)
    0x08000286   0x08000286   0x00000002   Code   RO          878    .ARM.Collect$$rtexit$$00000000  c_w.l(rtexit.o)
    0x08000288   0x08000288   0x00000000   Code   RO          934    .ARM.Collect$$rtexit$$00000002  c_w.l(rtexit2.o)
    0x08000288   0x08000288   0x00000004   Code   RO          935    .ARM.Collect$$rtexit$$00000003  c_w.l(rtexit2.o)
    0x0800028c   0x0800028c   0x00000006   Code   RO          936    .ARM.Collect$$rtexit$$00000004  c_w.l(rtexit2.o)
    0x08000292   0x08000292   0x00000002   PAD
    0x08000294   0x08000294   0x00000040   Code   RO            4    .text               startup_stm32f746xx.o
    0x080002d4   0x080002d4   0x000000f0   Code   RO          831    .text               c_w.l(lludivv7m.o)
    0x080003c4   0x080003c4   0x00000006   Code   RO          835    .text               c_w.l(heapauxi.o)
    0x080003ca   0x080003ca   0x0000004a   Code   RO          861    .text               c_w.l(sys_stackheap_outer.o)
    0x08000414   0x08000414   0x00000012   Code   RO          863    .text               c_w.l(exit.o)
    0x08000426   0x08000426   0x00000002   PAD
    0x08000428   0x08000428   0x00000008   Code   RO          875    .text               c_w.l(libspace.o)
    0x08000430   0x08000430   0x00000002   Code   RO           49    .text.BusFault_Handler  stm32f7xx_it.o
    0x08000432   0x08000432   0x00000006   PAD
    0x08000438   0x08000438   0x00000002   Code   RO           55    .text.DebugMon_Handler  stm32f7xx_it.o
    0x0800043a   0x0800043a   0x00000006   PAD
    0x08000440   0x08000440   0x0000008e   Code   RO          438    .text.HAL_DMA_Abort  stm32f7xx_hal_dma.o
    0x080004ce   0x080004ce   0x00000002   PAD
    0x080004d0   0x080004d0   0x00000024   Code   RO          440    .text.HAL_DMA_Abort_IT  stm32f7xx_hal_dma.o
    0x080004f4   0x080004f4   0x00000004   PAD
    0x080004f8   0x080004f8   0x00000028   Code   RO          573    .text.HAL_Delay     stm32f7xx_hal.o
    0x08000520   0x08000520   0x000001aa   Code   RO          406    .text.HAL_GPIO_Init  stm32f7xx_hal_gpio.o
    0x080006ca   0x080006ca   0x00000006   PAD
    0x080006d0   0x080006d0   0x00000010   Code   RO          414    .text.HAL_GPIO_TogglePin  stm32f7xx_hal_gpio.o
    0x080006e0   0x080006e0   0x0000000a   Code   RO          412    .text.HAL_GPIO_WritePin  stm32f7xx_hal_gpio.o
    0x080006ea   0x080006ea   0x00000006   PAD
    0x080006f0   0x080006f0   0x0000000c   Code   RO          565    .text.HAL_GetTick   stm32f7xx_hal.o
    0x080006fc   0x080006fc   0x00000004   PAD
    0x08000700   0x08000700   0x0000001a   Code   RO          563    .text.HAL_IncTick   stm32f7xx_hal.o
    0x0800071a   0x0800071a   0x00000006   PAD
    0x08000720   0x08000720   0x00000016   Code   RO          553    .text.HAL_Init      stm32f7xx_hal.o
    0x08000736   0x08000736   0x00000002   PAD
    0x08000738   0x08000738   0x00000048   Code   RO          555    .text.HAL_InitTick  stm32f7xx_hal.o
    0x08000780   0x08000780   0x00000036   Code   RO           70    .text.HAL_MspInit   stm32f7xx_hal_msp.o
    0x080007b6   0x080007b6   0x00000002   PAD
    0x080007b8   0x080007b8   0x0000005a   Code   RO           96    .text.HAL_NVIC_SetPriority  stm32f7xx_hal_cortex.o
    0x08000812   0x08000812   0x00000006   PAD
    0x08000818   0x08000818   0x00000020   Code   RO           94    .text.HAL_NVIC_SetPriorityGrouping  stm32f7xx_hal_cortex.o
    0x08000838   0x08000838   0x00000076   Code   RO          535    .text.HAL_PWREx_EnableOverDrive  stm32f7xx_hal_pwr_ex.o
    0x080008ae   0x080008ae   0x00000002   PAD
    0x080008b0   0x080008b0   0x000001ee   Code   RO          301    .text.HAL_RCC_ClockConfig  stm32f7xx_hal_rcc.o
    0x08000a9e   0x08000a9e   0x00000002   PAD
    0x08000aa0   0x08000aa0   0x000003cc   Code   RO          299    .text.HAL_RCC_OscConfig  stm32f7xx_hal_rcc.o
    0x08000e6c   0x08000e6c   0x00000004   PAD
    0x08000e70   0x08000e70   0x0000002e   Code   RO          106    .text.HAL_SYSTICK_Config  stm32f7xx_hal_cortex.o
    0x08000e9e   0x08000e9e   0x00000002   PAD
    0x08000ea0   0x08000ea0   0x00000002   Code   RO          228    .text.HAL_UARTEx_RxEventCallback  stm32f7xx_hal_uart.o
    0x08000ea2   0x08000ea2   0x00000006   PAD
    0x08000ea8   0x08000ea8   0x00000002   Code   RO          226    .text.HAL_UART_ErrorCallback  stm32f7xx_hal_uart.o
    0x08000eaa   0x08000eaa   0x00000006   PAD
    0x08000eb0   0x08000eb0   0x000005f6   Code   RO          222    .text.HAL_UART_IRQHandler  stm32f7xx_hal_uart.o
    0x080014a6   0x080014a6   0x00000002   PAD
    0x080014a8   0x080014a8   0x00000002   Code   RO          230    .text.HAL_UART_TxCpltCallback  stm32f7xx_hal_uart.o
    0x080014aa   0x080014aa   0x00000006   PAD
    0x080014b0   0x080014b0   0x00000002   Code   RO           45    .text.HardFault_Handler  stm32f7xx_it.o
    0x080014b2   0x080014b2   0x00000006   PAD
    0x080014b8   0x080014b8   0x000000c6   Code   RO           11    .text.MX_GPIO_Init  gpio.o
    0x0800157e   0x0800157e   0x00000002   PAD
    0x08001580   0x08001580   0x00000002   Code   RO           47    .text.MemManage_Handler  stm32f7xx_it.o
    0x08001582   0x08001582   0x00000006   PAD
    0x08001588   0x08001588   0x00000002   Code   RO           43    .text.NMI_Handler   stm32f7xx_it.o
    0x0800158a   0x0800158a   0x00000006   PAD
    0x08001590   0x08001590   0x00000002   Code   RO           57    .text.PendSV_Handler  stm32f7xx_it.o
    0x08001592   0x08001592   0x00000006   PAD
    0x08001598   0x08001598   0x00000002   Code   RO           53    .text.SVC_Handler   stm32f7xx_it.o
    0x0800159a   0x0800159a   0x00000006   PAD
    0x080015a0   0x080015a0   0x00000004   Code   RO           59    .text.SysTick_Handler  stm32f7xx_it.o
    0x080015a4   0x080015a4   0x00000004   PAD
    0x080015a8   0x080015a8   0x00000012   Code   RO          815    .text.SystemInit    system_stm32f7xx.o
    0x080015ba   0x080015ba   0x00000006   PAD
    0x080015c0   0x080015c0   0x00000010   Code   RO          224    .text.UART_DMAAbortOnError  stm32f7xx_hal_uart.o
    0x080015d0   0x080015d0   0x0000000c   Code   RO           61    .text.USART6_IRQHandler  stm32f7xx_it.o
    0x080015dc   0x080015dc   0x00000004   PAD
    0x080015e0   0x080015e0   0x00000002   Code   RO           51    .text.UsageFault_Handler  stm32f7xx_it.o
    0x080015e2   0x080015e2   0x00000006   PAD
    0x080015e8   0x080015e8   0x000000ba   Code   RO           81    .text._Z18SystemClock_Configv  main.o
    0x080016a2   0x080016a2   0x00000006   PAD
    0x080016a8   0x080016a8   0x00000002   Code   RO           29    .text._sys_exit     usart.o
    0x080016aa   0x080016aa   0x00000006   PAD
    0x080016b0   0x080016b0   0x00000032   Code   RO           79    .text.main          main.o
    0x080016e2   0x080016e2   0x0000001a   Code   RO          946    x$fpl$fpinit        fz_wm.l(fpinit.o)
    0x080016fc   0x080016fc   0x00000010   Data   RO          820    .rodata.AHBPrescTable  system_stm32f7xx.o
    0x0800170c   0x0800170c   0x00000020   Data   RO         1007    Region$$Table       anon$$obj.o


    Execution Region RW_IRAM1 (Exec base: 0x20000000, Load base: 0x08001730, Size: 0x00000700, Max: 0x00050000, ABSOLUTE)

    Exec Addr    Load Addr    Size         Type   Attr      Idx    E Section Name        Object

    0x20000000   0x08001730   0x00000008   Data   RW          612    .data..L_MergedGlobals  stm32f7xx_hal.o
    0x20000008   0x08001738   0x00000004   Data   RW          819    .data.SystemCoreClock  system_stm32f7xx.o
    0x2000000c   0x0800173c   0x00000004   PAD
    0x20000010        -       0x00000060   Zero   RW          876    .bss                c_w.l(libspace.o)
    0x20000070        -       0x00000088   Zero   RW           33    .bss.huart6         usart.o
    0x200000f8        -       0x00000004   Zero   RW          611    .bss.uwTick         stm32f7xx_hal.o
    0x200000fc   0x0800173c   0x00000004   PAD
    0x20000100        -       0x00000200   Zero   RW            2    HEAP                startup_stm32f746xx.o
    0x20000300        -       0x00000400   Zero   RW            1    STACK               startup_stm32f746xx.o


==============================================================================

Image component sizes


      Code (inc. data)   RO Data    RW Data    ZI Data      Debug   Object Name

       198          0          0          0          0       2523   gpio.o
       236          0          0          0          0       4400   main.o
        64         26        456          0       1536        844   startup_stm32f746xx.o
       172          0          0          8          4       7792   stm32f7xx_hal.o
       168          0          0          0          0      11263   stm32f7xx_hal_cortex.o
       178          0          0          0          0      11088   stm32f7xx_hal_dma.o
       452          0          0          0          0       5235   stm32f7xx_hal_gpio.o
        54          0          0          0          0       1701   stm32f7xx_hal_msp.o
       118          0          0          0          0       5715   stm32f7xx_hal_pwr_ex.o
      1466          0          0          0          0       8424   stm32f7xx_hal_rcc.o
      1548          0          0          0          0      35079   stm32f7xx_hal_uart.o
        32          0          0          0          0       4293   stm32f7xx_it.o
        18          0         16          4          0       3388   system_stm32f7xx.o
         2          0          0          0        136       9988   usart.o

    ----------------------------------------------------------------------
      4850         26        504         12       1684     111733   Object Totals
         0          0         32          0          0          0   (incl. Generated)
       144          0          0          0          8          0   (incl. Padding)

    ----------------------------------------------------------------------

      Code (inc. data)   RO Data    RW Data    ZI Data      Debug   Library Member Name

         8          0          0          0          0         68   __main.o
         0          0          0          0          0          0   __rtentry.o
        12          0          0          0          0          0   __rtentry2.o
         6          0          0          0          0          0   __rtentry4.o
        94          8          0          0          0          0   __scatter.o
        26          0          0          0          0          0   __scatter_copy.o
        28          0          0          0          0          0   __scatter_zi.o
        18          0          0          0          0         80   exit.o
         6          0          0          0          0        152   heapauxi.o
         2          0          0          0          0          0   libinit.o
         6          0          0          0          0          0   libinit2.o
         2          0          0          0          0          0   libshutdown.o
         2          0          0          0          0          0   libshutdown2.o
         8          4          0          0         96         68   libspace.o
       240          0          0          0          0        100   lludivv7m.o
         2          0          0          0          0          0   rtexit.o
        10          0          0          0          0          0   rtexit2.o
        74          0          0          0          0         80   sys_stackheap_outer.o
        26          0          0          0          0        116   fpinit.o

    ----------------------------------------------------------------------
       578         12          0          0         96        664   Library Totals
         8          0          0          0          0          0   (incl. Padding)

    ----------------------------------------------------------------------

      Code (inc. data)   RO Data    RW Data    ZI Data      Debug   Library Name

       544         12          0          0         96        548   c_w.l
        26          0          0          0          0        116   fz_wm.l

    ----------------------------------------------------------------------
       578         12          0          0         96        664   Library Totals

    ----------------------------------------------------------------------

==============================================================================


      Code (inc. data)   RO Data    RW Data    ZI Data      Debug   

      5428         38        504         12       1780     112121   Grand Totals
      5428         38        504         12       1780     112121   ELF Image Totals
      5428         38        504         12          0          0   ROM Totals

==============================================================================

    Total RO  Size (Code + RO Data)                 5932 (   5.79kB)
    Total RW  Size (RW Data + ZI Data)              1792 (   1.75kB)
    Total ROM Size (Code + RO Data + RW Data)       5944 (   5.80kB)

==============================================================================

