<html>
<body>
<pre>
<h1>µVision Build Log</h1>
<h2>Tool Versions:</h2>
IDE-Version: ¦ÌVision V5.39.0.0
Copyright (C) 2023 ARM Ltd and ARM Germany GmbH. All rights reserved.
License Information: F F, F, LIC=X96CK-ZM6A6-LQI0Q-NSNDW-HFE8T-BYI38
 
Tool Versions:
Toolchain:       MDK-ARM Plus  Version: 5.39.0.0
Toolchain Path:  D:\Keil_v5\ARM\ARMCLANG\Bin
C Compiler:      ArmClang.exe V6.21
Assembler:       Armasm.exe V6.21
Linker/Locator:  ArmLink.exe V6.21
Library Manager: ArmAr.exe V6.21
Hex Converter:   FromElf.exe V6.21
CPU DLL:         SARMCM3.DLL V5.39.0.0
Dialog DLL:      DCM.DLL V1.17.5.0
Target DLL:      STLink\ST-LINKIII-KEIL_SWO.dll V3.2.0.0
Dialog DLL:      TCM.DLL V1.56.4.0
 
<h2>Project:</h2>
C:\Users\23110\Desktop\SW-Runtime1111\SW-Runtime\MDK-ARM\LED.uvprojx
Project File Date:  04/19/2024

<h2>Output:</h2>
*** Using Compiler 'V6.21', folder: 'D:\Keil_v5\ARM\ARMCLANG\Bin'
Build target 'LED'
compiling stm32f7xx_hal_msp.c...
compiling gpio.c...
compiling stm32f7xx_hal_tim.c...
compiling stm32f7xx_it.c...
compiling stm32f7xx_hal_tim_ex.c...
compiling usart.c...
compiling main.cc...
compiling stm32f7xx_hal_cortex.c...
compiling stm32f7xx_hal_uart_ex.c...
compiling stm32f7xx_hal_flash.c...
compiling stm32f7xx_hal_gpio.c...
compiling stm32f7xx_hal_rcc.c...
compiling stm32f7xx_hal_flash_ex.c...
compiling stm32f7xx_hal_rcc_ex.c...
compiling stm32f7xx_hal_dma.c...
compiling stm32f7xx_hal_pwr.c...
compiling stm32f7xx_hal_dma_ex.c...
compiling stm32f7xx_hal_pwr_ex.c...
compiling stm32f7xx_hal_i2c_ex.c...
compiling stm32f7xx_hal.c...
compiling stm32f7xx_hal_uart.c...
compiling stm32f7xx_hal_exti.c...
compiling stm32f7xx_ll_fmc.c...
compiling stm32f7xx_hal_dma2d.c...
compiling stm32f7xx_hal_dcmi_ex.c...
compiling stm32f7xx_hal_dcmi.c...
compiling stm32f7xx_ll_sdmmc.c...
compiling stm32f7xx_hal_sdram.c...
compiling stm32f7xx_hal_sd.c...
compiling stm32f7xx_hal_i2c.c...
compiling stm32f7xx_hal_ltdc_ex.c...
compiling system_stm32f7xx.c...
compiling stm32746g_discovery_camera.c...
compiling stm32746g_discovery.c...
compiling stm32746g_discovery_sd.c...
compiling stm32f7xx_hal_ltdc.c...
compiling ov9655.c...
compiling stm32746g_discovery_sdram.c...
compiling stm32746g_discovery_lcd.c...
linking...
Program Size: Code=8848 RO-data=544 RW-data=12 ZI-data=1780  
FromELF: creating hex file...
"LED\LED.axf" - 0 Error(s), 0 Warning(s).

<h2>Software Packages used:</h2>

Package Vendor: ARM
                http://www.keil.com/pack/ARM.CMSIS.5.9.0.pack
                ARM::CMSIS@5.9.0
                CMSIS (Common Microcontroller Software Interface Standard)
   * Component: CORE Version: 5.6.0

Package Vendor: Keil
                https://www.keil.com/pack/Keil.STM32F7xx_DFP.2.16.0.pack
                Keil::STM32F7xx_DFP@2.16.0
                STMicroelectronics STM32F7 Series Device Support, Drivers and Examples

<h2>Collection of Component include folders:</h2>
  ./RTE/_LED
  D:/Users/23110/AppData/Local/Arm/Packs/ARM/CMSIS/5.9.0/CMSIS/Core/Include
  D:/Users/23110/AppData/Local/Arm/Packs/Keil/STM32F7xx_DFP/2.16.0/Drivers/CMSIS/Device/ST/STM32F7xx/Include

<h2>Collection of Component Files used:</h2>

   * Component: ARM::CMSIS:CORE@5.6.0
      Include file:  CMSIS/Core/Include/tz_context.h
Build Time Elapsed:  00:00:03
</pre>
</body>
</html>
